Component: Arm Compiler for Embedded 6.18 Tool: armlink [5e4cc100]

==============================================================================

Section Cross References

    main.o(.text.main) refers to switch.o(.text.BLU_BTN_INIT) for BLU_BTN_INIT
    main.o(.text.main) refers to switch.o(.text.LED_INIT) for LED_INIT
    main.o(.text.main) refers to lcd.o(.text.initLCD8) for initLCD8
    main.o(.text.main) refers to lcd.o(.text.cmdLCD) for cmdLCD
    main.o(.text.main) refers to adc.o(.text.init_ADC) for init_ADC
    main.o(.text.main) refers to dac.o(.text.init_DAC) for init_DAC
    main.o(.text.main) refers to buzz.o(.text.initBuzz) for initBuzz
    main.o(.text.main) refers to main.o(.rodata.str1.1) for .L.str
    main.o(.text.main) refers to lcd.o(.text.stringLCD) for stringLCD
    main.o(.text.main) refers to lcd.o(.text.decIntToDecStr) for decIntToDecStr
    main.o(.text.main) refers to lcd.o(.text.decIntToHexStr) for decIntToHexStr
    main.o(.text.main) refers to lcd.o(.text.lcd_delayus) for lcd_delayus
    main.o(.text.main) refers to rt_memcpy_v6.o(.text) for __aeabi_memcpy
    main.o(.text.main) refers to dac.o(.text.output_dac1) for output_dac1
    main.o(.text.main) refers to dflt_clz.o(x$fpl$dflt) for __aeabi_i2d
    main.o(.text.main) refers to dmul.o(x$fpl$dmul) for __aeabi_dmul
    main.o(.text.main) refers to d2f.o(x$fpl$d2f) for __aeabi_d2f
    main.o(.text.main) refers to f2d.o(x$fpl$f2d) for __aeabi_f2d
    main.o(.text.main) refers to sin.o(i.__hardfp_sin) for __hardfp_sin
    main.o(.text.main) refers to daddsub_clz.o(x$fpl$dadd) for __aeabi_dadd
    main.o(.text.main) refers to dfix.o(x$fpl$dfix) for __aeabi_d2iz
    main.o(.text.main) refers to dac.o(.text.output_dac2) for output_dac2
    main.o(.text.main) refers to ddiv.o(x$fpl$ddiv) for __aeabi_ddiv
    main.o(.text.main) refers to asin.o(i.__hardfp_asin) for __hardfp_asin
    main.o(.text.main) refers to buzz.o(.text.tempBuzz) for tempBuzz
    main.o(.ARM.exidx.text.main) refers to main.o(.text.main) for [Anonymous Symbol]
    switch.o(.ARM.exidx.text.LED_INIT) refers to switch.o(.text.LED_INIT) for [Anonymous Symbol]
    switch.o(.ARM.exidx.text.BLU_BTN_INIT) refers to switch.o(.text.BLU_BTN_INIT) for [Anonymous Symbol]
    switch.o(.ARM.exidx.text.FOUR_BTN_INIT) refers to switch.o(.text.FOUR_BTN_INIT) for [Anonymous Symbol]
    switch.o(.ARM.exidx.text.Toggle_LED) refers to switch.o(.text.Toggle_LED) for [Anonymous Symbol]
    switch.o(.ARM.exidx.text.readBTNValue) refers to switch.o(.text.readBTNValue) for [Anonymous Symbol]
    lcd.o(.text.lcd_delayus) refers to system_stm32f4xx.o(.data.SystemCoreClock) for SystemCoreClock
    lcd.o(.ARM.exidx.text.lcd_delayus) refers to lcd.o(.text.lcd_delayus) for [Anonymous Symbol]
    lcd.o(.ARM.exidx.text.WaitLCDBusy) refers to lcd.o(.text.WaitLCDBusy) for [Anonymous Symbol]
    lcd.o(.ARM.exidx.text.set_LCD_data) refers to lcd.o(.text.set_LCD_data) for [Anonymous Symbol]
    lcd.o(.text.LCD_strobe) refers to lcd.o(.text.lcd_delayus) for lcd_delayus
    lcd.o(.ARM.exidx.text.LCD_strobe) refers to lcd.o(.text.LCD_strobe) for [Anonymous Symbol]
    lcd.o(.text.LCD_home) refers to lcd.o(.text.cmdLCD) for cmdLCD
    lcd.o(.ARM.exidx.text.LCD_home) refers to lcd.o(.text.LCD_home) for [Anonymous Symbol]
    lcd.o(.text.cmdLCD) refers to lcd.o(.text.WaitLCDBusy) for WaitLCDBusy
    lcd.o(.text.cmdLCD) refers to lcd.o(.text.set_LCD_data) for set_LCD_data
    lcd.o(.text.cmdLCD) refers to lcd.o(.text.LCD_strobe) for LCD_strobe
    lcd.o(.ARM.exidx.text.cmdLCD) refers to lcd.o(.text.cmdLCD) for [Anonymous Symbol]
    lcd.o(.text.putLCD) refers to lcd.o(.text.WaitLCDBusy) for WaitLCDBusy
    lcd.o(.text.putLCD) refers to lcd.o(.text.set_LCD_data) for set_LCD_data
    lcd.o(.text.putLCD) refers to lcd.o(.text.LCD_strobe) for LCD_strobe
    lcd.o(.ARM.exidx.text.putLCD) refers to lcd.o(.text.putLCD) for [Anonymous Symbol]
    lcd.o(.text.stringLCD) refers to lcd.o(.text.WaitLCDBusy) for WaitLCDBusy
    lcd.o(.text.stringLCD) refers to lcd.o(.text.LCD_home) for LCD_home
    lcd.o(.text.stringLCD) refers to lcd.o(.text.cmdLCD) for cmdLCD
    lcd.o(.text.stringLCD) refers to lcd.o(.text.putLCD) for putLCD
    lcd.o(.ARM.exidx.text.stringLCD) refers to lcd.o(.text.stringLCD) for [Anonymous Symbol]
    lcd.o(.text.decIntToDecStr) refers to lcd.o(.rodata.str1.1) for .L.str
    lcd.o(.text.decIntToDecStr) refers to sprintf.o(.text) for sprintf
    lcd.o(.text.decIntToDecStr) refers to dflt_clz.o(x$fpl$dflt) for __aeabi_i2d
    lcd.o(.text.decIntToDecStr) refers to log10.o(i.__hardfp_log10) for __hardfp_log10
    lcd.o(.text.decIntToDecStr) refers to floor.o(i.__hardfp_floor) for __hardfp_floor
    lcd.o(.text.decIntToDecStr) refers to daddsub_clz.o(x$fpl$dadd) for __aeabi_dadd
    lcd.o(.text.decIntToDecStr) refers to dfix.o(x$fpl$dfix) for __aeabi_d2iz
    lcd.o(.ARM.exidx.text.decIntToDecStr) refers to lcd.o(.text.decIntToDecStr) for [Anonymous Symbol]
[...]
    .text                                    0x080005a0   Section        0  _sputc.o(.text)
    .text                                    0x080005ac   Section        0  _printf_wctomb.o(.text)
    .text                                    0x08000668   Section        0  _printf_longlong_dec.o(.text)
    _printf_longlong_oct_internal            0x080006e5   Thumb Code     0  _printf_oct_int_ll.o(.text)
    .text                                    0x080006e4   Section        0  _printf_oct_int_ll.o(.text)
    _printf_hex_common                       0x08000755   Thumb Code     0  _printf_hex_int_ll_ptr.o(.text)
    .text                                    0x08000754   Section        0  _printf_hex_int_ll_ptr.o(.text)
    .text                                    0x080007e8   Section        0  __printf_flags_ss_wp.o(.text)
    .text                                    0x08000970   Section      100  rt_memcpy_w.o(.text)
    .text                                    0x080009d4   Section        8  rt_errno_addr_intlibspace.o(.text)
    .text                                    0x080009dc   Section      138  lludiv10.o(.text)
    .text                                    0x08000a66   Section        0  _printf_intcommon.o(.text)
    _fp_digits                               0x08000b19   Thumb Code   432  _printf_fp_dec.o(.text)
    .text                                    0x08000b18   Section        0  _printf_fp_dec.o(.text)
    .text                                    0x08000f34   Section        0  _printf_fp_hex.o(.text)
    .text                                    0x08001230   Section        0  _printf_char.o(.text)
    .text                                    0x0800125c   Section        0  _printf_wchar.o(.text)
    .text                                    0x08001288   Section        0  _c16rtomb.o(.text)
    .text                                    0x080012d0   Section        8  libspace.o(.text)
    .text                                    0x080012d8   Section       74  sys_stackheap_outer.o(.text)
    .text                                    0x08001324   Section       16  rt_ctype_table.o(.text)
    .text                                    0x08001334   Section        8  rt_locale_intlibspace.o(.text)
    .text                                    0x0800133c   Section        0  _printf_fp_infnan.o(.text)
    .text                                    0x080013bc   Section        0  bigflt0.o(.text)
    .text                                    0x080014a0   Section        0  exit.o(.text)
    .text                                    0x080014b8   Section      124  strcmpv7em.o(.text)
    .text                                    0x08001534   Section        0  sys_exit.o(.text)
    .text                                    0x08001540   Section        2  use_no_semi.o(.text)
    .text                                    0x08001542   Section        0  indicate_semi.o(.text)
    [Anonymous Symbol]                       0x08001544   Section        0  switch.o(.text.BLU_BTN_INIT)
    [Anonymous Symbol]                       0x0800157c   Section        0  lcd.o(.text.LCD_home)
    [Anonymous Symbol]                       0x08001588   Section        0  lcd.o(.text.LCD_strobe)
    [Anonymous Symbol]                       0x080015b8   Section        0  switch.o(.text.LED_INIT)
    [Anonymous Symbol]                       0x08001628   Section        0  system_stm32f4xx.o(.text.SystemCoreClockUpdate)
    [Anonymous Symbol]                       0x08001758   Section        0  system_stm32f4xx.o(.text.SystemInit)
    [Anonymous Symbol]                       0x080017c8   Section        0  lcd.o(.text.WaitLCDBusy)
    [Anonymous Symbol]                       0x08001838   Section        0  lcd.o(.text.cmdLCD)
    [Anonymous Symbol]                       0x08001868   Section        0  lcd.o(.text.decIntToDecStr)
    [Anonymous Symbol]                       0x080018c8   Section        0  lcd.o(.text.decIntToHexStr)
    [Anonymous Symbol]                       0x08001950   Section        0  buzz.o(.text.initBuzz)
    [Anonymous Symbol]                       0x080019ac   Section        0  lcd.o(.text.initLCD8)
    [Anonymous Symbol]                       0x08001a3c   Section        0  adc.o(.text.init_ADC)
    [Anonymous Symbol]                       0x08001aa8   Section        0  dac.o(.text.init_DAC)
    [Anonymous Symbol]                       0x08001af8   Section        0  lcd.o(.text.lcd_delayus)
    [Anonymous Symbol]                       0x08001b48   Section        0  main.o(.text.main)
    [Anonymous Symbol]                       0x08002000   Section        0  dac.o(.text.output_dac1)
    [Anonymous Symbol]                       0x08002018   Section        0  dac.o(.text.output_dac2)
    [Anonymous Symbol]                       0x08002030   Section        0  lcd.o(.text.putLCD)
    [Anonymous Symbol]                       0x08002060   Section        0  lcd.o(.text.set_LCD_data)
    [Anonymous Symbol]                       0x08002080   Section        0  lcd.o(.text.stringLCD)
    [Anonymous Symbol]                       0x08002104   Section        0  buzz.o(.text.tempBuzz)
    CL$$btod_d2e                             0x0800215e   Section       62  btod.o(CL$$btod_d2e)
    CL$$btod_d2e_denorm_low                  0x0800219c   Section       70  btod.o(CL$$btod_d2e_denorm_low)
    CL$$btod_d2e_norm_op1                    0x080021e2   Section       96  btod.o(CL$$btod_d2e_norm_op1)
    CL$$btod_div_common                      0x08002244   Section      824  btod.o(CL$$btod_div_common)
    CL$$btod_e2e                             0x0800257c   Section      220  btod.o(CL$$btod_e2e)
    CL$$btod_ediv                            0x08002658   Section       42  btod.o(CL$$btod_ediv)
    CL$$btod_emul                            0x08002682   Section       42  btod.o(CL$$btod_emul)
    CL$$btod_mult_common                     0x080026ac   Section      580  btod.o(CL$$btod_mult_common)
    i.__ARM_fpclassify                       0x080028f0   Section        0  fpclassify.o(i.__ARM_fpclassify)
    i.__hardfp_asin                          0x08002920   Section        0  asin.o(i.__hardfp_asin)
    i.__hardfp_floor                         0x08002c80   Section        0  floor.o(i.__hardfp_floor)
    i.__hardfp_log                           0x08002d98   Section        0  log.o(i.__hardfp_log)
    i.__hardfp_log10                         0x08003160   Section        0  log10.o(i.__hardfp_log10)
    i.__hardfp_sin                           0x08003290   Section        0  sin.o(i.__hardfp_sin)
    i.__ieee754_rem_pio2                     0x08003358   Section        0  rred.o(i.__ieee754_rem_pio2)
    i.__kernel_cos                           0x08003790   Section        0  cos_i.o(i.__kernel_cos)
    i.__kernel_poly                          0x08003900   Section        0  poly.o(i.__kernel_poly)
    i.__kernel_sin                           0x080039f8   Section        0  sin_i.o(i.__kernel_sin)
    i.__mathlib_dbl_divzero                  0x08003b28   Section        0  dunder.o(i.__mathlib_dbl_divzero)
    i.__mathlib_dbl_infnan                   0x08003b58   Section        0  dunder.o(i.__mathlib_dbl_infnan)
    i.__mathlib_dbl_invalid                  0x08003b70   Section        0  dunder.o(i.__mathlib_dbl_invalid)
    i.__mathlib_dbl_underflow                0x08003b90   Section        0  dunder.o(i.__mathlib_dbl_underflow)
    i._is_digit                              0x08003bb0   Section        0  __printf_wp.o(i._is_digit)
    i.fabs                                   0x08003bbe   Section        0  fabs.o(i.fabs)
    i.log                                    0x08003bd6   Section        0  log.o(i.log)
    i.sqrt                                   0x08003be6   Section        0  sqrt.o(i.sqrt)
    locale$$code                             0x08003c54   Section       44  lc_numeric_c.o(locale$$code)
    locale$$code                             0x08003c80   Section       44  lc_ctype_c.o(locale$$code)
    $v0                                      0x08003cac   Number         0  basic.o(x$fpl$basic)
    x$fpl$basic                              0x08003cac   Section       24  basic.o(x$fpl$basic)
    $v0                                      0x08003cc4   Number         0  d2f.o(x$fpl$d2f)
    x$fpl$d2f                                0x08003cc4   Section       98  d2f.o(x$fpl$d2f)
    $v0                                      0x08003d28   Number         0  daddsub_clz.o(x$fpl$dadd)
    x$fpl$dadd                               0x08003d28   Section      336  daddsub_clz.o(x$fpl$dadd)
    _dadd1                                   0x08003d39   Thumb Code     0  daddsub_clz.o(x$fpl$dadd)
    $v0                                      0x08003e78   Number         0  dcmpi.o(x$fpl$dcmpinf)
    x$fpl$dcmpinf                            0x08003e78   Section       24  dcmpi.o(x$fpl$dcmpinf)
    $v0                                      0x08003e90   Number         0  ddiv.o(x$fpl$ddiv)
    x$fpl$ddiv                               0x08003e90   Section      692  ddiv.o(x$fpl$ddiv)
    ddiv_entry                               0x08003e97   Thumb Code     0  ddiv.o(x$fpl$ddiv)
    $v0                                      0x08004144   Number         0  deqf.o(x$fpl$deqf)
    x$fpl$deqf                               0x08004144   Section      120  deqf.o(x$fpl$deqf)
    $v0                                      0x080041bc   Number         0  dfix.o(x$fpl$dfix)
    x$fpl$dfix                               0x080041bc   Section       94  dfix.o(x$fpl$dfix)
    $v0                                      0x0800421a   Number         0  dflt_clz.o(x$fpl$dflt)
    x$fpl$dflt                               0x0800421a   Section       46  dflt_clz.o(x$fpl$dflt)
    $v0                                      0x08004248   Number         0  dflt_clz.o(x$fpl$dfltu)
    x$fpl$dfltu                              0x08004248   Section       38  dflt_clz.o(x$fpl$dfltu)
    $v0                                      0x08004270   Number         0  dleqf.o(x$fpl$dleqf)
    x$fpl$dleqf                              0x08004270   Section      120  dleqf.o(x$fpl$dleqf)
    $v0                                      0x080042e8   Number         0  dmul.o(x$fpl$dmul)
    x$fpl$dmul                               0x080042e8   Section      340  dmul.o(x$fpl$dmul)
    $v0                                      0x0800443c   Number         0  dnaninf.o(x$fpl$dnaninf)
    x$fpl$dnaninf                            0x0800443c   Section      156  dnaninf.o(x$fpl$dnaninf)
    $v0                                      0x080044d8   Number         0  dretinf.o(x$fpl$dretinf)
    x$fpl$dretinf                            0x080044d8   Section       12  dretinf.o(x$fpl$dretinf)
    $v0                                      0x080044e4   Number         0  drleqf.o(x$fpl$drleqf)
    x$fpl$drleqf                             0x080044e4   Section      108  drleqf.o(x$fpl$drleqf)
    $v0                                      0x08004550   Number         0  daddsub_clz.o(x$fpl$drsb)
    x$fpl$drsb                               0x08004550   Section       22  daddsub_clz.o(x$fpl$drsb)
    $v0                                      0x08004568   Number         0  dsqrt_umaal.o(x$fpl$dsqrt)
    x$fpl$dsqrt                              0x08004568   Section      408  dsqrt_umaal.o(x$fpl$dsqrt)
    $v0                                      0x08004700   Number         0  daddsub_clz.o(x$fpl$dsub)
    x$fpl$dsub                               0x08004700   Section      476  daddsub_clz.o(x$fpl$dsub)
    _dsub1                                   0x08004711   Thumb Code     0  daddsub_clz.o(x$fpl$dsub)
    $v0                                      0x080048dc   Number         0  f2d.o(x$fpl$f2d)
    x$fpl$f2d                                0x080048dc   Section       86  f2d.o(x$fpl$f2d)
    $v0                                      0x08004932   Number         0  fnaninf.o(x$fpl$fnaninf)
    x$fpl$fnaninf                            0x08004932   Section      140  fnaninf.o(x$fpl$fnaninf)
    $v0                                      0x080049be   Number         0  fpinit.o(x$fpl$fpinit)
    x$fpl$fpinit                             0x080049be   Section       26  fpinit.o(x$fpl$fpinit)
    $v0                                      0x080049d8   Number         0  fretinf.o(x$fpl$fretinf)
    x$fpl$fretinf                            0x080049d8   Section       10  fretinf.o(x$fpl$fretinf)
    $v0                                      0x080049e2   Number         0  printf1.o(x$fpl$printf1)
    x$fpl$printf1                            0x080049e2   Section        4  printf1.o(x$fpl$printf1)
    $v0                                      0x080049e6   Number         0  printf2.o(x$fpl$printf2)
    x$fpl$printf2                            0x080049e6   Section        4  printf2.o(x$fpl$printf2)
    x$fpl$usenofp                            0x080049ea   Section        0  usenofp.o(x$fpl$usenofp)
    pS                                       0x080049f0   Data          48  asin.o(.constdata)
    .constdata                               0x080049f0   Section       80  asin.o(.constdata)
    qS                                       0x08004a20   Data          32  asin.o(.constdata)
    Lg2                                      0x08004a40   Data          24  log.o(.constdata)
    .constdata                               0x08004a40   Section       56  log.o(.constdata)
    Lg                                       0x08004a58   Data          32  log.o(.constdata)
    initial_mbstate                          0x08004a78   Data           8  _printf_wctomb.o(.constdata)
    .constdata                               0x08004a78   Section        8  _printf_wctomb.o(.constdata)
    uc_hextab                                0x08004a80   Data          20  _printf_hex_int_ll_ptr.o(.constdata)
    .constdata                               0x08004a80   Section       40  _printf_hex_int_ll_ptr.o(.constdata)
    lc_hextab                                0x08004a94   Data          20  _printf_hex_int_ll_ptr.o(.constdata)
    maptable                                 0x08004aa8   Data          17  __printf_flags_ss_wp.o(.constdata)
    .constdata                               0x08004aa8   Section       17  __printf_flags_ss_wp.o(.constdata)
    C                                        0x08004ac0   Data          48  cos_i.o(.constdata)
    .constdata                               0x08004ac0   Section       48  cos_i.o(.constdata)
    .constdata                               0x08004af0   Section        8  qnan.o(.constdata)
    pio2s                                    0x08004af8   Data          48  rred.o(.constdata)
    .constdata                               0x08004af8   Section      204  rred.o(.constdata)
    twooverpi                                0x08004b28   Data         156  rred.o(.constdata)
    S                                        0x08004bc8   Data          40  sin_i.o(.constdata)
    .constdata                               0x08004bc8   Section       40  sin_i.o(.constdata)
    lc_hextab                                0x08004bf0   Data          19  _printf_fp_hex.o(.constdata)
    .constdata                               0x08004bf0   Section       38  _printf_fp_hex.o(.constdata)
    uc_hextab                                0x08004c03   Data          19  _printf_fp_hex.o(.constdata)
    tenpwrs_x                                0x08004c18   Data          60  bigflt0.o(.constdata)
    .constdata                               0x08004c18   Section      148  bigflt0.o(.constdata)
    tenpwrs_i                                0x08004c54   Data          64  bigflt0.o(.constdata)
    .L__const.main.messageHidden             0x08004cbc   Data          25  main.o(.rodata.str1.1)
    [Anonymous Symbol]                       0x08004cbc   Section        0  main.o(.rodata.str1.1)
    .L.str                                   0x08004cd5   Data          10  main.o(.rodata.str1.1)
    .L.str.2                                 0x08004cdf   Data          14  main.o(.rodata.str1.1)
    .L.str.1                                 0x08004ced   Data          10  main.o(.rodata.str1.1)
    .L.str                                   0x08004cf7   Data           3  lcd.o(.rodata.str1.1)
    [Anonymous Symbol]                       0x08004cf7   Section        0  lcd.o(.rodata.str1.1)
    .L.str.1                                 0x08004cfa   Data           3  lcd.o(.rodata.str1.1)
    locale$$data                             0x08004d20   Section       28  lc_numeric_c.o(locale$$data)
    __lcnum_c_name                           0x08004d24   Data           2  lc_numeric_c.o(locale$$data)
    __lcnum_c_start                          0x08004d2c   Data           0  lc_numeric_c.o(locale$$data)
    __lcnum_c_point                          0x08004d38   Data           0  lc_numeric_c.o(locale$$data)
    __lcnum_c_thousands                      0x08004d3a   Data           0  lc_numeric_c.o(locale$$data)
    __lcnum_c_grouping                       0x08004d3b   Data           0  lc_numeric_c.o(locale$$data)
    __lcnum_c_end                            0x08004d3c   Data           0  lc_numeric_c.o(locale$$data)
    locale$$data                             0x08004d3c   Section      272  lc_ctype_c.o(locale$$data)
    __lcctype_c_name                         0x08004d40   Data           2  lc_ctype_c.o(locale$$data)
    __lcctype_c_start                        0x08004d48   Data           0  lc_ctype_c.o(locale$$data)
    __lcctype_c_end                          0x08004e4c   Data           0  lc_ctype_c.o(locale$$data)
    .bss                                     0x20000008   Section       96  libspace.o(.bss)
    Heap_Mem                                 0x20000068   Data         512  startup_stm32f429xx.o(HEAP)
    HEAP                                     0x20000068   Section      512  startup_stm32f429xx.o(HEAP)
    Stack_Mem                                0x20000268   Data        1024  startup_stm32f429xx.o(STACK)
    STACK                                    0x20000268   Section     1024  startup_stm32f429xx.o(STACK)
    __initial_sp                             0x20000668   Data           0  startup_stm32f429xx.o(STACK)

    Global Symbols

    Symbol Name                              Value     Ov Type        Size  Object(Section)

    BuildAttributes$$THM_ISAv4$E$P$D$K$B$S$7EM$VFPi3$EXTD16$VFPS$VFMA$PE$A:L22UL41UL21$X:L11$S22US41US21$IEEE1$IW$~IW$USESV6$~STKCKD$USESV7$~SHL$OTIME$ROPI$IEEEX$EBA8$UX$STANDARDLIB$REQ8$PRES8$EABIv2 0x00000000   Number         0  anon$$obj.o ABSOLUTE
    _printf_flags                            0x00000000   Number         0  printf_stubs.o ABSOLUTE
    _printf_return_value                     0x00000000   Number         0  printf_stubs.o ABSOLUTE
    _printf_sizespec                         0x00000000   Number         0  printf_stubs.o ABSOLUTE
    _printf_widthprec                        0x00000000   Number         0  printf_stubs.o ABSOLUTE
    __ARM_exceptions_init                     - Undefined Weak Reference
    __alloca_initialize                       - Undefined Weak Reference
    __arm_preinit_                            - Undefined Weak Reference
    __arm_relocate_pie_                       - Undefined Weak Reference
    __cpp_initialize__aeabi_                  - Undefined Weak Reference
    __cxa_finalize                            - Undefined Weak Reference
    __sigvec_lookup                           - Undefined Weak Reference
    _atexit_init                              - Undefined Weak Reference
    _call_atexit_fns                          - Undefined Weak Reference
    _clock_init                               - Undefined Weak Reference
    _fp_trap_init                             - Undefined Weak Reference
    _fp_trap_shutdown                         - Undefined Weak Reference
    _get_lc_collate                           - Undefined Weak Reference
    _get_lc_monetary                          - Undefined Weak Reference
    _get_lc_time                              - Undefined Weak Reference
    _getenv_init                              - Undefined Weak Reference
    _handle_redirection                       - Undefined Weak Reference
    _init_alloc                               - Undefined Weak Reference
    _init_user_alloc                          - Undefined Weak Reference
    _initio                                   - Undefined Weak Reference
    _printf_mbtowc                            - Undefined Weak Reference
    _printf_wc                                - Undefined Weak Reference
    _rand_init                                - Undefined Weak Reference
    _signal_finish                            - Undefined Weak Reference
    _signal_init                              - Undefined Weak Reference
    _terminate_alloc                          - Undefined Weak Reference
    _terminate_user_alloc                     - Undefined Weak Reference
    _terminateio                              - Undefined Weak Reference
    __Vectors_Size                           0x000001ac   Number         0  startup_stm32f429xx.o ABSOLUTE
    __Vectors                                0x08000000   Data           4  startup_stm32f429xx.o(RESET)
    __Vectors_End                            0x080001ac   Data           0  startup_stm32f429xx.o(RESET)
    __main                                   0x080001ad   Thumb Code     8  __main.o(!!!main)
    __scatterload                            0x080001b5   Thumb Code     0  __scatter.o(!!!scatter)
    __scatterload_rt2                        0x080001b5   Thumb Code    44  __scatter.o(!!!scatter)
    __scatterload_rt2_thumb_only             0x080001b5   Thumb Code     0  __scatter.o(!!!scatter)
    __scatterload_null                       0x080001c3   Thumb Code     0  __scatter.o(!!!scatter)
    __scatterload_copy                       0x080001e9   Thumb Code    26  __scatter_copy.o(!!handler_copy)
    __scatterload_zeroinit                   0x08000205   Thumb Code    28  __scatter_zi.o(!!handler_zi)
    _printf_n                                0x08000221   Thumb Code     0  _printf_n.o(.ARM.Collect$$_printf_percent$$00000001)
    _printf_percent                          0x08000221   Thumb Code     0  _printf_percent.o(.ARM.Collect$$_printf_percent$$00000000)
    _printf_p                                0x08000227   Thumb Code     0  _printf_p.o(.ARM.Collect$$_printf_percent$$00000002)
    _printf_f                                0x0800022d   Thumb Code     0  _printf_f.o(.ARM.Collect$$_printf_percent$$00000003)
    _printf_e                                0x08000233   Thumb Code     0  _printf_e.o(.ARM.Collect$$_printf_percent$$00000004)
    _printf_g                                0x08000239   Thumb Code     0  _printf_g.o(.ARM.Collect$$_printf_percent$$00000005)
    _printf_a                                0x0800023f   Thumb Code     0  _printf_a.o(.ARM.Collect$$_printf_percent$$00000006)
    _printf_ll                               0x08000245   Thumb Code     0  _printf_ll.o(.ARM.Collect$$_printf_percent$$00000007)
    _printf_i                                0x0800024f   Thumb Code     0  _printf_i.o(.ARM.Collect$$_printf_percent$$00000008)
    _printf_d                                0x08000255   Thumb Code     0  _printf_d.o(.ARM.Collect$$_printf_percent$$00000009)
    _printf_u                                0x0800025b   Thumb Code     0  _printf_u.o(.ARM.Collect$$_printf_percent$$0000000A)
    _printf_o                                0x08000261   Thumb Code     0  _printf_o.o(.ARM.Collect$$_printf_percent$$0000000B)
    _printf_x                                0x08000267   Thumb Code     0  _printf_x.o(.ARM.Collect$$_printf_percent$$0000000C)
    _printf_lli                              0x0800026d   Thumb Code     0  _printf_lli.o(.ARM.Collect$$_printf_percent$$0000000D)
    _printf_lld                              0x08000273   Thumb Code     0  _printf_lld.o(.ARM.Collect$$_printf_percent$$0000000E)
    _printf_llu                              0x08000279   Thumb Code     0  _printf_llu.o(.ARM.Collect$$_printf_percent$$0000000F)
    _printf_llo                              0x0800027f   Thumb Code     0  _printf_llo.o(.ARM.Collect$$_printf_percent$$00000010)
    _printf_llx                              0x08000285   Thumb Code     0  _printf_llx.o(.ARM.Collect$$_printf_percent$$00000011)
    _printf_l                                0x0800028b   Thumb Code     0  _printf_l.o(.ARM.Collect$$_printf_percent$$00000012)
    _printf_c                                0x08000295   Thumb Code     0  _printf_c.o(.ARM.Collect$$_printf_percent$$00000013)
    _printf_s                                0x0800029b   Thumb Code     0  _printf_s.o(.ARM.Collect$$_printf_percent$$00000014)
    _printf_lc                               0x080002a1   Thumb Code     0  _printf_lc.o(.ARM.Collect$$_printf_percent$$00000015)
    _printf_ls                               0x080002a7   Thumb Code     0  _printf_ls.o(.ARM.Collect$$_printf_percent$$00000016)
    _printf_percent_end                      0x080002ad   Thumb Code     0  _printf_percent_end.o(.ARM.Collect$$_printf_percent$$00000017)
    __rt_lib_init                            0x080002b1   Thumb Code     0  libinit.o(.ARM.Collect$$libinit$$00000000)
    __rt_lib_init_fp_1                       0x080002b3   Thumb Code     0  libinit2.o(.ARM.Collect$$libinit$$00000001)
    __rt_lib_init_heap_1                     0x080002b7   Thumb Code     0  libinit2.o(.ARM.Collect$$libinit$$0000000C)
    __rt_lib_init_lc_common                  0x080002b7   Thumb Code     0  libinit2.o(.ARM.Collect$$libinit$$00000011)
    __rt_lib_init_preinit_1                  0x080002b7   Thumb Code     0  libinit2.o(.ARM.Collect$$libinit$$00000006)
    __rt_lib_init_rand_1                     0x080002b7   Thumb Code     0  libinit2.o(.ARM.Collect$$libinit$$00000010)
    __rt_lib_init_relocate_pie_1             0x080002b7   Thumb Code     0  libinit2.o(.ARM.Collect$$libinit$$00000004)
    __rt_lib_init_user_alloc_1               0x080002b7   Thumb Code     0  libinit2.o(.ARM.Collect$$libinit$$0000000E)
    __rt_lib_init_lc_collate_1               0x080002bd   Thumb Code     0  libinit2.o(.ARM.Collect$$libinit$$00000013)
    __rt_lib_init_lc_ctype_2                 0x080002bd   Thumb Code     0  libinit2.o(.ARM.Collect$$libinit$$00000014)
    __rt_lib_init_lc_ctype_1                 0x080002c9   Thumb Code     0  libinit2.o(.ARM.Collect$$libinit$$00000015)
    __rt_lib_init_lc_monetary_1              0x080002c9   Thumb Code     0  libinit2.o(.ARM.Collect$$libinit$$00000017)
    __rt_lib_init_lc_numeric_2               0x080002c9   Thumb Code     0  libinit2.o(.ARM.Collect$$libinit$$00000018)
    __rt_lib_init_alloca_1                   0x080002d3   Thumb Code     0  libinit2.o(.ARM.Collect$$libinit$$00000030)
    __rt_lib_init_argv_1                     0x080002d3   Thumb Code     0  libinit2.o(.ARM.Collect$$libinit$$0000002E)
    __rt_lib_init_atexit_1                   0x080002d3   Thumb Code     0  libinit2.o(.ARM.Collect$$libinit$$0000001D)
    __rt_lib_init_clock_1                    0x080002d3   Thumb Code     0  libinit2.o(.ARM.Collect$$libinit$$00000023)
    __rt_lib_init_cpp_1                      0x080002d3   Thumb Code     0  libinit2.o(.ARM.Collect$$libinit$$00000034)
    __rt_lib_init_exceptions_1               0x080002d3   Thumb Code     0  libinit2.o(.ARM.Collect$$libinit$$00000032)
    __rt_lib_init_fp_trap_1                  0x080002d3   Thumb Code     0  libinit2.o(.ARM.Collect$$libinit$$00000021)
    __rt_lib_init_getenv_1                   0x080002d3   Thumb Code     0  libinit2.o(.ARM.Collect$$libinit$$00000025)
    __rt_lib_init_lc_numeric_1               0x080002d3   Thumb Code     0  libinit2.o(.ARM.Collect$$libinit$$00000019)
    __rt_lib_init_lc_time_1                  0x080002d3   Thumb Code     0  libinit2.o(.ARM.Collect$$libinit$$0000001B)
    __rt_lib_init_return                     0x080002d3   Thumb Code     0  libinit2.o(.ARM.Collect$$libinit$$00000035)
    __rt_lib_init_signal_1                   0x080002d3   Thumb Code     0  libinit2.o(.ARM.Collect$$libinit$$0000001F)
    __rt_lib_init_stdio_1                    0x080002d3   Thumb Code     0  libinit2.o(.ARM.Collect$$libinit$$00000027)
    __rt_lib_shutdown                        0x080002d5   Thumb Code     0  libshutdown.o(.ARM.Collect$$libshutdown$$00000000)
    __rt_lib_shutdown_cpp_1                  0x080002d7   Thumb Code     0  libshutdown2.o(.ARM.Collect$$libshutdown$$00000002)
    __rt_lib_shutdown_fp_trap_1              0x080002d7   Thumb Code     0  libshutdown2.o(.ARM.Collect$$libshutdown$$00000007)
    __rt_lib_shutdown_heap_1                 0x080002d7   Thumb Code     0  libshutdown2.o(.ARM.Collect$$libshutdown$$0000000F)
    __rt_lib_shutdown_return                 0x080002d7   Thumb Code     0  libshutdown2.o(.ARM.Collect$$libshutdown$$00000010)
    __rt_lib_shutdown_signal_1               0x080002d7   Thumb Code     0  libshutdown2.o(.ARM.Collect$$libshutdown$$0000000A)
    __rt_lib_shutdown_stdio_1                0x080002d7   Thumb Code     0  libshutdown2.o(.ARM.Collect$$libshutdown$$00000004)
    __rt_lib_shutdown_user_alloc_1           0x080002d7   Thumb Code     0  libshutdown2.o(.ARM.Collect$$libshutdown$$0000000C)
    __rt_entry                               0x080002d9   Thumb Code     0  __rtentry.o(.ARM.Collect$$rtentry$$00000000)
    __rt_entry_presh_1                       0x080002d9   Thumb Code     0  __rtentry2.o(.ARM.Collect$$rtentry$$00000002)
    __rt_entry_sh                            0x080002d9   Thumb Code     0  __rtentry4.o(.ARM.Collect$$rtentry$$00000004)
    __rt_entry_li                            0x080002df   Thumb Code     0  __rtentry2.o(.ARM.Collect$$rtentry$$0000000A)
    __rt_entry_postsh_1                      0x080002df   Thumb Code     0  __rtentry2.o(.ARM.Collect$$rtentry$$00000009)
    __rt_entry_main                          0x080002e3   Thumb Code     0  __rtentry2.o(.ARM.Collect$$rtentry$$0000000D)
    __rt_entry_postli_1                      0x080002e3   Thumb Code     0  __rtentry2.o(.ARM.Collect$$rtentry$$0000000C)
    __rt_exit                                0x080002eb   Thumb Code     0  rtexit.o(.ARM.Collect$$rtexit$$00000000)
    __rt_exit_ls                             0x080002ed   Thumb Code     0  rtexit2.o(.ARM.Collect$$rtexit$$00000003)
    __rt_exit_prels_1                        0x080002ed   Thumb Code     0  rtexit2.o(.ARM.Collect$$rtexit$$00000002)
    __rt_exit_exit                           0x080002f1   Thumb Code     0  rtexit2.o(.ARM.Collect$$rtexit$$00000004)
    Reset_Handler                            0x080002f9   Thumb Code     8  startup_stm32f429xx.o(.text)
    NMI_Handler                              0x08000301   Thumb Code     2  startup_stm32f429xx.o(.text)
    HardFault_Handler                        0x08000303   Thumb Code     2  startup_stm32f429xx.o(.text)
    MemManage_Handler                        0x08000305   Thumb Code     2  startup_stm32f429xx.o(.text)
    BusFault_Handler                         0x08000307   Thumb Code     2  startup_stm32f429xx.o(.text)
    UsageFault_Handler                       0x08000309   Thumb Code     2  startup_stm32f429xx.o(.text)
    SVC_Handler                              0x0800030b   Thumb Code     2  startup_stm32f429xx.o(.text)
    DebugMon_Handler                         0x0800030d   Thumb Code     2  startup_stm32f429xx.o(.text)
    PendSV_Handler                           0x0800030f   Thumb Code     2  startup_stm32f429xx.o(.text)
    SysTick_Handler                          0x08000311   Thumb Code     2  startup_stm32f429xx.o(.text)
    ADC_IRQHandler                           0x08000313   Thumb Code     0  startup_stm32f429xx.o(.text)
    CAN1_RX0_IRQHandler                      0x08000313   Thumb Code     0  startup_stm32f429xx.o(.text)
    CAN1_RX1_IRQHandler                      0x08000313   Thumb Code     0  startup_stm32f429xx.o(.text)
    CAN1_SCE_IRQHandler                      0x08000313   Thumb Code     0  startup_stm32f429xx.o(.text)
    CAN1_TX_IRQHandler                       0x08000313   Thumb Code     0  startup_stm32f429xx.o(.text)
    CAN2_RX0_IRQHandler                      0x08000313   Thumb Code     0  startup_stm32f429xx.o(.text)
    CAN2_RX1_IRQHandler                      0x08000313   Thumb Code     0  startup_stm32f429xx.o(.text)
    CAN2_SCE_IRQHandler                      0x08000313   Thumb Code     0  startup_stm32f429xx.o(.text)
    CAN2_TX_IRQHandler                       0x08000313   Thumb Code     0  startup_stm32f429xx.o(.text)
    DCMI_IRQHandler                          0x08000313   Thumb Code     0  startup_stm32f429xx.o(.text)
    DMA1_Stream0_IRQHandler                  0x08000313   Thumb Code     0  startup_stm32f429xx.o(.text)
    DMA1_Stream1_IRQHandler                  0x08000313   Thumb Code     0  startup_stm32f429xx.o(.text)
    DMA1_Stream2_IRQHandler                  0x08000313   Thumb Code     0  startup_stm32f429xx.o(.text)
    DMA1_Stream3_IRQHandler                  0x08000313   Thumb Code     0  startup_stm32f429xx.o(.text)
    DMA1_Stream4_IRQHandler                  0x08000313   Thumb Code     0  startup_stm32f429xx.o(.text)
    DMA1_Stream5_IRQHandler                  0x08000313   Thumb Code     0  startup_stm32f429xx.o(.text)
    DMA1_Stream6_IRQHandler                  0x08000313   Thumb Code     0  startup_stm32f429xx.o(.text)
    DMA1_Stream7_IRQHandler                  0x08000313   Thumb Code     0  startup_stm32f429xx.o(.text)
    DMA2D_IRQHandler                         0x08000313   Thumb Code     0  startup_stm32f429xx.o(.text)
    DMA2_Stream0_IRQHandler                  0x08000313   Thumb Code     0  startup_stm32f429xx.o(.text)
    DMA2_Stream1_IRQHandler                  0x08000313   Thumb Code     0  startup_stm32f429xx.o(.text)
    DMA2_Stream2_IRQHandler                  0x08000313   Thumb Code     0  startup_stm32f429xx.o(.text)
    DMA2_Stream3_IRQHandler                  0x08000313   Thumb Code     0  startup_stm32f429xx.o(.text)
    DMA2_Stream4_IRQHandler                  0x08000313   Thumb Code     0  startup_stm32f429xx.o(.text)
    DMA2_Stream5_IRQHandler                  0x08000313   Thumb Code     0  startup_stm32f429xx.o(.text)
    DMA2_Stream6_IRQHandler                  0x08000313   Thumb Code     0  startup_stm32f429xx.o(.text)
    DMA2_Stream7_IRQHandler                  0x08000313   Thumb Code     0  startup_stm32f429xx.o(.text)
    ETH_IRQHandler                           0x08000313   Thumb Code     0  startup_stm32f429xx.o(.text)
    ETH_WKUP_IRQHandler                      0x08000313   Thumb Code     0  startup_stm32f429xx.o(.text)
    EXTI0_IRQHandler                         0x08000313   Thumb Code     0  startup_stm32f429xx.o(.text)
    EXTI15_10_IRQHandler                     0x08000313   Thumb Code     0  startup_stm32f429xx.o(.text)
    EXTI1_IRQHandler                         0x08000313   Thumb Code     0  startup_stm32f429xx.o(.text)
    EXTI2_IRQHandler                         0x08000313   Thumb Code     0  startup_stm32f429xx.o(.text)
    EXTI3_IRQHandler                         0x08000313   Thumb Code     0  startup_stm32f429xx.o(.text)
    EXTI4_IRQHandler                         0x08000313   Thumb Code     0  startup_stm32f429xx.o(.text)
    EXTI9_5_IRQHandler                       0x08000313   Thumb Code     0  startup_stm32f429xx.o(.text)
    FLASH_IRQHandler                         0x08000313   Thumb Code     0  startup_stm32f429xx.o(.text)
    FMC_IRQHandler                           0x08000313   Thumb Code     0  startup_stm32f429xx.o(.text)
    FPU_IRQHandler                           0x08000313   Thumb Code     0  startup_stm32f429xx.o(.text)
    HASH_RNG_IRQHandler                      0x08000313   Thumb Code     0  startup_stm32f429xx.o(.text)
    I2C1_ER_IRQHandler                       0x08000313   Thumb Code     0  startup_stm32f429xx.o(.text)
    I2C1_EV_IRQHandler                       0x08000313   Thumb Code     0  startup_stm32f429xx.o(.text)
    I2C2_ER_IRQHandler                       0x08000313   Thumb Code     0  startup_stm32f429xx.o(.text)
    I2C2_EV_IRQHandler                       0x08000313   Thumb Code     0  startup_stm32f429xx.o(.text)
    I2C3_ER_IRQHandler                       0x08000313   Thumb Code     0  startup_stm32f429xx.o(.text)
    I2C3_EV_IRQHandler                       0x08000313   Thumb Code     0  startup_stm32f429xx.o(.text)
    LTDC_ER_IRQHandler                       0x08000313   Thumb Code     0  startup_stm32f429xx.o(.text)
    LTDC_IRQHandler                          0x08000313   Thumb Code     0  startup_stm32f429xx.o(.text)
    OTG_FS_IRQHandler                        0x08000313   Thumb Code     0  startup_stm32f429xx.o(.text)
    OTG_FS_WKUP_IRQHandler                   0x08000313   Thumb Code     0  startup_stm32f429xx.o(.text)
    OTG_HS_EP1_IN_IRQHandler                 0x08000313   Thumb Code     0  startup_stm32f429xx.o(.text)
    OTG_HS_EP1_OUT_IRQHandler                0x08000313   Thumb Code     0  startup_stm32f429xx.o(.text)
    OTG_HS_IRQHandler                        0x08000313   Thumb Code     0  startup_stm32f429xx.o(.text)
    OTG_HS_WKUP_IRQHandler                   0x08000313   Thumb Code     0  startup_stm32f429xx.o(.text)
    PVD_IRQHandler                           0x08000313   Thumb Code     0  startup_stm32f429xx.o(.text)
    RCC_IRQHandler                           0x08000313   Thumb Code     0  startup_stm32f429xx.o(.text)
    RTC_Alarm_IRQHandler                     0x08000313   Thumb Code     0  startup_stm32f429xx.o(.text)
    RTC_WKUP_IRQHandler                      0x08000313   Thumb Code     0  startup_stm32f429xx.o(.text)
    SAI1_IRQHandler                          0x08000313   Thumb Code     0  startup_stm32f429xx.o(.text)
    SDIO_IRQHandler                          0x08000313   Thumb Code     0  startup_stm32f429xx.o(.text)
    SPI1_IRQHandler                          0x08000313   Thumb Code     0  startup_stm32f429xx.o(.text)
    SPI2_IRQHandler                          0x08000313   Thumb Code     0  startup_stm32f429xx.o(.text)
    SPI3_IRQHandler                          0x08000313   Thumb Code     0  startup_stm32f429xx.o(.text)
    SPI4_IRQHandler                          0x08000313   Thumb Code     0  startup_stm32f429xx.o(.text)
    SPI5_IRQHandler                          0x08000313   Thumb Code     0  startup_stm32f429xx.o(.text)
    SPI6_IRQHandler                          0x08000313   Thumb Code     0  startup_stm32f429xx.o(.text)
    TAMP_STAMP_IRQHandler                    0x08000313   Thumb Code     0  startup_stm32f429xx.o(.text)
    TIM1_BRK_TIM9_IRQHandler                 0x08000313   Thumb Code     0  startup_stm32f429xx.o(.text)
    TIM1_CC_IRQHandler                       0x08000313   Thumb Code     0  startup_stm32f429xx.o(.text)
    TIM1_TRG_COM_TIM11_IRQHandler            0x08000313   Thumb Code     0  startup_stm32f429xx.o(.text)
    TIM1_UP_TIM10_IRQHandler                 0x08000313   Thumb Code     0  startup_stm32f429xx.o(.text)
    TIM2_IRQHandler                          0x08000313   Thumb Code     0  startup_stm32f429xx.o(.text)
    TIM3_IRQHandler                          0x08000313   Thumb Code     0  startup_stm32f429xx.o(.text)
    TIM4_IRQHandler                          0x08000313   Thumb Code     0  startup_stm32f429xx.o(.text)
    TIM5_IRQHandler                          0x08000313   Thumb Code     0  startup_stm32f429xx.o(.text)
    TIM6_DAC_IRQHandler                      0x08000313   Thumb Code     0  startup_stm32f429xx.o(.text)
    TIM7_IRQHandler                          0x08000313   Thumb Code     0  startup_stm32f429xx.o(.text)
    TIM8_BRK_TIM12_IRQHandler                0x08000313   Thumb Code     0  startup_stm32f429xx.o(.text)
    TIM8_CC_IRQHandler                       0x08000313   Thumb Code     0  startup_stm32f429xx.o(.text)
    TIM8_TRG_COM_TIM14_IRQHandler            0x08000313   Thumb Code     0  startup_stm32f429xx.o(.text)
    TIM8_UP_TIM13_IRQHandler                 0x08000313   Thumb Code     0  startup_stm32f429xx.o(.text)
    UART4_IRQHandler                         0x08000313   Thumb Code     0  startup_stm32f429xx.o(.text)
    UART5_IRQHandler                         0x08000313   Thumb Code     0  startup_stm32f429xx.o(.text)
    UART7_IRQHandler                         0x08000313   Thumb Code     0  startup_stm32f429xx.o(.text)
    UART8_IRQHandler                         0x08000313   Thumb Code     0  startup_stm32f429xx.o(.text)
    USART1_IRQHandler                        0x08000313   Thumb Code     0  startup_stm32f429xx.o(.text)
    USART2_IRQHandler                        0x08000313   Thumb Code     0  startup_stm32f429xx.o(.text)
    USART3_IRQHandler                        0x08000313   Thumb Code     0  startup_stm32f429xx.o(.text)
    USART6_IRQHandler                        0x08000313   Thumb Code     0  startup_stm32f429xx.o(.text)
    WWDG_IRQHandler                          0x08000313   Thumb Code     0  startup_stm32f429xx.o(.text)
    __user_initial_stackheap                 0x08000315   Thumb Code     0  startup_stm32f429xx.o(.text)
    sprintf                                  0x08000339   Thumb Code    38  sprintf.o(.text)
    __aeabi_memcpy                           0x08000365   Thumb Code     0  rt_memcpy_v6.o(.text)
    __rt_memcpy                              0x08000365   Thumb Code   138  rt_memcpy_v6.o(.text)
    _memcpy_lastbytes                        0x080003cb   Thumb Code     0  rt_memcpy_v6.o(.text)
    __use_two_region_memory                  0x080003ef   Thumb Code     2  heapauxi.o(.text)
    __rt_heap_escrow$2region                 0x080003f1   Thumb Code     2  heapauxi.o(.text)
    __rt_heap_expand$2region                 0x080003f3   Thumb Code     2  heapauxi.o(.text)
    __read_errno                             0x080003f5   Thumb Code    10  _rserrno.o(.text)
    __set_errno                              0x080003ff   Thumb Code    12  _rserrno.o(.text)
    _printf_pre_padding                      0x0800040b   Thumb Code    44  _printf_pad.o(.text)
    _printf_post_padding                     0x08000437   Thumb Code    34  _printf_pad.o(.text)
    _printf_truncate_signed                  0x08000459   Thumb Code    18  _printf_truncate.o(.text)
    _printf_truncate_unsigned                0x0800046b   Thumb Code    18  _printf_truncate.o(.text)
    _printf_str                              0x0800047d   Thumb Code    82  _printf_str.o(.text)
    _printf_int_dec                          0x080004d1   Thumb Code   104  _printf_dec.o(.text)
    _printf_charcount                        0x08000549   Thumb Code    40  _printf_charcount.o(.text)
    _printf_char_common                      0x0800057b   Thumb Code    32  _printf_char_common.o(.text)
    _sputc                                   0x080005a1   Thumb Code    10  _sputc.o(.text)
    _printf_wctomb                           0x080005ad   Thumb Code   182  _printf_wctomb.o(.text)
    _printf_longlong_dec                     0x08000669   Thumb Code   108  _printf_longlong_dec.o(.text)
    _printf_longlong_oct                     0x080006e5   Thumb Code    68  _printf_oct_int_ll.o(.text)
    _printf_int_oct                          0x08000729   Thumb Code    24  _printf_oct_int_ll.o(.text)
    _printf_ll_oct                           0x08000741   Thumb Code    12  _printf_oct_int_ll.o(.text)
    _printf_longlong_hex                     0x08000755   Thumb Code    86  _printf_hex_int_ll_ptr.o(.text)
    _printf_int_hex                          0x080007ab   Thumb Code    28  _printf_hex_int_ll_ptr.o(.text)
    _printf_ll_hex                           0x080007c7   Thumb Code    12  _printf_hex_int_ll_ptr.o(.text)
    _printf_hex_ptr                          0x080007d3   Thumb Code    18  _printf_hex_int_ll_ptr.o(.text)
    __printf                                 0x080007e9   Thumb Code   388  __printf_flags_ss_wp.o(.text)
    __aeabi_memcpy4                          0x08000971   Thumb Code     0  rt_memcpy_w.o(.text)
    __aeabi_memcpy8                          0x08000971   Thumb Code     0  rt_memcpy_w.o(.text)
    __rt_memcpy_w                            0x08000971   Thumb Code   100  rt_memcpy_w.o(.text)
    _memcpy_lastbytes_aligned                0x080009b9   Thumb Code     0  rt_memcpy_w.o(.text)
    __aeabi_errno_addr                       0x080009d5   Thumb Code     8  rt_errno_addr_intlibspace.o(.text)
    __errno$intlibspace                      0x080009d5   Thumb Code     0  rt_errno_addr_intlibspace.o(.text)
    __rt_errno_addr$intlibspace              0x080009d5   Thumb Code     0  rt_errno_addr_intlibspace.o(.text)
    _ll_udiv10                               0x080009dd   Thumb Code   138  lludiv10.o(.text)
    _printf_int_common                       0x08000a67   Thumb Code   178  _printf_intcommon.o(.text)
    _printf_fp_dec_real                      0x08000cc9   Thumb Code   620  _printf_fp_dec.o(.text)
    _printf_fp_hex_real                      0x08000f35   Thumb Code   756  _printf_fp_hex.o(.text)
    _printf_cs_common                        0x08001231   Thumb Code    20  _printf_char.o(.text)
    _printf_char                             0x08001245   Thumb Code    16  _printf_char.o(.text)
    _printf_string                           0x08001255   Thumb Code     8  _printf_char.o(.text)
    _printf_lcs_common                       0x0800125d   Thumb Code    20  _printf_wchar.o(.text)
    _printf_wchar                            0x08001271   Thumb Code    16  _printf_wchar.o(.text)
    _printf_wstring                          0x08001281   Thumb Code     8  _printf_wchar.o(.text)
    _c16rtomb                                0x08001289   Thumb Code    72  _c16rtomb.o(.text)
    _wcrtomb                                 0x08001289   Thumb Code     0  _c16rtomb.o(.text)
    __user_libspace                          0x080012d1   Thumb Code     8  libspace.o(.text)
    __user_perproc_libspace                  0x080012d1   Thumb Code     0  libspace.o(.text)
    __user_perthread_libspace                0x080012d1   Thumb Code     0  libspace.o(.text)
    __user_setup_stackheap                   0x080012d9   Thumb Code    74  sys_stackheap_outer.o(.text)
    __rt_ctype_table                         0x08001325   Thumb Code    16  rt_ctype_table.o(.text)
    __rt_locale                              0x08001335   Thumb Code     8  rt_locale_intlibspace.o(.text)
    _printf_fp_infnan                        0x0800133d   Thumb Code   112  _printf_fp_infnan.o(.text)
    _btod_etento                             0x080013bd   Thumb Code   224  bigflt0.o(.text)
    exit                                     0x080014a1   Thumb Code    18  exit.o(.text)
    strcmp                                   0x080014b9   Thumb Code   124  strcmpv7em.o(.text)
    _sys_exit                                0x08001535   Thumb Code     8  sys_exit.o(.text)
    __I$use$semihosting                      0x08001541   Thumb Code     0  use_no_semi.o(.text)
    __use_no_semihosting_swi                 0x08001541   Thumb Code     2  use_no_semi.o(.text)
    __semihosting_library_function           0x08001543   Thumb Code     0  indicate_semi.o(.text)
    BLU_BTN_INIT                             0x08001545   Thumb Code    56  switch.o(.text.BLU_BTN_INIT)
    LCD_home                                 0x0800157d   Thumb Code    10  lcd.o(.text.LCD_home)
    LCD_strobe                               0x08001589   Thumb Code    46  lcd.o(.text.LCD_strobe)
    LED_INIT                                 0x080015b9   Thumb Code   110  switch.o(.text.LED_INIT)
    SystemCoreClockUpdate                    0x08001629   Thumb Code   302  system_stm32f4xx.o(.text.SystemCoreClockUpdate)
    SystemInit                               0x08001759   Thumb Code   110  system_stm32f4xx.o(.text.SystemInit)
    WaitLCDBusy                              0x080017c9   Thumb Code   112  lcd.o(.text.WaitLCDBusy)
    cmdLCD                                   0x08001839   Thumb Code    48  lcd.o(.text.cmdLCD)
    decIntToDecStr                           0x08001869   Thumb Code    96  lcd.o(.text.decIntToDecStr)
    decIntToHexStr                           0x080018c9   Thumb Code   136  lcd.o(.text.decIntToHexStr)
    initBuzz                                 0x08001951   Thumb Code    90  buzz.o(.text.initBuzz)
    initLCD8                                 0x080019ad   Thumb Code   142  lcd.o(.text.initLCD8)
    init_ADC                                 0x08001a3d   Thumb Code   106  adc.o(.text.init_ADC)
    init_DAC                                 0x08001aa9   Thumb Code    80  dac.o(.text.init_DAC)
    lcd_delayus                              0x08001af9   Thumb Code    80  lcd.o(.text.lcd_delayus)
    main                                     0x08001b49   Thumb Code  1208  main.o(.text.main)
    output_dac1                              0x08002001   Thumb Code    24  dac.o(.text.output_dac1)
    output_dac2                              0x08002019   Thumb Code    24  dac.o(.text.output_dac2)
    putLCD                                   0x08002031   Thumb Code    48  lcd.o(.text.putLCD)
    set_LCD_data                             0x08002061   Thumb Code    30  lcd.o(.text.set_LCD_data)
    stringLCD                                0x08002081   Thumb Code   132  lcd.o(.text.stringLCD)
    tempBuzz                                 0x08002105   Thumb Code    90  buzz.o(.text.tempBuzz)
    _btod_d2e                                0x0800215f   Thumb Code    62  btod.o(CL$$btod_d2e)
    _d2e_denorm_low                          0x0800219d   Thumb Code    70  btod.o(CL$$btod_d2e_denorm_low)
    _d2e_norm_op1                            0x080021e3   Thumb Code    96  btod.o(CL$$btod_d2e_norm_op1)
    __btod_div_common                        0x08002245   Thumb Code   696  btod.o(CL$$btod_div_common)
    _e2e                                     0x0800257d   Thumb Code   220  btod.o(CL$$btod_e2e)
    _btod_ediv                               0x08002659   Thumb Code    42  btod.o(CL$$btod_ediv)
    _btod_emul                               0x08002683   Thumb Code    42  btod.o(CL$$btod_emul)
    __btod_mult_common                       0x080026ad   Thumb Code   580  btod.o(CL$$btod_mult_common)
    __ARM_fpclassify                         0x080028f1   Thumb Code    48  fpclassify.o(i.__ARM_fpclassify)
    __hardfp_asin                            0x08002921   Thumb Code   770  asin.o(i.__hardfp_asin)
    __hardfp_floor                           0x08002c81   Thumb Code   252  floor.o(i.__hardfp_floor)
    __hardfp_log                             0x08002d99   Thumb Code   872  log.o(i.__hardfp_log)
    __hardfp_log10                           0x08003161   Thumb Code   260  log10.o(i.__hardfp_log10)
    __hardfp_sin                             0x08003291   Thumb Code   180  sin.o(i.__hardfp_sin)
    __ieee754_rem_pio2                       0x08003359   Thumb Code   938  rred.o(i.__ieee754_rem_pio2)
    __kernel_cos                             0x08003791   Thumb Code   322  cos_i.o(i.__kernel_cos)
    __kernel_poly                            0x08003901   Thumb Code   248  poly.o(i.__kernel_poly)
    __kernel_sin                             0x080039f9   Thumb Code   280  sin_i.o(i.__kernel_sin)
    __mathlib_dbl_divzero                    0x08003b29   Thumb Code    28  dunder.o(i.__mathlib_dbl_divzero)
    __mathlib_dbl_infnan                     0x08003b59   Thumb Code    20  dunder.o(i.__mathlib_dbl_infnan)
    __mathlib_dbl_invalid                    0x08003b71   Thumb Code    24  dunder.o(i.__mathlib_dbl_invalid)
    __mathlib_dbl_underflow                  0x08003b91   Thumb Code    24  dunder.o(i.__mathlib_dbl_underflow)
    _is_digit                                0x08003bb1   Thumb Code    14  __printf_wp.o(i._is_digit)
    fabs                                     0x08003bbf   Thumb Code    24  fabs.o(i.fabs)
    log                                      0x08003bd7   Thumb Code    16  log.o(i.log)
    sqrt                                     0x08003be7   Thumb Code   110  sqrt.o(i.sqrt)
    _get_lc_numeric                          0x08003c55   Thumb Code    44  lc_numeric_c.o(locale$$code)
    _get_lc_ctype                            0x08003c81   Thumb Code    44  lc_ctype_c.o(locale$$code)
    __aeabi_dneg                             0x08003cad   Thumb Code     0  basic.o(x$fpl$basic)
    _dneg                                    0x08003cad   Thumb Code     6  basic.o(x$fpl$basic)
    __aeabi_fneg                             0x08003cb3   Thumb Code     0  basic.o(x$fpl$basic)
    _fneg                                    0x08003cb3   Thumb Code     6  basic.o(x$fpl$basic)
    _dabs                                    0x08003cb9   Thumb Code     6  basic.o(x$fpl$basic)
    _fabs                                    0x08003cbf   Thumb Code     6  basic.o(x$fpl$basic)
    __aeabi_d2f                              0x08003cc5   Thumb Code     0  d2f.o(x$fpl$d2f)
    _d2f                                     0x08003cc5   Thumb Code    98  d2f.o(x$fpl$d2f)
    __aeabi_dadd                             0x08003d29   Thumb Code     0  daddsub_clz.o(x$fpl$dadd)
    _dadd                                    0x08003d29   Thumb Code   332  daddsub_clz.o(x$fpl$dadd)
    __fpl_dcmp_Inf                           0x08003e79   Thumb Code    24  dcmpi.o(x$fpl$dcmpinf)
    __aeabi_ddiv                             0x08003e91   Thumb Code     0  ddiv.o(x$fpl$ddiv)
    _ddiv                                    0x08003e91   Thumb Code   556  ddiv.o(x$fpl$ddiv)
    __aeabi_cdcmpeq                          0x08004145   Thumb Code     0  deqf.o(x$fpl$deqf)
    _dcmpeq                                  0x08004145   Thumb Code   120  deqf.o(x$fpl$deqf)
    __aeabi_d2iz                             0x080041bd   Thumb Code     0  dfix.o(x$fpl$dfix)
    _dfix                                    0x080041bd   Thumb Code    94  dfix.o(x$fpl$dfix)
    __aeabi_i2d                              0x0800421b   Thumb Code     0  dflt_clz.o(x$fpl$dflt)
    _dflt                                    0x0800421b   Thumb Code    46  dflt_clz.o(x$fpl$dflt)
    __aeabi_ui2d                             0x08004249   Thumb Code     0  dflt_clz.o(x$fpl$dfltu)
    _dfltu                                   0x08004249   Thumb Code    38  dflt_clz.o(x$fpl$dfltu)
    __aeabi_cdcmple                          0x08004271   Thumb Code     0  dleqf.o(x$fpl$dleqf)
    _dcmple                                  0x08004271   Thumb Code   120  dleqf.o(x$fpl$dleqf)
    __fpl_dcmple_InfNaN                      0x080042d3   Thumb Code     0  dleqf.o(x$fpl$dleqf)
    __aeabi_dmul                             0x080042e9   Thumb Code     0  dmul.o(x$fpl$dmul)
    _dmul                                    0x080042e9   Thumb Code   332  dmul.o(x$fpl$dmul)
    __fpl_dnaninf                            0x0800443d   Thumb Code   156  dnaninf.o(x$fpl$dnaninf)
    __fpl_dretinf                            0x080044d9   Thumb Code    12  dretinf.o(x$fpl$dretinf)
    __aeabi_cdrcmple                         0x080044e5   Thumb Code     0  drleqf.o(x$fpl$drleqf)
    _drcmple                                 0x080044e5   Thumb Code   108  drleqf.o(x$fpl$drleqf)
    __aeabi_drsub                            0x08004551   Thumb Code     0  daddsub_clz.o(x$fpl$drsb)
    _drsb                                    0x08004551   Thumb Code    22  daddsub_clz.o(x$fpl$drsb)
    _dsqrt                                   0x08004569   Thumb Code   404  dsqrt_umaal.o(x$fpl$dsqrt)
    __aeabi_dsub                             0x08004701   Thumb Code     0  daddsub_clz.o(x$fpl$dsub)
    _dsub                                    0x08004701   Thumb Code   472  daddsub_clz.o(x$fpl$dsub)
    __aeabi_f2d                              0x080048dd   Thumb Code     0  f2d.o(x$fpl$f2d)
    _f2d                                     0x080048dd   Thumb Code    86  f2d.o(x$fpl$f2d)
    __fpl_fnaninf                            0x08004933   Thumb Code   140  fnaninf.o(x$fpl$fnaninf)
    _fp_init                                 0x080049bf   Thumb Code    26  fpinit.o(x$fpl$fpinit)
    __fplib_config_fpu_vfp                   0x080049d7   Thumb Code     0  fpinit.o(x$fpl$fpinit)
    __fplib_config_pureend_doubles           0x080049d7   Thumb Code     0  fpinit.o(x$fpl$fpinit)
    __fpl_fretinf                            0x080049d9   Thumb Code    10  fretinf.o(x$fpl$fretinf)
    _printf_fp_dec                           0x080049e3   Thumb Code     4  printf1.o(x$fpl$printf1)
    _printf_fp_hex                           0x080049e7   Thumb Code     4  printf2.o(x$fpl$printf2)
    __I$use$fp                               0x080049ea   Number         0  usenofp.o(x$fpl$usenofp)
    __mathlib_zero                           0x08004af0   Data           8  qnan.o(.constdata)
    AHBPrescTable                            0x08004cac   Data          16  system_stm32f4xx.o(.rodata.AHBPrescTable)
    Region$$Table$$Base                      0x08004d00   Number         0  anon$$obj.o(Region$$Table)
    Region$$Table$$Limit                     0x08004d20   Number         0  anon$$obj.o(Region$$Table)
    __ctype                                  0x08004d49   Data           0  lc_ctype_c.o(locale$$data)
    SystemCoreClock                          0x20000000   Data           4  system_stm32f4xx.o(.data.SystemCoreClock)
    __libspace_start                         0x20000008   Data          96  libspace.o(.bss)
    __temporary_stack_top$libspace           0x20000068   Data           0  libspace.o(.bss)



==============================================================================

Memory Map of the image

  Image Entry point : 0x080002f9

  Load Region LR_1 (Base: 0x08000000, Size: 0x00004e50, Max: 0xffffffff, ABSOLUTE)

    Execution Region ER_RO (Exec base: 0x08000000, Load base: 0x08000000, Size: 0x00004e4c, Max: 0xffffffff, ABSOLUTE)

    Exec Addr    Load Addr    Size         Type   Attr      Idx    E Section Name        Object

    0x08000000   0x08000000   0x000001ac   Data   RO          104    RESET               startup_stm32f429xx.o
    0x080001ac   0x080001ac   0x00000008   Code   RO          132  * !!!main             c_w.l(__main.o)
    0x080001b4   0x080001b4   0x00000034   Code   RO          596    !!!scatter          c_w.l(__scatter.o)
    0x080001e8   0x080001e8   0x0000001a   Code   RO          598    !!handler_copy      c_w.l(__scatter_copy.o)
    0x08000202   0x08000202   0x00000002   PAD
    0x08000204   0x08000204   0x0000001c   Code   RO          600    !!handler_zi        c_w.l(__scatter_zi.o)
    0x08000220   0x08000220   0x00000000   Code   RO          276    .ARM.Collect$$_printf_percent$$00000000  c_w.l(_printf_percent.o)
    0x08000220   0x08000220   0x00000006   Code   RO          265    .ARM.Collect$$_printf_percent$$00000001  c_w.l(_printf_n.o)
    0x08000226   0x08000226   0x00000006   Code   RO          267    .ARM.Collect$$_printf_percent$$00000002  c_w.l(_printf_p.o)
    0x0800022c   0x0800022c   0x00000006   Code   RO          272    .ARM.Collect$$_printf_percent$$00000003  c_w.l(_printf_f.o)
    0x08000232   0x08000232   0x00000006   Code   RO          273    .ARM.Collect$$_printf_percent$$00000004  c_w.l(_printf_e.o)
    0x08000238   0x08000238   0x00000006   Code   RO          274    .ARM.Collect$$_printf_percent$$00000005  c_w.l(_printf_g.o)
    0x0800023e   0x0800023e   0x00000006   Code   RO          275    .ARM.Collect$$_printf_percent$$00000006  c_w.l(_printf_a.o)
    0x08000244   0x08000244   0x0000000a   Code   RO          280    .ARM.Collect$$_printf_percent$$00000007  c_w.l(_printf_ll.o)
    0x0800024e   0x0800024e   0x00000006   Code   RO          269    .ARM.Collect$$_printf_percent$$00000008  c_w.l(_printf_i.o)
    0x08000254   0x08000254   0x00000006   Code   RO          270    .ARM.Collect$$_printf_percent$$00000009  c_w.l(_printf_d.o)
    0x0800025a   0x0800025a   0x00000006   Code   RO          271    .ARM.Collect$$_printf_percent$$0000000A  c_w.l(_printf_u.o)
    0x08000260   0x08000260   0x00000006   Code   RO          268    .ARM.Collect$$_printf_percent$$0000000B  c_w.l(_printf_o.o)
    0x08000266   0x08000266   0x00000006   Code   RO          266    .ARM.Collect$$_printf_percent$$0000000C  c_w.l(_printf_x.o)
    0x0800026c   0x0800026c   0x00000006   Code   RO          277    .ARM.Collect$$_printf_percent$$0000000D  c_w.l(_printf_lli.o)
    0x08000272   0x08000272   0x00000006   Code   RO          278    .ARM.Collect$$_printf_percent$$0000000E  c_w.l(_printf_lld.o)
    0x08000278   0x08000278   0x00000006   Code   RO          279    .ARM.Collect$$_printf_percent$$0000000F  c_w.l(_printf_llu.o)
    0x0800027e   0x0800027e   0x00000006   Code   RO          284    .ARM.Collect$$_printf_percent$$00000010  c_w.l(_printf_llo.o)
    0x08000284   0x08000284   0x00000006   Code   RO          285    .ARM.Collect$$_printf_percent$$00000011  c_w.l(_printf_llx.o)
    0x0800028a   0x0800028a   0x0000000a   Code   RO          281    .ARM.Collect$$_printf_percent$$00000012  c_w.l(_printf_l.o)
    0x08000294   0x08000294   0x00000006   Code   RO          263    .ARM.Collect$$_printf_percent$$00000013  c_w.l(_printf_c.o)
    0x0800029a   0x0800029a   0x00000006   Code   RO          264    .ARM.Collect$$_printf_percent$$00000014  c_w.l(_printf_s.o)
    0x080002a0   0x080002a0   0x00000006   Code   RO          282    .ARM.Collect$$_printf_percent$$00000015  c_w.l(_printf_lc.o)
    0x080002a6   0x080002a6   0x00000006   Code   RO          283    .ARM.Collect$$_printf_percent$$00000016  c_w.l(_printf_ls.o)
    0x080002ac   0x080002ac   0x00000004   Code   RO          390    .ARM.Collect$$_printf_percent$$00000017  c_w.l(_printf_percent_end.o)
    0x080002b0   0x080002b0   0x00000002   Code   RO          450    .ARM.Collect$$libinit$$00000000  c_w.l(libinit.o)
    0x080002b2   0x080002b2   0x00000004   Code   RO          462    .ARM.Collect$$libinit$$00000001  c_w.l(libinit2.o)
    0x080002b6   0x080002b6   0x00000000   Code   RO          465    .ARM.Collect$$libinit$$00000004  c_w.l(libinit2.o)
    0x080002b6   0x080002b6   0x00000000   Code   RO          467    .ARM.Collect$$libinit$$00000006  c_w.l(libinit2.o)
    0x080002b6   0x080002b6   0x00000000   Code   RO          470    .ARM.Collect$$libinit$$0000000C  c_w.l(libinit2.o)
    0x080002b6   0x080002b6   0x00000000   Code   RO          472    .ARM.Collect$$libinit$$0000000E  c_w.l(libinit2.o)
    0x080002b6   0x080002b6   0x00000000   Code   RO          474    .ARM.Collect$$libinit$$00000010  c_w.l(libinit2.o)
    0x080002b6   0x080002b6   0x00000006   Code   RO          475    .ARM.Collect$$libinit$$00000011  c_w.l(libinit2.o)
    0x080002bc   0x080002bc   0x00000000   Code   RO          477    .ARM.Collect$$libinit$$00000013  c_w.l(libinit2.o)
    0x080002bc   0x080002bc   0x0000000c   Code   RO          478    .ARM.Collect$$libinit$$00000014  c_w.l(libinit2.o)
    0x080002c8   0x080002c8   0x00000000   Code   RO          479    .ARM.Collect$$libinit$$00000015  c_w.l(libinit2.o)
    0x080002c8   0x080002c8   0x00000000   Code   RO          481    .ARM.Collect$$libinit$$00000017  c_w.l(libinit2.o)
    0x080002c8   0x080002c8   0x0000000a   Code   RO          482    .ARM.Collect$$libinit$$00000018  c_w.l(libinit2.o)
    0x080002d2   0x080002d2   0x00000000   Code   RO          483    .ARM.Collect$$libinit$$00000019  c_w.l(libinit2.o)
    0x080002d2   0x080002d2   0x00000000   Code   RO          485    .ARM.Collect$$libinit$$0000001B  c_w.l(libinit2.o)
    0x080002d2   0x080002d2   0x00000000   Code   RO          487    .ARM.Collect$$libinit$$0000001D  c_w.l(libinit2.o)
    0x080002d2   0x080002d2   0x00000000   Code   RO          489    .ARM.Collect$$libinit$$0000001F  c_w.l(libinit2.o)
    0x080002d2   0x080002d2   0x00000000   Code   RO          491    .ARM.Collect$$libinit$$00000021  c_w.l(libinit2.o)
    0x080002d2   0x080002d2   0x00000000   Code   RO          493    .ARM.Collect$$libinit$$00000023  c_w.l(libinit2.o)
    0x080002d2   0x080002d2   0x00000000   Code   RO          495    .ARM.Collect$$libinit$$00000025  c_w.l(libinit2.o)
    0x080002d2   0x080002d2   0x00000000   Code   RO          497    .ARM.Collect$$libinit$$00000027  c_w.l(libinit2.o)
    0x080002d2   0x080002d2   0x00000000   Code   RO          501    .ARM.Collect$$libinit$$0000002E  c_w.l(libinit2.o)
    0x080002d2   0x080002d2   0x00000000   Code   RO          503    .ARM.Collect$$libinit$$00000030  c_w.l(libinit2.o)
    0x080002d2   0x080002d2   0x00000000   Code   RO          505    .ARM.Collect$$libinit$$00000032  c_w.l(libinit2.o)
    0x080002d2   0x080002d2   0x00000000   Code   RO          507    .ARM.Collect$$libinit$$00000034  c_w.l(libinit2.o)
    0x080002d2   0x080002d2   0x00000002   Code   RO          508    .ARM.Collect$$libinit$$00000035  c_w.l(libinit2.o)
    0x080002d4   0x080002d4   0x00000002   Code   RO          532    .ARM.Collect$$libshutdown$$00000000  c_w.l(libshutdown.o)
    0x080002d6   0x080002d6   0x00000000   Code   RO          547    .ARM.Collect$$libshutdown$$00000002  c_w.l(libshutdown2.o)
    0x080002d6   0x080002d6   0x00000000   Code   RO          549    .ARM.Collect$$libshutdown$$00000004  c_w.l(libshutdown2.o)
    0x080002d6   0x080002d6   0x00000000   Code   RO          552    .ARM.Collect$$libshutdown$$00000007  c_w.l(libshutdown2.o)
    0x080002d6   0x080002d6   0x00000000   Code   RO          555    .ARM.Collect$$libshutdown$$0000000A  c_w.l(libshutdown2.o)
    0x080002d6   0x080002d6   0x00000000   Code   RO          557    .ARM.Collect$$libshutdown$$0000000C  c_w.l(libshutdown2.o)
    0x080002d6   0x080002d6   0x00000000   Code   RO          560    .ARM.Collect$$libshutdown$$0000000F  c_w.l(libshutdown2.o)
    0x080002d6   0x080002d6   0x00000002   Code   RO          561    .ARM.Collect$$libshutdown$$00000010  c_w.l(libshutdown2.o)
    0x080002d8   0x080002d8   0x00000000   Code   RO          192    .ARM.Collect$$rtentry$$00000000  c_w.l(__rtentry.o)
    0x080002d8   0x080002d8   0x00000000   Code   RO          354    .ARM.Collect$$rtentry$$00000002  c_w.l(__rtentry2.o)
    0x080002d8   0x080002d8   0x00000006   Code   RO          366    .ARM.Collect$$rtentry$$00000004  c_w.l(__rtentry4.o)
    0x080002de   0x080002de   0x00000000   Code   RO          356    .ARM.Collect$$rtentry$$00000009  c_w.l(__rtentry2.o)
    0x080002de   0x080002de   0x00000004   Code   RO          357    .ARM.Collect$$rtentry$$0000000A  c_w.l(__rtentry2.o)
    0x080002e2   0x080002e2   0x00000000   Code   RO          359    .ARM.Collect$$rtentry$$0000000C  c_w.l(__rtentry2.o)
    0x080002e2   0x080002e2   0x00000008   Code   RO          360    .ARM.Collect$$rtentry$$0000000D  c_w.l(__rtentry2.o)
    0x080002ea   0x080002ea   0x00000002   Code   RO          453    .ARM.Collect$$rtexit$$00000000  c_w.l(rtexit.o)
    0x080002ec   0x080002ec   0x00000000   Code   RO          510    .ARM.Collect$$rtexit$$00000002  c_w.l(rtexit2.o)
    0x080002ec   0x080002ec   0x00000004   Code   RO          511    .ARM.Collect$$rtexit$$00000003  c_w.l(rtexit2.o)
    0x080002f0   0x080002f0   0x00000006   Code   RO          512    .ARM.Collect$$rtexit$$00000004  c_w.l(rtexit2.o)
    0x080002f6   0x080002f6   0x00000002   PAD
    0x080002f8   0x080002f8   0x00000040   Code   RO          105  * .text               startup_stm32f429xx.o
    0x08000338   0x08000338   0x0000002c   Code   RO          126    .text               c_w.l(sprintf.o)
    0x08000364   0x08000364   0x0000008a   Code   RO          128    .text               c_w.l(rt_memcpy_v6.o)
    0x080003ee   0x080003ee   0x00000006   Code   RO          130    .text               c_w.l(heapauxi.o)
    0x080003f4   0x080003f4   0x00000016   Code   RO          193    .text               c_w.l(_rserrno.o)
    0x0800040a   0x0800040a   0x0000004e   Code   RO          197    .text               c_w.l(_printf_pad.o)
    0x08000458   0x08000458   0x00000024   Code   RO          199    .text               c_w.l(_printf_truncate.o)
    0x0800047c   0x0800047c   0x00000052   Code   RO          201    .text               c_w.l(_printf_str.o)
    0x080004ce   0x080004ce   0x00000002   PAD
    0x080004d0   0x080004d0   0x00000078   Code   RO          203    .text               c_w.l(_printf_dec.o)
    0x08000548   0x08000548   0x00000028   Code   RO          205    .text               c_w.l(_printf_charcount.o)
    0x08000570   0x08000570   0x00000030   Code   RO          207    .text               c_w.l(_printf_char_common.o)
    0x080005a0   0x080005a0   0x0000000a   Code   RO          209    .text               c_w.l(_sputc.o)
    0x080005aa   0x080005aa   0x00000002   PAD
    0x080005ac   0x080005ac   0x000000bc   Code   RO          211    .text               c_w.l(_printf_wctomb.o)
    0x08000668   0x08000668   0x0000007c   Code   RO          214    .text               c_w.l(_printf_longlong_dec.o)
    0x080006e4   0x080006e4   0x00000070   Code   RO          220    .text               c_w.l(_printf_oct_int_ll.o)
    0x08000754   0x08000754   0x00000094   Code   RO          240    .text               c_w.l(_printf_hex_int_ll_ptr.o)
    0x080007e8   0x080007e8   0x00000188   Code   RO          260    .text               c_w.l(__printf_flags_ss_wp.o)
    0x08000970   0x08000970   0x00000064   Code   RO          286    .text               c_w.l(rt_memcpy_w.o)
    0x080009d4   0x080009d4   0x00000008   Code   RO          371    .text               c_w.l(rt_errno_addr_intlibspace.o)
    0x080009dc   0x080009dc   0x0000008a   Code   RO          373    .text               c_w.l(lludiv10.o)
    0x08000a66   0x08000a66   0x000000b2   Code   RO          375    .text               c_w.l(_printf_intcommon.o)
    0x08000b18   0x08000b18   0x0000041c   Code   RO          377    .text               c_w.l(_printf_fp_dec.o)
    0x08000f34   0x08000f34   0x000002fc   Code   RO          381    .text               c_w.l(_printf_fp_hex.o)
    0x08001230   0x08001230   0x0000002c   Code   RO          386    .text               c_w.l(_printf_char.o)
    0x0800125c   0x0800125c   0x0000002c   Code   RO          388    .text               c_w.l(_printf_wchar.o)
    0x08001288   0x08001288   0x00000048   Code   RO          391    .text               c_w.l(_c16rtomb.o)
    0x080012d0   0x080012d0   0x00000008   Code   RO          399    .text               c_w.l(libspace.o)
    0x080012d8   0x080012d8   0x0000004a   Code   RO          402    .text               c_w.l(sys_stackheap_outer.o)
    0x08001322   0x08001322   0x00000002   PAD
    0x08001324   0x08001324   0x00000010   Code   RO          404    .text               c_w.l(rt_ctype_table.o)
    0x08001334   0x08001334   0x00000008   Code   RO          409    .text               c_w.l(rt_locale_intlibspace.o)
    0x0800133c   0x0800133c   0x00000080   Code   RO          411    .text               c_w.l(_printf_fp_infnan.o)
    0x080013bc   0x080013bc   0x000000e4   Code   RO          413    .text               c_w.l(bigflt0.o)
    0x080014a0   0x080014a0   0x00000012   Code   RO          443    .text               c_w.l(exit.o)
    0x080014b2   0x080014b2   0x00000006   PAD
    0x080014b8   0x080014b8   0x0000007c   Code   RO          460    .text               c_w.l(strcmpv7em.o)
    0x08001534   0x08001534   0x0000000c   Code   RO          522    .text               c_w.l(sys_exit.o)
    0x08001540   0x08001540   0x00000002   Code   RO          537    .text               c_w.l(use_no_semi.o)
    0x08001542   0x08001542   0x00000000   Code   RO          539    .text               c_w.l(indicate_semi.o)
    0x08001542   0x08001542   0x00000002   PAD
    0x08001544   0x08001544   0x00000038   Code   RO           14    .text.BLU_BTN_INIT  switch.o
    0x0800157c   0x0800157c   0x0000000a   Code   RO           37    .text.LCD_home      lcd.o
    0x08001586   0x08001586   0x00000002   PAD
    0x08001588   0x08001588   0x0000002e   Code   RO           35    .text.LCD_strobe    lcd.o
    0x080015b6   0x080015b6   0x00000002   PAD
    0x080015b8   0x080015b8   0x0000006e   Code   RO           12    .text.LED_INIT      switch.o
    0x08001626   0x08001626   0x00000002   PAD
    0x08001628   0x08001628   0x0000012e   Code   RO          114    .text.SystemCoreClockUpdate  system_stm32f4xx.o
    0x08001756   0x08001756   0x00000002   PAD
    0x08001758   0x08001758   0x0000006e   Code   RO          112    .text.SystemInit    system_stm32f4xx.o
    0x080017c6   0x080017c6   0x00000002   PAD
    0x080017c8   0x080017c8   0x00000070   Code   RO           31    .text.WaitLCDBusy   lcd.o
    0x08001838   0x08001838   0x00000030   Code   RO           39    .text.cmdLCD        lcd.o
    0x08001868   0x08001868   0x00000060   Code   RO           45    .text.decIntToDecStr  lcd.o
    0x080018c8   0x080018c8   0x00000088   Code   RO           47    .text.decIntToHexStr  lcd.o
    0x08001950   0x08001950   0x0000005a   Code   RO           89    .text.initBuzz      buzz.o
    0x080019aa   0x080019aa   0x00000002   PAD
    0x080019ac   0x080019ac   0x0000008e   Code   RO           55    .text.initLCD8      lcd.o
    0x08001a3a   0x08001a3a   0x00000002   PAD
    0x08001a3c   0x08001a3c   0x0000006a   Code   RO           78    .text.init_ADC      adc.o
    0x08001aa6   0x08001aa6   0x00000002   PAD
    0x08001aa8   0x08001aa8   0x00000050   Code   RO           65    .text.init_DAC      dac.o
    0x08001af8   0x08001af8   0x00000050   Code   RO           29    .text.lcd_delayus   lcd.o
    0x08001b48   0x08001b48   0x000004b8   Code   RO            2    .text.main          main.o
    0x08002000   0x08002000   0x00000018   Code   RO           67    .text.output_dac1   dac.o
    0x08002018   0x08002018   0x00000018   Code   RO           69    .text.output_dac2   dac.o
    0x08002030   0x08002030   0x00000030   Code   RO           41    .text.putLCD        lcd.o
    0x08002060   0x08002060   0x0000001e   Code   RO           33    .text.set_LCD_data  lcd.o
    0x0800207e   0x0800207e   0x00000002   PAD
    0x08002080   0x08002080   0x00000084   Code   RO           43    .text.stringLCD     lcd.o
    0x08002104   0x08002104   0x0000005a   Code   RO           93    .text.tempBuzz      buzz.o
    0x0800215e   0x0800215e   0x0000003e   Code   RO          416    CL$$btod_d2e        c_w.l(btod.o)
    0x0800219c   0x0800219c   0x00000046   Code   RO          418    CL$$btod_d2e_denorm_low  c_w.l(btod.o)
    0x080021e2   0x080021e2   0x00000060   Code   RO          417    CL$$btod_d2e_norm_op1  c_w.l(btod.o)
    0x08002242   0x08002242   0x00000002   PAD
    0x08002244   0x08002244   0x00000338   Code   RO          426    CL$$btod_div_common  c_w.l(btod.o)
    0x0800257c   0x0800257c   0x000000dc   Code   RO          423    CL$$btod_e2e        c_w.l(btod.o)
    0x08002658   0x08002658   0x0000002a   Code   RO          420    CL$$btod_ediv       c_w.l(btod.o)
    0x08002682   0x08002682   0x0000002a   Code   RO          419    CL$$btod_emul       c_w.l(btod.o)
    0x080026ac   0x080026ac   0x00000244   Code   RO          425    CL$$btod_mult_common  c_w.l(btod.o)
    0x080028f0   0x080028f0   0x00000030   Code   RO          334    i.__ARM_fpclassify  m_wm.l(fpclassify.o)
    0x08002920   0x08002920   0x00000360   Code   RO          160    i.__hardfp_asin     m_wm.l(asin.o)
    0x08002c80   0x08002c80   0x00000118   Code   RO          167    i.__hardfp_floor    m_wm.l(floor.o)
    0x08002d98   0x08002d98   0x000003c4   Code   RO          173    i.__hardfp_log      m_wm.l(log.o)
    0x0800315c   0x0800315c   0x00000004   PAD
    0x08003160   0x08003160   0x00000130   Code   RO          180    i.__hardfp_log10    m_wm.l(log10.o)
    0x08003290   0x08003290   0x000000c8   Code   RO          186    i.__hardfp_sin      m_wm.l(sin.o)
    0x08003358   0x08003358   0x00000438   Code   RO          339    i.__ieee754_rem_pio2  m_wm.l(rred.o)
    0x08003790   0x08003790   0x00000170   Code   RO          311    i.__kernel_cos      m_wm.l(cos_i.o)
    0x08003900   0x08003900   0x000000f8   Code   RO          336    i.__kernel_poly     m_wm.l(poly.o)
    0x080039f8   0x080039f8   0x00000130   Code   RO          344    i.__kernel_sin      m_wm.l(sin_i.o)
    0x08003b28   0x08003b28   0x00000030   Code   RO          314    i.__mathlib_dbl_divzero  m_wm.l(dunder.o)
    0x08003b58   0x08003b58   0x00000014   Code   RO          315    i.__mathlib_dbl_infnan  m_wm.l(dunder.o)
    0x08003b6c   0x08003b6c   0x00000004   PAD
    0x08003b70   0x08003b70   0x00000020   Code   RO          317    i.__mathlib_dbl_invalid  m_wm.l(dunder.o)
    0x08003b90   0x08003b90   0x00000020   Code   RO          320    i.__mathlib_dbl_underflow  m_wm.l(dunder.o)
    0x08003bb0   0x08003bb0   0x0000000e   Code   RO          253    i._is_digit         c_w.l(__printf_wp.o)
    0x08003bbe   0x08003bbe   0x00000018   Code   RO          330    i.fabs              m_wm.l(fabs.o)
    0x08003bd6   0x08003bd6   0x00000010   Code   RO          175    i.log               m_wm.l(log.o)
    0x08003be6   0x08003be6   0x0000006e   Code   RO          349    i.sqrt              m_wm.l(sqrt.o)
    0x08003c54   0x08003c54   0x0000002c   Code   RO          441    locale$$code        c_w.l(lc_numeric_c.o)
    0x08003c80   0x08003c80   0x0000002c   Code   RO          458    locale$$code        c_w.l(lc_ctype_c.o)
    0x08003cac   0x08003cac   0x00000018   Code   RO          288    x$fpl$basic         fz_wm.l(basic.o)
    0x08003cc4   0x08003cc4   0x00000062   Code   RO          134    x$fpl$d2f           fz_wm.l(d2f.o)
    0x08003d26   0x08003d26   0x00000002   PAD
    0x08003d28   0x08003d28   0x00000150   Code   RO          136    x$fpl$dadd          fz_wm.l(daddsub_clz.o)
    0x08003e78   0x08003e78   0x00000018   Code   RO          393    x$fpl$dcmpinf       fz_wm.l(dcmpi.o)
    0x08003e90   0x08003e90   0x000002b4   Code   RO          143    x$fpl$ddiv          fz_wm.l(ddiv.o)
    0x08004144   0x08004144   0x00000078   Code   RO          290    x$fpl$deqf          fz_wm.l(deqf.o)
    0x080041bc   0x080041bc   0x0000005e   Code   RO          146    x$fpl$dfix          fz_wm.l(dfix.o)
    0x0800421a   0x0800421a   0x0000002e   Code   RO          151    x$fpl$dflt          fz_wm.l(dflt_clz.o)
    0x08004248   0x08004248   0x00000026   Code   RO          150    x$fpl$dfltu         fz_wm.l(dflt_clz.o)
    0x0800426e   0x0800426e   0x00000002   PAD
    0x08004270   0x08004270   0x00000078   Code   RO          395    x$fpl$dleqf         fz_wm.l(dleqf.o)
    0x080042e8   0x080042e8   0x00000154   Code   RO          156    x$fpl$dmul          fz_wm.l(dmul.o)
    0x0800443c   0x0800443c   0x0000009c   Code   RO          292    x$fpl$dnaninf       fz_wm.l(dnaninf.o)
    0x080044d8   0x080044d8   0x0000000c   Code   RO          294    x$fpl$dretinf       fz_wm.l(dretinf.o)
    0x080044e4   0x080044e4   0x0000006c   Code   RO          296    x$fpl$drleqf        fz_wm.l(drleqf.o)
    0x08004550   0x08004550   0x00000016   Code   RO          137    x$fpl$drsb          fz_wm.l(daddsub_clz.o)
    0x08004566   0x08004566   0x00000002   PAD
    0x08004568   0x08004568   0x00000198   Code   RO          397    x$fpl$dsqrt         fz_wm.l(dsqrt_umaal.o)
    0x08004700   0x08004700   0x000001dc   Code   RO          138    x$fpl$dsub          fz_wm.l(daddsub_clz.o)
    0x080048dc   0x080048dc   0x00000056   Code   RO          158    x$fpl$f2d           fz_wm.l(f2d.o)
    0x08004932   0x08004932   0x0000008c   Code   RO          298    x$fpl$fnaninf       fz_wm.l(fnaninf.o)
    0x080049be   0x080049be   0x0000001a   Code   RO          520    x$fpl$fpinit        fz_wm.l(fpinit.o)
    0x080049d8   0x080049d8   0x0000000a   Code   RO          300    x$fpl$fretinf       fz_wm.l(fretinf.o)
    0x080049e2   0x080049e2   0x00000004   Code   RO          302    x$fpl$printf1       fz_wm.l(printf1.o)
    0x080049e6   0x080049e6   0x00000004   Code   RO          304    x$fpl$printf2       fz_wm.l(printf2.o)
    0x080049ea   0x080049ea   0x00000000   Code   RO          310    x$fpl$usenofp       fz_wm.l(usenofp.o)
    0x080049ea   0x080049ea   0x00000006   PAD
    0x080049f0   0x080049f0   0x00000050   Data   RO          163    .constdata          m_wm.l(asin.o)
    0x08004a40   0x08004a40   0x00000038   Data   RO          176    .constdata          m_wm.l(log.o)
    0x08004a78   0x08004a78   0x00000008   Data   RO          212    .constdata          c_w.l(_printf_wctomb.o)
    0x08004a80   0x08004a80   0x00000028   Data   RO          241    .constdata          c_w.l(_printf_hex_int_ll_ptr.o)
    0x08004aa8   0x08004aa8   0x00000011   Data   RO          261    .constdata          c_w.l(__printf_flags_ss_wp.o)
    0x08004ab9   0x08004ab9   0x00000007   PAD
    0x08004ac0   0x08004ac0   0x00000030   Data   RO          312    .constdata          m_wm.l(cos_i.o)
    0x08004af0   0x08004af0   0x00000008   Data   RO          338    .constdata          m_wm.l(qnan.o)
    0x08004af8   0x08004af8   0x000000cc   Data   RO          341    .constdata          m_wm.l(rred.o)
    0x08004bc4   0x08004bc4   0x00000004   PAD
    0x08004bc8   0x08004bc8   0x00000028   Data   RO          345    .constdata          m_wm.l(sin_i.o)
    0x08004bf0   0x08004bf0   0x00000026   Data   RO          382    .constdata          c_w.l(_printf_fp_hex.o)
    0x08004c16   0x08004c16   0x00000002   PAD
    0x08004c18   0x08004c18   0x00000094   Data   RO          414    .constdata          c_w.l(bigflt0.o)
    0x08004cac   0x08004cac   0x00000010   Data   RO          117    .rodata.AHBPrescTable  system_stm32f4xx.o
    0x08004cbc   0x08004cbc   0x0000003b   Data   RO            4    .rodata.str1.1      main.o
    0x08004cf7   0x08004cf7   0x00000006   Data   RO           57    .rodata.str1.1      lcd.o
    0x08004cfd   0x08004cfd   0x00000003   PAD
    0x08004d00   0x08004d00   0x00000020   Data   RO          595    Region$$Table       anon$$obj.o
    0x08004d20   0x08004d20   0x0000001c   Data   RO          440    locale$$data        c_w.l(lc_numeric_c.o)
    0x08004d3c   0x08004d3c   0x00000110   Data   RO          457    locale$$data        c_w.l(lc_ctype_c.o)


    Execution Region ER_RW (Exec base: 0x20000000, Load base: 0x08004e4c, Size: 0x00000004, Max: 0xffffffff, ABSOLUTE)

    Exec Addr    Load Addr    Size         Type   Attr      Idx    E Section Name        Object

    0x20000000   0x08004e4c   0x00000004   Data   RW          116    .data.SystemCoreClock  system_stm32f4xx.o


    Execution Region ER_ZI (Exec base: 0x20000008, Load base: 0x08004e50, Size: 0x00000660, Max: 0xffffffff, ABSOLUTE)

    Exec Addr    Load Addr    Size         Type   Attr      Idx    E Section Name        Object

    0x20000008        -       0x00000060   Zero   RW          400    .bss                c_w.l(libspace.o)
    0x20000068        -       0x00000200   Zero   RW          103    HEAP                startup_stm32f429xx.o
    0x20000268        -       0x00000400   Zero   RW          102    STACK               startup_stm32f429xx.o


==============================================================================

Image component sizes


      Code (inc. data)   RO Data    RW Data    ZI Data      Debug   Object Name

       106          0          0          0          0       2202   adc.o
       180          0          0          0          0       2089   buzz.o
       128          0          0          0          0       2217   dac.o
       880         24          6          0          0       3765   lcd.o
      1208         48         59          0          0       1913   main.o
        64         26        428          0       1536        908   startup_stm32f429xx.o
       166          0          0          0          0       2418   switch.o
       412          0         16          4          0       2654   system_stm32f4xx.o

    ----------------------------------------------------------------------
      3162         98        544          4       1536      18166   Object Totals
         0          0         32          0          0          0   (incl. Generated)
        18          0          3          0          0          0   (incl. Padding)

    ----------------------------------------------------------------------

      Code (inc. data)   RO Data    RW Data    ZI Data      Debug   Library Member Name

         8          0          0          0          0         68   __main.o
       392          4         17          0          0         92   __printf_flags_ss_wp.o
        14          0          0          0          0         68   __printf_wp.o
         0          0          0          0          0          0   __rtentry.o
        12          0          0          0          0          0   __rtentry2.o
         6          0          0          0          0          0   __rtentry4.o
        52          8          0          0          0          0   __scatter.o
        26          0          0          0          0          0   __scatter_copy.o
        28          0          0          0          0          0   __scatter_zi.o
        72          0          0          0          0         96   _c16rtomb.o
         6          0          0          0          0          0   _printf_a.o
         6          0          0          0          0          0   _printf_c.o
        44          0          0          0          0        108   _printf_char.o
        48          6          0          0          0         96   _printf_char_common.o
        40          0          0          0          0         68   _printf_charcount.o
         6          0          0          0          0          0   _printf_d.o
       120         16          0          0          0         92   _printf_dec.o
         6          0          0          0          0          0   _printf_e.o
         6          0          0          0          0          0   _printf_f.o
      1052          0          0          0          0        148   _printf_fp_dec.o
       764          8         38          0          0        100   _printf_fp_hex.o
       128         16          0          0          0         84   _printf_fp_infnan.o
         6          0          0          0          0          0   _printf_g.o
       148          4         40          0          0        160   _printf_hex_int_ll_ptr.o
         6          0          0          0          0          0   _printf_i.o
       178          0          0          0          0         88   _printf_intcommon.o
        10          0          0          0          0          0   _printf_l.o
         6          0          0          0          0          0   _printf_lc.o
        10          0          0          0          0          0   _printf_ll.o
         6          0          0          0          0          0   _printf_lld.o
         6          0          0          0          0          0   _printf_lli.o
         6          0          0          0          0          0   _printf_llo.o
         6          0          0          0          0          0   _printf_llu.o
         6          0          0          0          0          0   _printf_llx.o
       124         16          0          0          0         92   _printf_longlong_dec.o
         6          0          0          0          0          0   _printf_ls.o
         6          0          0          0          0          0   _printf_n.o
         6          0          0          0          0          0   _printf_o.o
       112          8          0          0          0        124   _printf_oct_int_ll.o
         6          0          0          0          0          0   _printf_p.o
        78          0          0          0          0        108   _printf_pad.o
         0          0          0          0          0          0   _printf_percent.o
         4          0          0          0          0          0   _printf_percent_end.o
         6          0          0          0          0          0   _printf_s.o
        82          0          0          0          0         80   _printf_str.o
        36          0          0          0          0         84   _printf_truncate.o
         6          0          0          0          0          0   _printf_u.o
        44          0          0          0          0        108   _printf_wchar.o
       188          6          8          0          0         92   _printf_wctomb.o
         6          0          0          0          0          0   _printf_x.o
        22          0          0          0          0        100   _rserrno.o
        10          0          0          0          0         68   _sputc.o
       228          4        148          0          0         96   bigflt0.o
      1936        128          0          0          0        668   btod.o
        18          0          0          0          0         80   exit.o
         6          0          0          0          0        152   heapauxi.o
         0          0          0          0          0          0   indicate_semi.o
        44         10        272          0          0         76   lc_ctype_c.o
        44         10         28          0          0         76   lc_numeric_c.o
         2          0          0          0          0          0   libinit.o
        34          0          0          0          0          0   libinit2.o
         2          0          0          0          0          0   libshutdown.o
         2          0          0          0          0          0   libshutdown2.o
         8          4          0          0         96         68   libspace.o
       138          0          0          0          0         80   lludiv10.o
        16          4          0          0          0         76   rt_ctype_table.o
         8          4          0          0          0         68   rt_errno_addr_intlibspace.o
         8          4          0          0          0         68   rt_locale_intlibspace.o
       138          0          0          0          0         68   rt_memcpy_v6.o
       100          0          0          0          0         80   rt_memcpy_w.o
         2          0          0          0          0          0   rtexit.o
        10          0          0          0          0          0   rtexit2.o
        44          6          0          0          0         84   sprintf.o
       124          0          0          0          0         88   strcmpv7em.o
        12          4          0          0          0         68   sys_exit.o
        74          0          0          0          0         80   sys_stackheap_outer.o
         2          0          0          0          0         68   use_no_semi.o
        24          0          0          0          0        164   basic.o
        98          4          0          0          0        140   d2f.o
       834         16          0          0          0        516   daddsub_clz.o
        24          0          0          0          0        116   dcmpi.o
       692        140          0          0          0        264   ddiv.o
       120          4          0          0          0        140   deqf.o
        94          4          0          0          0        140   dfix.o
        84          0          0          0          0        232   dflt_clz.o
       120          4          0          0          0        140   dleqf.o
       340         12          0          0          0        152   dmul.o
       156          4          0          0          0        140   dnaninf.o
        12          0          0          0          0        116   dretinf.o
       108          0          0          0          0        128   drleqf.o
       408         56          0          0          0        168   dsqrt_umaal.o
        86          4          0          0          0        132   f2d.o
       140          4          0          0          0        132   fnaninf.o
        26          0          0          0          0        116   fpinit.o
        10          0          0          0          0        116   fretinf.o
         4          0          0          0          0        116   printf1.o
         4          0          0          0          0        116   printf2.o
         0          0          0          0          0          0   usenofp.o
       864         94         80          0          0        280   asin.o
       368         46         48          0          0        200   cos_i.o
       132         36          0          0          0        496   dunder.o
        24          0          0          0          0        124   fabs.o
       280         28          0          0          0        156   floor.o
        48          0          0          0          0        124   fpclassify.o
       980         92         56          0          0        440   log.o
       304         44          0          0          0        200   log10.o
       248          0          0          0          0        152   poly.o
         0          0          8          0          0          0   qnan.o
      1080        142        204          0          0        188   rred.o
       200         20          0          0          0        164   sin.o
       304         24         40          0          0        208   sin_i.o
       110          0          0          0          0        148   sqrt.o

    ----------------------------------------------------------------------
     15338       1052       1000          0         96      10332   Library Totals
        40          4         13          0          0          0   (incl. Padding)

    ----------------------------------------------------------------------

      Code (inc. data)   RO Data    RW Data    ZI Data      Debug   Library Name

      6972        270        551          0         96       4168   c_w.l
      3384        252          0          0          0       3284   fz_wm.l
      4942        526        436          0          0       2880   m_wm.l

    ----------------------------------------------------------------------
     15338       1052       1000          0         96      10332   Library Totals

    ----------------------------------------------------------------------

==============================================================================


      Code (inc. data)   RO Data    RW Data    ZI Data      Debug   

     18500       1150       1544          4       1632      22342   Grand Totals
     18500       1150       1544          4       1632      22342   ELF Image Totals
     18500       1150       1544          4          0          0   ROM Totals

==============================================================================

    Total RO  Size (Code + RO Data)                20044 (  19.57kB)
    Total RW  Size (RW Data + ZI Data)              1636 (   1.60kB)
    Total ROM Size (Code + RO Data + RW Data)      20048 (  19.58kB)

==============================================================================

