Component: Arm Compiler for Embedded 6.22 Tool: armlink [5ee90200]

==============================================================================

Section Cross References

    main.o(.text.main) refers to system_stm32f4xx.o(.text.SystemCoreClockUpdate) for SystemCoreClockUpdate
    main.o(.text.main) refers to adc.o(.text.init_ADC) for init_ADC
    main.o(.text.main) refers to led.o(.text.LED_INIT) for LED_INIT
    main.o(.text.main) refers to led.o(.text.Toggle_LED) for Toggle_LED
    main.o(.text.main) refers to timer.o(.text.Hold_Blue_LED) for Hold_Blue_LED
    main.o(.text.main) refers to usart.o(.text.init_USART) for init_USART
    main.o(.text.main) refers to procecess_usart.o(.text.process_USART_Input) for process_USART_Input
    main.o(.ARM.exidx.text.main) refers to main.o(.text.main) for [Anonymous Symbol]
    switch.o(.ARM.exidx.text.BLU_BTN_INIT) refers to switch.o(.text.BLU_BTN_INIT) for [Anonymous Symbol]
    switch.o(.ARM.exidx.text.FOUR_BTN_INIT) refers to switch.o(.text.FOUR_BTN_INIT) for [Anonymous Symbol]
    switch.o(.ARM.exidx.text.readBTNValue) refers to switch.o(.text.readBTNValue) for [Anonymous Symbol]
    lcd.o(.text.lcd_delayus) refers to system_stm32f4xx.o(.data.SystemCoreClock) for SystemCoreClock
    lcd.o(.ARM.exidx.text.lcd_delayus) refers to lcd.o(.text.lcd_delayus) for [Anonymous Symbol]
    lcd.o(.ARM.exidx.text.WaitLCDBusy) refers to lcd.o(.text.WaitLCDBusy) for [Anonymous Symbol]
    lcd.o(.ARM.exidx.text.set_LCD_data) refers to lcd.o(.text.set_LCD_data) for [Anonymous Symbol]
    lcd.o(.text.LCD_strobe) refers to lcd.o(.text.lcd_delayus) for lcd_delayus
    lcd.o(.ARM.exidx.text.LCD_strobe) refers to lcd.o(.text.LCD_strobe) for [Anonymous Symbol]
    lcd.o(.text.LCD_home) refers to lcd.o(.text.cmdLCD) for cmdLCD
    lcd.o(.ARM.exidx.text.LCD_home) refers to lcd.o(.text.LCD_home) for [Anonymous Symbol]
    lcd.o(.text.cmdLCD) refers to lcd.o(.text.WaitLCDBusy) for WaitLCDBusy
    lcd.o(.text.cmdLCD) refers to lcd.o(.text.set_LCD_data) for set_LCD_data
    lcd.o(.text.cmdLCD) refers to lcd.o(.text.LCD_strobe) for LCD_strobe
    lcd.o(.ARM.exidx.text.cmdLCD) refers to lcd.o(.text.cmdLCD) for [Anonymous Symbol]
    lcd.o(.text.putLCD) refers to lcd.o(.text.WaitLCDBusy) for WaitLCDBusy
    lcd.o(.text.putLCD) refers to lcd.o(.text.set_LCD_data) for set_LCD_data
    lcd.o(.text.putLCD) refers to lcd.o(.text.LCD_strobe) for LCD_strobe
    lcd.o(.ARM.exidx.text.putLCD) refers to lcd.o(.text.putLCD) for [Anonymous Symbol]
    lcd.o(.text.stringLCD) refers to lcd.o(.text.WaitLCDBusy) for WaitLCDBusy
    lcd.o(.text.stringLCD) refers to lcd.o(.text.LCD_home) for LCD_home
    lcd.o(.text.stringLCD) refers to lcd.o(.text.cmdLCD) for cmdLCD
    lcd.o(.text.stringLCD) refers to lcd.o(.text.putLCD) for putLCD
    lcd.o(.ARM.exidx.text.stringLCD) refers to lcd.o(.text.stringLCD) for [Anonymous Symbol]
    lcd.o(.text.decIntToDecStr) refers to lcd.o(.rodata.str1.1) for .L.str
    lcd.o(.text.decIntToDecStr) refers to sprintf.o(.text) for sprintf
    lcd.o(.text.decIntToDecStr) refers to dflt_clz.o(x$fpl$dflt) for __aeabi_i2d
    lcd.o(.text.decIntToDecStr) refers to log10.o(i.__hardfp_log10) for __hardfp_log10
    lcd.o(.text.decIntToDecStr) refers to floor.o(i.__hardfp_floor) for __hardfp_floor
    lcd.o(.text.decIntToDecStr) refers to daddsub_clz.o(x$fpl$dadd) for __aeabi_dadd
    lcd.o(.text.decIntToDecStr) refers to dfix.o(x$fpl$dfix) for __aeabi_d2iz
    lcd.o(.ARM.exidx.text.decIntToDecStr) refers to lcd.o(.text.decIntToDecStr) for [Anonymous Symbol]
    lcd.o(.text.decIntToHexStr) refers to lcd.o(.rodata.str1.1) for .L.str.1
    lcd.o(.text.decIntToHexStr) refers to sprintf.o(.text) for sprintf
    lcd.o(.text.decIntToHexStr) refers to dflt_clz.o(x$fpl$dflt) for __aeabi_i2d
    lcd.o(.text.decIntToHexStr) refers to log.o(i.__hardfp_log) for __hardfp_log
    lcd.o(.text.decIntToHexStr) refers to ddiv.o(x$fpl$ddiv) for __aeabi_ddiv
    lcd.o(.text.decIntToHexStr) refers to floor.o(i.__hardfp_floor) for __hardfp_floor
    lcd.o(.text.decIntToHexStr) refers to daddsub_clz.o(x$fpl$dadd) for __aeabi_dadd
    lcd.o(.text.decIntToHexStr) refers to dfix.o(x$fpl$dfix) for __aeabi_d2iz
    lcd.o(.ARM.exidx.text.decIntToHexStr) refers to lcd.o(.text.decIntToHexStr) for [Anonymous Symbol]
    lcd.o(.text.scrollLCD) refers to lcd.o(.text.lcd_delayus) for lcd_delayus
    lcd.o(.text.scrollLCD) refers to lcd.o(.text.cmdLCD) for cmdLCD
    lcd.o(.ARM.exidx.text.scrollLCD) refers to lcd.o(.text.scrollLCD) for [Anonymous Symbol]
    lcd.o(.text.endlessScrollLCD) refers to lcd.o(.text.lcd_delayus) for lcd_delayus
    lcd.o(.text.endlessScrollLCD) refers to lcd.o(.text.cmdLCD) for cmdLCD
    lcd.o(.ARM.exidx.text.endlessScrollLCD) refers to lcd.o(.text.endlessScrollLCD) for [Anonymous Symbol]
    lcd.o(.text.initLCD4) refers to system_stm32f4xx.o(.text.SystemCoreClockUpdate) for SystemCoreClockUpdate
    lcd.o(.text.initLCD4) refers to lcd.o(.text.lcd_delayus) for lcd_delayus
[...]
    Removing led.o(.ARM.exidx.text.toggle_PCB_IF), (8 bytes).
    Removing led.o(.text.toggle_PCB_RED), (44 bytes).
    Removing led.o(.ARM.exidx.text.toggle_PCB_RED), (8 bytes).
    Removing led.o(.text.Toggle_BLUE), (50 bytes).
    Removing led.o(.ARM.exidx.text.Toggle_BLUE), (8 bytes).
    Removing led.o(.text.ON_GRN), (14 bytes).
    Removing led.o(.ARM.exidx.text.ON_GRN), (8 bytes).
    Removing led.o(.ARM.exidx.text.Toggle_LED), (8 bytes).
    Removing rgb_bar.o(.text), (0 bytes).
    Removing rgb_bar.o(.ARM.exidx.text.init_GPIO_RGB_Bar), (8 bytes).
    Removing rgb_bar.o(.ARM.exidx.text.control_RGB_Bar), (8 bytes).
    Removing rgb_bar.o(.ARM.exidx.text.init_ADC_PA0), (8 bytes).
    Removing rgb_bar.o(.ARM.exidx.text.read_ADC_PA0), (8 bytes).
    Removing rgb_bar.o(.ARM.exidx.text.init_DAC2), (8 bytes).
    Removing rgb_bar.o(.text.output_DAC2), (24 bytes).
    Removing rgb_bar.o(.ARM.exidx.text.output_DAC2), (8 bytes).
    Removing rgb_bar.o(.ARM.exidx.text.RGB_main), (8 bytes).
    Removing rgb_bar.o(.text.turn_off_RGB_Bar), (38 bytes).
    Removing rgb_bar.o(.ARM.exidx.text.turn_off_RGB_Bar), (8 bytes).
    Removing rgb_bar.o(.text.USART_Vout), (164 bytes).
    Removing rgb_bar.o(.ARM.exidx.text.USART_Vout), (8 bytes).
    Removing rgb_bar.o(.text.bar_graph), (328 bytes).
    Removing rgb_bar.o(.ARM.exidx.text.bar_graph), (8 bytes).
    Removing rgb_bar.o(.text.send_Vout), (186 bytes).
    Removing rgb_bar.o(.ARM.exidx.text.send_Vout), (8 bytes).
    Removing rgb_bar.o(.bss.value), (4 bytes).
    Removing rgb_bar.o(.rodata.str1.1), (15 bytes).
    Removing segments.o(.text), (0 bytes).
    Removing segments.o(.ARM.exidx.text.GPIO_Init), (8 bytes).
    Removing segments.o(.ARM.exidx.text.displayDigit), (8 bytes).
    Removing segments.o(.ARM.exidx.text.seg_main), (8 bytes).
    Removing i2c.o(.text), (0 bytes).
    Removing i2c.o(.ARM.exidx.text.I2C2_Config), (8 bytes).
    Removing i2c.o(.ARM.exidx.text.I2C2_Start), (8 bytes).
    Removing i2c.o(.ARM.exidx.text.I2C2_Address), (8 bytes).
    Removing i2c.o(.ARM.exidx.text.I2C2_Write), (8 bytes).
    Removing i2c.o(.ARM.exidx.text.I2C2_Stop), (8 bytes).
    Removing i2c.o(.ARM.exidx.text.I2C2_Read), (8 bytes).
    Removing i2c.o(.ARM.exidx.text.MPU_Write), (8 bytes).
    Removing i2c.o(.ARM.exidx.text.MPU_Read), (8 bytes).
    Removing mpu_stuff.o(.text), (0 bytes).
    Removing mpu_stuff.o(.ARM.exidx.text.MPU6050_Init), (8 bytes).
    Removing mpu_stuff.o(.ARM.exidx.text.MPU6050_Read_Accel), (8 bytes).
    Removing usart.o(.text), (0 bytes).
    Removing usart.o(.ARM.exidx.text.init_USART), (8 bytes).
    Removing usart.o(.ARM.exidx.text.__NVIC_EnableIRQ), (8 bytes).
    Removing usart.o(.ARM.exidx.text.clear_terminal), (8 bytes).
    Removing usart.o(.ARM.exidx.text.USART_SendString), (8 bytes).
    Removing usart.o(.ARM.exidx.text.USART_SendData), (8 bytes).
    Removing usart.o(.ARM.exidx.text.USART3_IRQHandler), (8 bytes).
    Removing usart.o(.text.send_integer), (134 bytes).
    Removing usart.o(.ARM.exidx.text.send_integer), (8 bytes).
    Removing usart.o(.text.send_float), (80 bytes).
    Removing usart.o(.ARM.exidx.text.send_float), (8 bytes).
    Removing usart.o(.ARM.exidx.text.comparestrings), (8 bytes).
    Removing usart.o(.text.USART_reset), (134 bytes).
    Removing usart.o(.ARM.exidx.text.USART_reset), (8 bytes).
    Removing usart.o(.bss.monitor_data), (4 bytes).
    Removing timer.o(.text), (0 bytes).
    Removing timer.o(.text.float_to_string), (376 bytes).
    Removing timer.o(.ARM.exidx.text.float_to_string), (8 bytes).
    Removing timer.o(.ARM.exidx.text.Hold_Blue_LED), (8 bytes).
    Removing timer.o(.ARM.exidx.text.Init_Timer2), (8 bytes).
    Removing timer.o(.ARM.exidx.text.TIM2_IRQHandler), (8 bytes).
    Removing timer.o(.ARM.exidx.text.Init_Timer3), (8 bytes).
    Removing timer.o(.ARM.exidx.text.__NVIC_EnableIRQ), (8 bytes).
    Removing timer.o(.ARM.exidx.text.TIM3_IRQHandler), (8 bytes).
    Removing timer.o(.ARM.exidx.text.TIM3Delay), (8 bytes).
    Removing timer.o(.ARM.exidx.text.Init_Timer4), (8 bytes).
    Removing timer.o(.ARM.exidx.text.TIM4_IRQHandler), (8 bytes).
    Removing timer.o(.text.interrupt_priority), (28 bytes).
    Removing timer.o(.ARM.exidx.text.interrupt_priority), (8 bytes).
    Removing timer.o(.text.__NVIC_SetPriority), (66 bytes).
    Removing timer.o(.ARM.exidx.text.__NVIC_SetPriority), (8 bytes).
    Removing timer.o(.bss.voltage), (4 bytes).
    Removing timer.o(.bss.str), (20 bytes).
    Removing peakdetection.o(.text), (0 bytes).
    Removing peakdetection.o(.text.peakDetection), (390 bytes).
    Removing peakdetection.o(.ARM.exidx.text.peakDetection), (8 bytes).
    Removing peakdetection.o(.rodata.str1.1), (10 bytes).
    Removing buffer.o(.text), (0 bytes).
    Removing heart rate.o(.text), (0 bytes).
    Removing heart rate.o(.ARM.exidx.text.heart_rate_main), (8 bytes).
    Removing procecess_usart.o(.text), (0 bytes).
    Removing procecess_usart.o(.ARM.exidx.text.process_USART_Input), (8 bytes).
    Removing system_stm32f4xx.o(.text), (0 bytes).
    Removing system_stm32f4xx.o(.ARM.exidx.text.SystemInit), (8 bytes).
    Removing system_stm32f4xx.o(.ARM.exidx.text.SystemCoreClockUpdate), (8 bytes).

152 unused section(s) (total 64984 bytes) removed from the image.

==============================================================================

Image Symbol Table

    Local Symbols

    Symbol Name                              Value     Ov Type        Size  Object(Section)

    ../clib/angel/boardlib.s                 0x00000000   Number         0  boardinit1.o ABSOLUTE
    ../clib/angel/boardlib.s                 0x00000000   Number         0  boardinit2.o ABSOLUTE
    ../clib/angel/boardlib.s                 0x00000000   Number         0  boardinit3.o ABSOLUTE
    ../clib/angel/boardlib.s                 0x00000000   Number         0  boardshut.o ABSOLUTE
    ../clib/angel/handlers.s                 0x00000000   Number         0  __scatter_copy.o ABSOLUTE
    ../clib/angel/handlers.s                 0x00000000   Number         0  __scatter_zi.o ABSOLUTE
    ../clib/angel/kernel.s                   0x00000000   Number         0  __rtentry.o ABSOLUTE
    ../clib/angel/kernel.s                   0x00000000   Number         0  __rtentry2.o ABSOLUTE
    ../clib/angel/kernel.s                   0x00000000   Number         0  __rtentry4.o ABSOLUTE
    ../clib/angel/kernel.s                   0x00000000   Number         0  rtexit.o ABSOLUTE
    ../clib/angel/kernel.s                   0x00000000   Number         0  rtexit2.o ABSOLUTE
    ../clib/angel/rt.s                       0x00000000   Number         0  rt_errno_addr.o ABSOLUTE
    ../clib/angel/rt.s                       0x00000000   Number         0  rt_errno_addr_intlibspace.o ABSOLUTE
    ../clib/angel/rt.s                       0x00000000   Number         0  rt_ctype_table.o ABSOLUTE
    ../clib/angel/rt.s                       0x00000000   Number         0  rt_locale.o ABSOLUTE
    ../clib/angel/rt.s                       0x00000000   Number         0  rt_locale_intlibspace.o ABSOLUTE
    ../clib/angel/rt.s                       0x00000000   Number         0  rt_raise.o ABSOLUTE
    ../clib/angel/scatter.s                  0x00000000   Number         0  __scatter.o ABSOLUTE
    ../clib/angel/startup.s                  0x00000000   Number         0  __main.o ABSOLUTE
    ../clib/angel/sys.s                      0x00000000   Number         0  libspace.o ABSOLUTE
    ../clib/angel/sys.s                      0x00000000   Number         0  sys_stackheap_outer.o ABSOLUTE
    ../clib/angel/sys.s                      0x00000000   Number         0  use_no_semi.o ABSOLUTE
    ../clib/angel/sys.s                      0x00000000   Number         0  indicate_semi.o ABSOLUTE
    ../clib/angel/sysapp.c                   0x00000000   Number         0  sys_exit.o ABSOLUTE
    ../clib/angel/sysapp.c                   0x00000000   Number         0  sys_exit_hlt.o ABSOLUTE
    ../clib/angel/sysapp.c                   0x00000000   Number         0  sys_command.o ABSOLUTE
    ../clib/angel/sysapp.c                   0x00000000   Number         0  sys_command_hlt.o ABSOLUTE
    ../clib/angel/sysapp.c                   0x00000000   Number         0  sys_wrch.o ABSOLUTE
    ../clib/angel/sysapp.c                   0x00000000   Number         0  sys_wrch_hlt.o ABSOLUTE
    ../clib/armsys.c                         0x00000000   Number         0  argv_veneer.o ABSOLUTE
    ../clib/armsys.c                         0x00000000   Number         0  argv_veneer.o ABSOLUTE
    ../clib/armsys.c                         0x00000000   Number         0  _get_argv_nomalloc.o ABSOLUTE
    ../clib/armsys.c                         0x00000000   Number         0  no_argv.o ABSOLUTE
    ../clib/bigflt.c                         0x00000000   Number         0  bigflt0.o ABSOLUTE
    ../clib/btod.s                           0x00000000   Number         0  btod.o ABSOLUTE
    ../clib/btod_accurate.c                  0x00000000   Number         0  btod_accurate.o ABSOLUTE
    ../clib/btod_accurate.c                  0x00000000   Number         0  btod_accurate_common.o ABSOLUTE
    ../clib/fenv.c                           0x00000000   Number         0  _rserrno.o ABSOLUTE
    ../clib/heapalloc.c                      0x00000000   Number         0  hrguard.o ABSOLUTE
    ../clib/heapaux.c                        0x00000000   Number         0  heapauxi.o ABSOLUTE
    ../clib/libinit.s                        0x00000000   Number         0  libinit.o ABSOLUTE
    ../clib/libinit.s                        0x00000000   Number         0  libinit2.o ABSOLUTE
    ../clib/libinit.s                        0x00000000   Number         0  libshutdown.o ABSOLUTE
    ../clib/libinit.s                        0x00000000   Number         0  libshutdown2.o ABSOLUTE
    ../clib/locale.c                         0x00000000   Number         0  _c16rtomb.o ABSOLUTE
    ../clib/locale.s                         0x00000000   Number         0  lc_numeric_c.o ABSOLUTE
    ../clib/locale.s                         0x00000000   Number         0  lc_ctype_c.o ABSOLUTE
    ../clib/longlong.s                       0x00000000   Number         0  lludiv10.o ABSOLUTE
    ../clib/longlong.s                       0x00000000   Number         0  llushr.o ABSOLUTE
    ../clib/memcpset.s                       0x00000000   Number         0  strcmpv7em.o ABSOLUTE
    ../clib/misc.s                           0x00000000   Number         0  printf_stubs.o ABSOLUTE
    ../clib/printf.c                         0x00000000   Number         0  sprintf.o ABSOLUTE
    ../clib/printf.c                         0x00000000   Number         0  __printf.o ABSOLUTE
    ../clib/printf.c                         0x00000000   Number         0  _printf_pad.o ABSOLUTE
    ../clib/printf.c                         0x00000000   Number         0  _printf_truncate.o ABSOLUTE
    ../clib/printf.c                         0x00000000   Number         0  _printf_str.o ABSOLUTE
    ../clib/printf.c                         0x00000000   Number         0  _printf_dec.o ABSOLUTE
    ../clib/printf.c                         0x00000000   Number         0  _printf_charcount.o ABSOLUTE
    ../clib/printf.c                         0x00000000   Number         0  _printf_char_common.o ABSOLUTE
    ../clib/printf.c                         0x00000000   Number         0  _sputc.o ABSOLUTE
    ../clib/printf.c                         0x00000000   Number         0  _printf_wctomb.o ABSOLUTE
    ../clib/printf.c                         0x00000000   Number         0  _printf_longlong_dec.o ABSOLUTE
    ../clib/printf.c                         0x00000000   Number         0  _printf_oct_ll.o ABSOLUTE
    ../clib/printf.c                         0x00000000   Number         0  _printf_oct_int.o ABSOLUTE
    ../clib/printf.c                         0x00000000   Number         0  _printf_oct_int_ll.o ABSOLUTE
    ../clib/printf.c                         0x00000000   Number         0  _printf_hex_ll.o ABSOLUTE
    ../clib/printf.c                         0x00000000   Number         0  _printf_hex_int.o ABSOLUTE
    ../clib/printf.c                         0x00000000   Number         0  _printf_hex_int_ll.o ABSOLUTE
    ../clib/printf.c                         0x00000000   Number         0  _printf_hex_ptr.o ABSOLUTE
    ../clib/printf.c                         0x00000000   Number         0  _printf_hex_int_ptr.o ABSOLUTE
    ../clib/printf.c                         0x00000000   Number         0  _printf_hex_ll_ptr.o ABSOLUTE
    ../clib/printf.c                         0x00000000   Number         0  _printf_hex_int_ll_ptr.o ABSOLUTE
    ../clib/printf.c                         0x00000000   Number         0  __printf_flags.o ABSOLUTE
    ../clib/printf.c                         0x00000000   Number         0  __printf_ss.o ABSOLUTE
    ../clib/printf.c                         0x00000000   Number         0  __printf_flags_ss.o ABSOLUTE
    ../clib/printf.c                         0x00000000   Number         0  __printf_wp.o ABSOLUTE
    ../clib/printf.c                         0x00000000   Number         0  __printf_flags_wp.o ABSOLUTE
    ../clib/printf.c                         0x00000000   Number         0  __printf_ss_wp.o ABSOLUTE
    ../clib/printf.c                         0x00000000   Number         0  __printf_flags_ss_wp.o ABSOLUTE
    ../clib/printf.c                         0x00000000   Number         0  _printf_intcommon.o ABSOLUTE
    ../clib/printf.c                         0x00000000   Number         0  _printf_fp_dec.o ABSOLUTE
    ../clib/printf.c                         0x00000000   Number         0  _printf_fp_dec_accurate.o ABSOLUTE
    ../clib/printf.c                         0x00000000   Number         0  _printf_fp_hex.o ABSOLUTE
    ../clib/printf.c                         0x00000000   Number         0  __printf_nopercent.o ABSOLUTE
    ../clib/printf.c                         0x00000000   Number         0  _printf_char.o ABSOLUTE
    ../clib/printf.c                         0x00000000   Number         0  _printf_wchar.o ABSOLUTE
    ../clib/printf.c                         0x00000000   Number         0  _printf_fp_infnan.o ABSOLUTE
    ../clib/printf_percent.s                 0x00000000   Number         0  _printf_c.o ABSOLUTE
    ../clib/printf_percent.s                 0x00000000   Number         0  _printf_s.o ABSOLUTE
    ../clib/printf_percent.s                 0x00000000   Number         0  _printf_n.o ABSOLUTE
    ../clib/printf_percent.s                 0x00000000   Number         0  _printf_x.o ABSOLUTE
    ../clib/printf_percent.s                 0x00000000   Number         0  _printf_p.o ABSOLUTE
    ../clib/printf_percent.s                 0x00000000   Number         0  _printf_o.o ABSOLUTE
    ../clib/printf_percent.s                 0x00000000   Number         0  _printf_i.o ABSOLUTE
    ../clib/printf_percent.s                 0x00000000   Number         0  _printf_d.o ABSOLUTE
    ../clib/printf_percent.s                 0x00000000   Number         0  _printf_u.o ABSOLUTE
    ../clib/printf_percent.s                 0x00000000   Number         0  _printf_f.o ABSOLUTE
    ../clib/printf_percent.s                 0x00000000   Number         0  _printf_e.o ABSOLUTE
    ../clib/printf_percent.s                 0x00000000   Number         0  _printf_g.o ABSOLUTE
    ../clib/printf_percent.s                 0x00000000   Number         0  _printf_a.o ABSOLUTE
    ../clib/printf_percent.s                 0x00000000   Number         0  _printf_percent.o ABSOLUTE
    ../clib/printf_percent.s                 0x00000000   Number         0  _printf_lli.o ABSOLUTE
    ../clib/printf_percent.s                 0x00000000   Number         0  _printf_lld.o ABSOLUTE
    ../clib/printf_percent.s                 0x00000000   Number         0  _printf_llu.o ABSOLUTE
    ../clib/printf_percent.s                 0x00000000   Number         0  _printf_ll.o ABSOLUTE
    ../clib/printf_percent.s                 0x00000000   Number         0  _printf_l.o ABSOLUTE
    ../clib/printf_percent.s                 0x00000000   Number         0  _printf_lc.o ABSOLUTE
    ../clib/printf_percent.s                 0x00000000   Number         0  _printf_ls.o ABSOLUTE
    ../clib/printf_percent.s                 0x00000000   Number         0  _printf_llo.o ABSOLUTE
    ../clib/printf_percent.s                 0x00000000   Number         0  _printf_llx.o ABSOLUTE
    ../clib/printf_percent.s                 0x00000000   Number         0  _printf_percent_end.o ABSOLUTE
    ../clib/signal.c                         0x00000000   Number         0  defsig_rtmem_outer.o ABSOLUTE
    ../clib/signal.c                         0x00000000   Number         0  defsig_rtmem_formal.o ABSOLUTE
    ../clib/signal.c                         0x00000000   Number         0  defsig_exit.o ABSOLUTE
    ../clib/signal.c                         0x00000000   Number         0  defsig_rtmem_inner.o ABSOLUTE
    ../clib/signal.c                         0x00000000   Number         0  __raise.o ABSOLUTE
    ../clib/signal.c                         0x00000000   Number         0  defsig_general.o ABSOLUTE
    ../clib/signal.c                         0x00000000   Number         0  defsig_abrt_inner.o ABSOLUTE
    ../clib/signal.c                         0x00000000   Number         0  defsig_fpe_inner.o ABSOLUTE
    ../clib/signal.c                         0x00000000   Number         0  defsig_rtred_inner.o ABSOLUTE
    ../clib/signal.c                         0x00000000   Number         0  defsig_stak_inner.o ABSOLUTE
    ../clib/signal.c                         0x00000000   Number         0  defsig_pvfn_inner.o ABSOLUTE
    ../clib/signal.c                         0x00000000   Number         0  defsig_cppl_inner.o ABSOLUTE
    ../clib/signal.c                         0x00000000   Number         0  defsig_segv_inner.o ABSOLUTE
    ../clib/signal.c                         0x00000000   Number         0  defsig_other.o ABSOLUTE
    ../clib/signal.s                         0x00000000   Number         0  defsig.o ABSOLUTE
    ../clib/stdlib.c                         0x00000000   Number         0  exit.o ABSOLUTE
    ../fplib/basic.s                         0x00000000   Number         0  basic.o ABSOLUTE
    ../fplib/d2f.s                           0x00000000   Number         0  d2f.o ABSOLUTE
    ../fplib/daddsub.s                       0x00000000   Number         0  daddsub_clz.o ABSOLUTE
    ../fplib/dcmpi.s                         0x00000000   Number         0  dcmpi.o ABSOLUTE
    ../fplib/ddiv.s                          0x00000000   Number         0  ddiv.o ABSOLUTE
    ../fplib/deqf.s                          0x00000000   Number         0  deqf.o ABSOLUTE
    ../fplib/dfix.s                          0x00000000   Number         0  dfix.o ABSOLUTE
    ../fplib/dflt.s                          0x00000000   Number         0  dflt_clz.o ABSOLUTE
    ../fplib/dleqf.s                         0x00000000   Number         0  dleqf.o ABSOLUTE
    ../fplib/dmul.s                          0x00000000   Number         0  dmul.o ABSOLUTE
    ../fplib/dnaninf.s                       0x00000000   Number         0  dnaninf.o ABSOLUTE
    ../fplib/dretinf.s                       0x00000000   Number         0  dretinf.o ABSOLUTE
    ../fplib/drleqf.s                        0x00000000   Number         0  drleqf.o ABSOLUTE
    ../fplib/f2d.s                           0x00000000   Number         0  f2d.o ABSOLUTE
    ../fplib/fnaninf.s                       0x00000000   Number         0  fnaninf.o ABSOLUTE
    ../fplib/fpinit.s                        0x00000000   Number         0  fpinit.o ABSOLUTE
    ../fplib/fretinf.s                       0x00000000   Number         0  fretinf.o ABSOLUTE
    ../fplib/istatus.s                       0x00000000   Number         0  istatus.o ABSOLUTE
    ../fplib/printf1.s                       0x00000000   Number         0  printf1.o ABSOLUTE
    ../fplib/printf2.s                       0x00000000   Number         0  printf2.o ABSOLUTE
    ../fplib/printf2a.s                      0x00000000   Number         0  printf2a.o ABSOLUTE
    ../fplib/printf2b.s                      0x00000000   Number         0  printf2b.o ABSOLUTE
    ../fplib/usenofp.s                       0x00000000   Number         0  usenofp.o ABSOLUTE
    ../mathlib/dunder.c                      0x00000000   Number         0  dunder.o ABSOLUTE
    ../mathlib/floor.c                       0x00000000   Number         0  floor.o ABSOLUTE
    ../mathlib/fpclassify.c                  0x00000000   Number         0  fpclassify.o ABSOLUTE
    ../mathlib/log.c                         0x00000000   Number         0  log.o ABSOLUTE
    ../mathlib/log10.c                       0x00000000   Number         0  log10.o ABSOLUTE
    ../mathlib/poly.c                        0x00000000   Number         0  poly.o ABSOLUTE
    ../mathlib/qnan.c                        0x00000000   Number         0  qnan.o ABSOLUTE
    ADC.c                                    0x00000000   Number         0  adc.o ABSOLUTE
    Buzz.c                                   0x00000000   Number         0  buzz.o ABSOLUTE
    DAC.c                                    0x00000000   Number         0  dac.o ABSOLUTE
    LED.c                                    0x00000000   Number         0  led.o ABSOLUTE
    MPU_stuff.c                              0x00000000   Number         0  mpu_stuff.o ABSOLUTE
    PeakDetection.c                          0x00000000   Number         0  peakdetection.o ABSOLUTE
    RGB_Bar.c                                0x00000000   Number         0  rgb_bar.o ABSOLUTE
    RTE/Device/STM32F429ZITx/startup_stm32f429xx.s 0x00000000   Number         0  startup_stm32f429xx.o ABSOLUTE
    SPI.c                                    0x00000000   Number         0  spi.o ABSOLUTE
    buffer.c                                 0x00000000   Number         0  buffer.o ABSOLUTE
    dc.s                                     0x00000000   Number         0  dc.o ABSOLUTE
    heart rate.c                             0x00000000   Number         0  heart rate.o ABSOLUTE
    i2c.c                                    0x00000000   Number         0  i2c.o ABSOLUTE
    lcd.c                                    0x00000000   Number         0  lcd.o ABSOLUTE
    main.c                                   0x00000000   Number         0  main.o ABSOLUTE
    procecess_USART.c                        0x00000000   Number         0  procecess_usart.o ABSOLUTE
    segments.c                               0x00000000   Number         0  segments.o ABSOLUTE
    switch.c                                 0x00000000   Number         0  switch.o ABSOLUTE
    system_stm32f4xx.c                       0x00000000   Number         0  system_stm32f4xx.o ABSOLUTE
    timer.c                                  0x00000000   Number         0  timer.o ABSOLUTE
    usart.c                                  0x00000000   Number         0  usart.o ABSOLUTE
    RESET                                    0x08000000   Section      428  startup_stm32f429xx.o(RESET)
    !!!main                                  0x080001ac   Section        8  __main.o(!!!main)
    !!!scatter                               0x080001b4   Section       92  __scatter.o(!!!scatter)
    !!handler_copy                           0x08000210   Section       26  __scatter_copy.o(!!handler_copy)
    !!handler_null                           0x0800022c   Section        2  __scatter.o(!!handler_null)
    !!handler_zi                             0x08000230   Section       28  __scatter_zi.o(!!handler_zi)
    .ARM.Collect$$libinit$$00000000          0x0800024c   Section        2  libinit.o(.ARM.Collect$$libinit$$00000000)
    .ARM.Collect$$libinit$$00000001          0x0800024e   Section        4  libinit2.o(.ARM.Collect$$libinit$$00000001)
    .ARM.Collect$$libinit$$00000004          0x08000252   Section        0  libinit2.o(.ARM.Collect$$libinit$$00000004)
    .ARM.Collect$$libinit$$00000006          0x08000252   Section        0  libinit2.o(.ARM.Collect$$libinit$$00000006)
    .ARM.Collect$$libinit$$0000000C          0x08000252   Section        0  libinit2.o(.ARM.Collect$$libinit$$0000000C)
    .ARM.Collect$$libinit$$0000000E          0x08000252   Section        0  libinit2.o(.ARM.Collect$$libinit$$0000000E)
    .ARM.Collect$$libinit$$00000010          0x08000252   Section        0  libinit2.o(.ARM.Collect$$libinit$$00000010)
    .ARM.Collect$$libinit$$00000013          0x08000252   Section        0  libinit2.o(.ARM.Collect$$libinit$$00000013)
    .ARM.Collect$$libinit$$00000015          0x08000252   Section        0  libinit2.o(.ARM.Collect$$libinit$$00000015)
    .ARM.Collect$$libinit$$00000017          0x08000252   Section        0  libinit2.o(.ARM.Collect$$libinit$$00000017)
    .ARM.Collect$$libinit$$00000019          0x08000252   Section        0  libinit2.o(.ARM.Collect$$libinit$$00000019)
    .ARM.Collect$$libinit$$0000001B          0x08000252   Section        0  libinit2.o(.ARM.Collect$$libinit$$0000001B)
    .ARM.Collect$$libinit$$0000001D          0x08000252   Section        0  libinit2.o(.ARM.Collect$$libinit$$0000001D)
    .ARM.Collect$$libinit$$0000001F          0x08000252   Section        0  libinit2.o(.ARM.Collect$$libinit$$0000001F)
    .ARM.Collect$$libinit$$00000021          0x08000252   Section        0  libinit2.o(.ARM.Collect$$libinit$$00000021)
    .ARM.Collect$$libinit$$00000023          0x08000252   Section        0  libinit2.o(.ARM.Collect$$libinit$$00000023)
    .ARM.Collect$$libinit$$00000025          0x08000252   Section        0  libinit2.o(.ARM.Collect$$libinit$$00000025)
    .ARM.Collect$$libinit$$00000027          0x08000252   Section        0  libinit2.o(.ARM.Collect$$libinit$$00000027)
    .ARM.Collect$$libinit$$0000002E          0x08000252   Section        0  libinit2.o(.ARM.Collect$$libinit$$0000002E)
    .ARM.Collect$$libinit$$00000030          0x08000252   Section        0  libinit2.o(.ARM.Collect$$libinit$$00000030)
    .ARM.Collect$$libinit$$00000032          0x08000252   Section        0  libinit2.o(.ARM.Collect$$libinit$$00000032)
    .ARM.Collect$$libinit$$00000034          0x08000252   Section        0  libinit2.o(.ARM.Collect$$libinit$$00000034)
    .ARM.Collect$$libinit$$00000035          0x08000252   Section        2  libinit2.o(.ARM.Collect$$libinit$$00000035)
    .ARM.Collect$$libshutdown$$00000000      0x08000254   Section        2  libshutdown.o(.ARM.Collect$$libshutdown$$00000000)
    .ARM.Collect$$libshutdown$$00000002      0x08000256   Section        0  libshutdown2.o(.ARM.Collect$$libshutdown$$00000002)
    .ARM.Collect$$libshutdown$$00000004      0x08000256   Section        0  libshutdown2.o(.ARM.Collect$$libshutdown$$00000004)
    .ARM.Collect$$libshutdown$$00000007      0x08000256   Section        0  libshutdown2.o(.ARM.Collect$$libshutdown$$00000007)
    .ARM.Collect$$libshutdown$$0000000A      0x08000256   Section        0  libshutdown2.o(.ARM.Collect$$libshutdown$$0000000A)
    .ARM.Collect$$libshutdown$$0000000C      0x08000256   Section        0  libshutdown2.o(.ARM.Collect$$libshutdown$$0000000C)
    .ARM.Collect$$libshutdown$$0000000F      0x08000256   Section        0  libshutdown2.o(.ARM.Collect$$libshutdown$$0000000F)
    .ARM.Collect$$libshutdown$$00000010      0x08000256   Section        2  libshutdown2.o(.ARM.Collect$$libshutdown$$00000010)
    .ARM.Collect$$rtentry$$00000000          0x08000258   Section        0  __rtentry.o(.ARM.Collect$$rtentry$$00000000)
    .ARM.Collect$$rtentry$$00000002          0x08000258   Section        0  __rtentry2.o(.ARM.Collect$$rtentry$$00000002)
    .ARM.Collect$$rtentry$$00000004          0x08000258   Section        6  __rtentry4.o(.ARM.Collect$$rtentry$$00000004)
    .ARM.Collect$$rtentry$$00000009          0x0800025e   Section        0  __rtentry2.o(.ARM.Collect$$rtentry$$00000009)
    .ARM.Collect$$rtentry$$0000000A          0x0800025e   Section        4  __rtentry2.o(.ARM.Collect$$rtentry$$0000000A)
    .ARM.Collect$$rtentry$$0000000C          0x08000262   Section        0  __rtentry2.o(.ARM.Collect$$rtentry$$0000000C)
    .ARM.Collect$$rtentry$$0000000D          0x08000262   Section        8  __rtentry2.o(.ARM.Collect$$rtentry$$0000000D)
    .ARM.Collect$$rtexit$$00000000           0x0800026a   Section        2  rtexit.o(.ARM.Collect$$rtexit$$00000000)
    .ARM.Collect$$rtexit$$00000002           0x0800026c   Section        0  rtexit2.o(.ARM.Collect$$rtexit$$00000002)
    .ARM.Collect$$rtexit$$00000003           0x0800026c   Section        4  rtexit2.o(.ARM.Collect$$rtexit$$00000003)
    .ARM.Collect$$rtexit$$00000004           0x08000270   Section        6  rtexit2.o(.ARM.Collect$$rtexit$$00000004)
    $v0                                      0x08000278   Number         0  startup_stm32f429xx.o(.text)
    .text                                    0x08000278   Section       64  startup_stm32f429xx.o(.text)
    .text                                    0x080002b8   Section        0  heapauxi.o(.text)
    .text                                    0x080002c0   Section        8  libspace.o(.text)
    .text                                    0x080002c8   Section       74  sys_stackheap_outer.o(.text)
    .text                                    0x08000312   Section        0  exit.o(.text)
    .text                                    0x08000324   Section        0  sys_exit.o(.text)
    .text                                    0x08000330   Section        2  use_no_semi.o(.text)
    .text                                    0x08000332   Section        0  indicate_semi.o(.text)
    [Anonymous Symbol]                       0x08000334   Section        0  segments.o(.text.GPIO_Init)
    [Anonymous Symbol]                       0x08000388   Section        0  timer.o(.text.Hold_Blue_LED)
    [Anonymous Symbol]                       0x0800039c   Section        0  i2c.o(.text.I2C2_Address)
    [Anonymous Symbol]                       0x080003d4   Section        0  i2c.o(.text.I2C2_Config)
    [Anonymous Symbol]                       0x08000490   Section        0  i2c.o(.text.I2C2_Read)
    [Anonymous Symbol]                       0x08000584   Section        0  i2c.o(.text.I2C2_Start)
    [Anonymous Symbol]                       0x080005b4   Section        0  i2c.o(.text.I2C2_Stop)
    [Anonymous Symbol]                       0x080005c8   Section        0  i2c.o(.text.I2C2_Write)
    [Anonymous Symbol]                       0x0800060c   Section        0  timer.o(.text.Init_Timer2)
    [Anonymous Symbol]                       0x08000680   Section        0  timer.o(.text.Init_Timer3)
    [Anonymous Symbol]                       0x08000714   Section        0  timer.o(.text.Init_Timer4)
    [Anonymous Symbol]                       0x0800079c   Section        0  lcd.o(.text.LCD_home)
    [Anonymous Symbol]                       0x080007a8   Section        0  lcd.o(.text.LCD_strobe)
    [Anonymous Symbol]                       0x080007d8   Section        0  led.o(.text.LED_INIT)
    [Anonymous Symbol]                       0x08000854   Section        0  mpu_stuff.o(.text.MPU6050_Init)
    [Anonymous Symbol]                       0x080008c8   Section        0  mpu_stuff.o(.text.MPU6050_Read_Accel)
    [Anonymous Symbol]                       0x080009c8   Section        0  i2c.o(.text.MPU_Read)
    [Anonymous Symbol]                       0x08000a0c   Section        0  i2c.o(.text.MPU_Write)
    [Anonymous Symbol]                       0x08000a40   Section        0  rgb_bar.o(.text.RGB_main)
    [Anonymous Symbol]                       0x08000a68   Section        0  system_stm32f4xx.o(.text.SystemCoreClockUpdate)
    [Anonymous Symbol]                       0x08000b98   Section        0  system_stm32f4xx.o(.text.SystemInit)
    [Anonymous Symbol]                       0x08000c08   Section        0  timer.o(.text.TIM2_IRQHandler)
    [Anonymous Symbol]                       0x08000c88   Section        0  timer.o(.text.TIM3Delay)
    [Anonymous Symbol]                       0x08000cc4   Section        0  timer.o(.text.TIM3_IRQHandler)
    [Anonymous Symbol]                       0x08000cf8   Section        0  timer.o(.text.TIM4_IRQHandler)
    [Anonymous Symbol]                       0x08000d30   Section        0  led.o(.text.Toggle_LED)
    [Anonymous Symbol]                       0x08000df4   Section        0  usart.o(.text.USART3_IRQHandler)
    [Anonymous Symbol]                       0x08000e90   Section        0  usart.o(.text.USART_SendData)
    [Anonymous Symbol]                       0x08000ec0   Section        0  usart.o(.text.USART_SendString)
    [Anonymous Symbol]                       0x08000efc   Section        0  lcd.o(.text.WaitLCDBusy)
    __NVIC_EnableIRQ                         0x08000f6d   Thumb Code    48  usart.o(.text.__NVIC_EnableIRQ)
    [Anonymous Symbol]                       0x08000f6c   Section        0  usart.o(.text.__NVIC_EnableIRQ)
    __NVIC_EnableIRQ                         0x08000f9d   Thumb Code    48  timer.o(.text.__NVIC_EnableIRQ)
    [Anonymous Symbol]                       0x08000f9c   Section        0  timer.o(.text.__NVIC_EnableIRQ)
    [Anonymous Symbol]                       0x08000fcc   Section        0  usart.o(.text.clear_terminal)
    [Anonymous Symbol]                       0x08000fdc   Section        0  lcd.o(.text.cmdLCD)
    [Anonymous Symbol]                       0x0800100c   Section        0  usart.o(.text.comparestrings)
    [Anonymous Symbol]                       0x08001084   Section        0  rgb_bar.o(.text.control_RGB_Bar)
    [Anonymous Symbol]                       0x0800118c   Section        0  segments.o(.text.displayDigit)
    [Anonymous Symbol]                       0x08001204   Section        0  heart rate.o(.text.heart_rate_main)
    [Anonymous Symbol]                       0x08001378   Section        0  buzz.o(.text.initBuzz)
    [Anonymous Symbol]                       0x080013d4   Section        0  lcd.o(.text.initLCD8)
    [Anonymous Symbol]                       0x08001464   Section        0  adc.o(.text.init_ADC)
    [Anonymous Symbol]                       0x08001504   Section        0  rgb_bar.o(.text.init_ADC_PA0)
    [Anonymous Symbol]                       0x0800155c   Section        0  dac.o(.text.init_DAC)
    [Anonymous Symbol]                       0x080015c4   Section        0  rgb_bar.o(.text.init_DAC2)
    [Anonymous Symbol]                       0x080015e8   Section        0  rgb_bar.o(.text.init_GPIO_RGB_Bar)
    [Anonymous Symbol]                       0x08001648   Section        0  usart.o(.text.init_USART)
    [Anonymous Symbol]                       0x0800179c   Section        0  lcd.o(.text.lcd_delayus)
    [Anonymous Symbol]                       0x080017ec   Section        0  main.o(.text.main)
    [Anonymous Symbol]                       0x08001818   Section        0  dac.o(.text.output_dac1)
    [Anonymous Symbol]                       0x08001830   Section        0  procecess_usart.o(.text.process_USART_Input)
    [Anonymous Symbol]                       0x080019ec   Section        0  lcd.o(.text.putLCD)
    [Anonymous Symbol]                       0x08001a1c   Section        0  rgb_bar.o(.text.read_ADC_PA0)
    [Anonymous Symbol]                       0x08001a50   Section        0  adc.o(.text.read_adc)
    [Anonymous Symbol]                       0x08001a94   Section        0  segments.o(.text.seg_main)
    [Anonymous Symbol]                       0x08001ab4   Section        0  lcd.o(.text.set_LCD_data)
    [Anonymous Symbol]                       0x08001ad4   Section        0  lcd.o(.text.stringLCD)
    $v0                                      0x08001b58   Number         0  d2f.o(x$fpl$d2f)
    x$fpl$d2f                                0x08001b58   Section       98  d2f.o(x$fpl$d2f)
    $v0                                      0x08001bbc   Number         0  ddiv.o(x$fpl$ddiv)
    x$fpl$ddiv                               0x08001bbc   Section      696  ddiv.o(x$fpl$ddiv)
    ddiv_entry                               0x08001bc3   Thumb Code     0  ddiv.o(x$fpl$ddiv)
    $v0                                      0x08001e74   Number         0  dflt_clz.o(x$fpl$dflt)
    x$fpl$dflt                               0x08001e74   Section       46  dflt_clz.o(x$fpl$dflt)
    $v0                                      0x08001ea2   Number         0  dnaninf.o(x$fpl$dnaninf)
    x$fpl$dnaninf                            0x08001ea2   Section      156  dnaninf.o(x$fpl$dnaninf)
    $v0                                      0x08001f3e   Number         0  dretinf.o(x$fpl$dretinf)
    x$fpl$dretinf                            0x08001f3e   Section       12  dretinf.o(x$fpl$dretinf)
    $v0                                      0x08001f4a   Number         0  fpinit.o(x$fpl$fpinit)
    x$fpl$fpinit                             0x08001f4a   Section       26  fpinit.o(x$fpl$fpinit)
    $v0                                      0x08001f64   Number         0  fretinf.o(x$fpl$fretinf)
    x$fpl$fretinf                            0x08001f64   Section       10  fretinf.o(x$fpl$fretinf)
    x$fpl$usenofp                            0x08001f6e   Section        0  usenofp.o(x$fpl$usenofp)
    [Anonymous Symbol]                       0x08001f7e   Section        0  usart.o(.rodata.str1.1)
    .L.str.1                                 0x08001faa   Data           2  usart.o(.rodata.str1.1)
    .L.str                                   0x08001fac   Data          13  usart.o(.rodata.str1.1)
    .L.str.6                                 0x08001fb9   Data           8  usart.o(.rodata.str1.1)
    .L.str.1                                 0x08001fc1   Data          91  usart.o(.rodata.str1.1)
    .L.str.2                                 0x08001fde   Data          13  usart.o(.rodata.str1.1)
    .L.str.3                                 0x08001feb   Data           2  usart.o(.rodata.str1.1)
    .L.str.4                                 0x08001fed   Data           5  usart.o(.rodata.str1.1)
    .L.str.5                                 0x08001ff2   Data          44  usart.o(.rodata.str1.1)
    .L.str.11                                0x0800200e   Data          14  usart.o(.rodata.str1.1)
    .L.str                                   0x0800201c   Data           5  usart.o(.rodata.str1.1)
    .L.str                                   0x08002026   Data          21  timer.o(.rodata.str1.1)
    .L.str                                   0x08002026   Data          21  timer.o(.rodata.str1.1)
    .L.str.15                                0x08002026   Data          21  timer.o(.rodata.str1.1)
    [Anonymous Symbol]                       0x08002026   Section        0  timer.o(.rodata.str1.1)
    .L.str.14                                0x0800202e   Data          13  timer.o(.rodata.str1.1)
    .L.str.6                                 0x0800203b   Data           2  heart rate.o(.rodata.str1.1)
    [Anonymous Symbol]                       0x0800203b   Section        0  heart rate.o(.rodata.str1.1)
    .L.str.5                                 0x0800203d   Data           2  heart rate.o(.rodata.str1.1)
    .L.str.4                                 0x0800203f   Data           2  heart rate.o(.rodata.str1.1)
    .L.str.3                                 0x08002041   Data           2  heart rate.o(.rodata.str1.1)
    .L.str.2                                 0x08002043   Data           2  heart rate.o(.rodata.str1.1)
    .L.str.1                                 0x08002045   Data           9  heart rate.o(.rodata.str1.1)
    .L.str.5                                 0x0800204e   Data          14  procecess_usart.o(.rodata.str1.1)
    [Anonymous Symbol]                       0x0800204e   Section        0  procecess_usart.o(.rodata.str1.1)
    .L.str.16                                0x0800205c   Data          16  procecess_usart.o(.rodata.str1.1)
    .L.str.10                                0x0800206c   Data          17  procecess_usart.o(.rodata.str1.1)
    .L.str.12                                0x0800207d   Data          26  procecess_usart.o(.rodata.str1.1)
    .L.str.3                                 0x08002097   Data          28  procecess_usart.o(.rodata.str1.1)
    .L.str.8                                 0x080020b3   Data           8  procecess_usart.o(.rodata.str1.1)
    .L.str.13                                0x080020bb   Data           4  procecess_usart.o(.rodata.str1.1)
    .L.str.9                                 0x080020bf   Data          12  procecess_usart.o(.rodata.str1.1)
    .L.str.6                                 0x080020cb   Data          11  procecess_usart.o(.rodata.str1.1)
    .L.str.4                                 0x080020d6   Data           4  procecess_usart.o(.rodata.str1.1)
    .L.str.2                                 0x080020da   Data           3  procecess_usart.o(.rodata.str1.1)
    .L.str.7                                 0x080020dd   Data           8  procecess_usart.o(.rodata.str1.1)
    .bss                                     0x20000008   Section       96  libspace.o(.bss)
    Heap_Mem                                 0x20003b90   Data         512  startup_stm32f429xx.o(HEAP)
    HEAP                                     0x20003b90   Section      512  startup_stm32f429xx.o(HEAP)
    Stack_Mem                                0x20003d90   Data        1024  startup_stm32f429xx.o(STACK)
    STACK                                    0x20003d90   Section     1024  startup_stm32f429xx.o(STACK)
    __initial_sp                             0x20004190   Data           0  startup_stm32f429xx.o(STACK)

    Global Symbols

    Symbol Name                              Value     Ov Type        Size  Object(Section)

    BuildAttributes$$THM_ISAv4$E$P$D$K$B$S$7EM$VFPi3$EXTD16$VFPS$VFMA$PE$A:L22UL41UL21$X:L11$S22US41US21$IEEE1$IW$~IW$USESV6$~STKCKD$USESV7$~SHL$OTIME$ROPI$IEEEX$EBA8$UX$STANDARDLIB$REQ8$PRES8$EABIv2 0x00000000   Number         0  anon$$obj.o ABSOLUTE
    _printf_flags                            0x00000000   Number         0  printf_stubs.o ABSOLUTE
    _printf_return_value                     0x00000000   Number         0  printf_stubs.o ABSOLUTE
    _printf_sizespec                         0x00000000   Number         0  printf_stubs.o ABSOLUTE
    _printf_widthprec                        0x00000000   Number         0  printf_stubs.o ABSOLUTE
    __ARM_exceptions_init                     - Undefined Weak Reference
    __alloca_initialize                       - Undefined Weak Reference
    __arm_preinit_                            - Undefined Weak Reference
    __arm_relocate_pie_                       - Undefined Weak Reference
    __cpp_initialize__aeabi_                  - Undefined Weak Reference
    __cxa_finalize                            - Undefined Weak Reference
    __sigvec_lookup                           - Undefined Weak Reference
    _atexit_init                              - Undefined Weak Reference
    _call_atexit_fns                          - Undefined Weak Reference
    _clock_init                               - Undefined Weak Reference
    _fp_trap_init                             - Undefined Weak Reference
    _fp_trap_shutdown                         - Undefined Weak Reference
    _get_lc_collate                           - Undefined Weak Reference
    _get_lc_monetary                          - Undefined Weak Reference
    _get_lc_time                              - Undefined Weak Reference
    _getenv_init                              - Undefined Weak Reference
    _handle_redirection                       - Undefined Weak Reference
    _init_alloc                               - Undefined Weak Reference
    _init_user_alloc                          - Undefined Weak Reference
    _initio                                   - Undefined Weak Reference
    _printf_mbtowc                            - Undefined Weak Reference
    _printf_wc                                - Undefined Weak Reference
    _rand_init                                - Undefined Weak Reference
    _signal_finish                            - Undefined Weak Reference
    _signal_init                              - Undefined Weak Reference
    _terminate_alloc                          - Undefined Weak Reference
    _terminate_user_alloc                     - Undefined Weak Reference
    _terminateio                              - Undefined Weak Reference
    __Vectors_Size                           0x000001ac   Number         0  startup_stm32f429xx.o ABSOLUTE
    __Vectors                                0x08000000   Data           4  startup_stm32f429xx.o(RESET)
    __Vectors_End                            0x080001ac   Data           0  startup_stm32f429xx.o(RESET)
    __main                                   0x080001ad   Thumb Code     8  __main.o(!!!main)
    __scatterload                            0x080001b5   Thumb Code     0  __scatter.o(!!!scatter)
    __scatterload_rt2                        0x080001b5   Thumb Code    84  __scatter.o(!!!scatter)
    __scatterload_rt2_thumb_only             0x080001b5   Thumb Code     0  __scatter.o(!!!scatter)
    __scatterload_loop                       0x080001bf   Thumb Code     0  __scatter.o(!!!scatter)
    __scatterload_copy                       0x08000211   Thumb Code    26  __scatter_copy.o(!!handler_copy)
    __scatterload_null                       0x0800022d   Thumb Code     2  __scatter.o(!!handler_null)
    __scatterload_zeroinit                   0x08000231   Thumb Code    28  __scatter_zi.o(!!handler_zi)
    __rt_lib_init                            0x0800024d   Thumb Code     0  libinit.o(.ARM.Collect$$libinit$$00000000)
    __rt_lib_init_fp_1                       0x0800024f   Thumb Code     0  libinit2.o(.ARM.Collect$$libinit$$00000001)
    __rt_lib_init_alloca_1                   0x08000253   Thumb Code     0  libinit2.o(.ARM.Collect$$libinit$$00000030)
    __rt_lib_init_argv_1                     0x08000253   Thumb Code     0  libinit2.o(.ARM.Collect$$libinit$$0000002E)
    __rt_lib_init_atexit_1                   0x08000253   Thumb Code     0  libinit2.o(.ARM.Collect$$libinit$$0000001D)
    __rt_lib_init_clock_1                    0x08000253   Thumb Code     0  libinit2.o(.ARM.Collect$$libinit$$00000023)
    __rt_lib_init_cpp_1                      0x08000253   Thumb Code     0  libinit2.o(.ARM.Collect$$libinit$$00000034)
    __rt_lib_init_exceptions_1               0x08000253   Thumb Code     0  libinit2.o(.ARM.Collect$$libinit$$00000032)
    __rt_lib_init_fp_trap_1                  0x08000253   Thumb Code     0  libinit2.o(.ARM.Collect$$libinit$$00000021)
    __rt_lib_init_getenv_1                   0x08000253   Thumb Code     0  libinit2.o(.ARM.Collect$$libinit$$00000025)
    __rt_lib_init_heap_1                     0x08000253   Thumb Code     0  libinit2.o(.ARM.Collect$$libinit$$0000000C)
    __rt_lib_init_lc_collate_1               0x08000253   Thumb Code     0  libinit2.o(.ARM.Collect$$libinit$$00000013)
    __rt_lib_init_lc_ctype_1                 0x08000253   Thumb Code     0  libinit2.o(.ARM.Collect$$libinit$$00000015)
    __rt_lib_init_lc_monetary_1              0x08000253   Thumb Code     0  libinit2.o(.ARM.Collect$$libinit$$00000017)
    __rt_lib_init_lc_numeric_1               0x08000253   Thumb Code     0  libinit2.o(.ARM.Collect$$libinit$$00000019)
    __rt_lib_init_lc_time_1                  0x08000253   Thumb Code     0  libinit2.o(.ARM.Collect$$libinit$$0000001B)
    __rt_lib_init_preinit_1                  0x08000253   Thumb Code     0  libinit2.o(.ARM.Collect$$libinit$$00000006)
    __rt_lib_init_rand_1                     0x08000253   Thumb Code     0  libinit2.o(.ARM.Collect$$libinit$$00000010)
    __rt_lib_init_relocate_pie_1             0x08000253   Thumb Code     0  libinit2.o(.ARM.Collect$$libinit$$00000004)
    __rt_lib_init_return                     0x08000253   Thumb Code     0  libinit2.o(.ARM.Collect$$libinit$$00000035)
    __rt_lib_init_signal_1                   0x08000253   Thumb Code     0  libinit2.o(.ARM.Collect$$libinit$$0000001F)
    __rt_lib_init_stdio_1                    0x08000253   Thumb Code     0  libinit2.o(.ARM.Collect$$libinit$$00000027)
    __rt_lib_init_user_alloc_1               0x08000253   Thumb Code     0  libinit2.o(.ARM.Collect$$libinit$$0000000E)
    __rt_lib_shutdown                        0x08000255   Thumb Code     0  libshutdown.o(.ARM.Collect$$libshutdown$$00000000)
    __rt_lib_shutdown_cpp_1                  0x08000257   Thumb Code     0  libshutdown2.o(.ARM.Collect$$libshutdown$$00000002)
    __rt_lib_shutdown_fp_trap_1              0x08000257   Thumb Code     0  libshutdown2.o(.ARM.Collect$$libshutdown$$00000007)
    __rt_lib_shutdown_heap_1                 0x08000257   Thumb Code     0  libshutdown2.o(.ARM.Collect$$libshutdown$$0000000F)
    __rt_lib_shutdown_return                 0x08000257   Thumb Code     0  libshutdown2.o(.ARM.Collect$$libshutdown$$00000010)
    __rt_lib_shutdown_signal_1               0x08000257   Thumb Code     0  libshutdown2.o(.ARM.Collect$$libshutdown$$0000000A)
    __rt_lib_shutdown_stdio_1                0x08000257   Thumb Code     0  libshutdown2.o(.ARM.Collect$$libshutdown$$00000004)
    __rt_lib_shutdown_user_alloc_1           0x08000257   Thumb Code     0  libshutdown2.o(.ARM.Collect$$libshutdown$$0000000C)
    __rt_entry                               0x08000259   Thumb Code     0  __rtentry.o(.ARM.Collect$$rtentry$$00000000)
    __rt_entry_presh_1                       0x08000259   Thumb Code     0  __rtentry2.o(.ARM.Collect$$rtentry$$00000002)
    __rt_entry_sh                            0x08000259   Thumb Code     0  __rtentry4.o(.ARM.Collect$$rtentry$$00000004)
    __rt_entry_li                            0x0800025f   Thumb Code     0  __rtentry2.o(.ARM.Collect$$rtentry$$0000000A)
    __rt_entry_postsh_1                      0x0800025f   Thumb Code     0  __rtentry2.o(.ARM.Collect$$rtentry$$00000009)
    __rt_entry_main                          0x08000263   Thumb Code     0  __rtentry2.o(.ARM.Collect$$rtentry$$0000000D)
    __rt_entry_postli_1                      0x08000263   Thumb Code     0  __rtentry2.o(.ARM.Collect$$rtentry$$0000000C)
    __rt_exit                                0x0800026b   Thumb Code     0  rtexit.o(.ARM.Collect$$rtexit$$00000000)
    __rt_exit_ls                             0x0800026d   Thumb Code     0  rtexit2.o(.ARM.Collect$$rtexit$$00000003)
    __rt_exit_prels_1                        0x0800026d   Thumb Code     0  rtexit2.o(.ARM.Collect$$rtexit$$00000002)
    __rt_exit_exit                           0x08000271   Thumb Code     0  rtexit2.o(.ARM.Collect$$rtexit$$00000004)
    Reset_Handler                            0x08000279   Thumb Code     8  startup_stm32f429xx.o(.text)
    NMI_Handler                              0x08000281   Thumb Code     2  startup_stm32f429xx.o(.text)
    HardFault_Handler                        0x08000283   Thumb Code     2  startup_stm32f429xx.o(.text)
    MemManage_Handler                        0x08000285   Thumb Code     2  startup_stm32f429xx.o(.text)
    BusFault_Handler                         0x08000287   Thumb Code     2  startup_stm32f429xx.o(.text)
    UsageFault_Handler                       0x08000289   Thumb Code     2  startup_stm32f429xx.o(.text)
    SVC_Handler                              0x0800028b   Thumb Code     2  startup_stm32f429xx.o(.text)
    DebugMon_Handler                         0x0800028d   Thumb Code     2  startup_stm32f429xx.o(.text)
    PendSV_Handler                           0x0800028f   Thumb Code     2  startup_stm32f429xx.o(.text)
    SysTick_Handler                          0x08000291   Thumb Code     2  startup_stm32f429xx.o(.text)
    ADC_IRQHandler                           0x08000293   Thumb Code     0  startup_stm32f429xx.o(.text)
    CAN1_RX0_IRQHandler                      0x08000293   Thumb Code     0  startup_stm32f429xx.o(.text)
    CAN1_RX1_IRQHandler                      0x08000293   Thumb Code     0  startup_stm32f429xx.o(.text)
    CAN1_SCE_IRQHandler                      0x08000293   Thumb Code     0  startup_stm32f429xx.o(.text)
    CAN1_TX_IRQHandler                       0x08000293   Thumb Code     0  startup_stm32f429xx.o(.text)
    CAN2_RX0_IRQHandler                      0x08000293   Thumb Code     0  startup_stm32f429xx.o(.text)
    CAN2_RX1_IRQHandler                      0x08000293   Thumb Code     0  startup_stm32f429xx.o(.text)
    CAN2_SCE_IRQHandler                      0x08000293   Thumb Code     0  startup_stm32f429xx.o(.text)
    CAN2_TX_IRQHandler                       0x08000293   Thumb Code     0  startup_stm32f429xx.o(.text)
    DCMI_IRQHandler                          0x08000293   Thumb Code     0  startup_stm32f429xx.o(.text)
    DMA1_Stream0_IRQHandler                  0x08000293   Thumb Code     0  startup_stm32f429xx.o(.text)
    DMA1_Stream1_IRQHandler                  0x08000293   Thumb Code     0  startup_stm32f429xx.o(.text)
    DMA1_Stream2_IRQHandler                  0x08000293   Thumb Code     0  startup_stm32f429xx.o(.text)
    DMA1_Stream3_IRQHandler                  0x08000293   Thumb Code     0  startup_stm32f429xx.o(.text)
    DMA1_Stream4_IRQHandler                  0x08000293   Thumb Code     0  startup_stm32f429xx.o(.text)
    DMA1_Stream5_IRQHandler                  0x08000293   Thumb Code     0  startup_stm32f429xx.o(.text)
    DMA1_Stream6_IRQHandler                  0x08000293   Thumb Code     0  startup_stm32f429xx.o(.text)
    DMA1_Stream7_IRQHandler                  0x08000293   Thumb Code     0  startup_stm32f429xx.o(.text)
    DMA2D_IRQHandler                         0x08000293   Thumb Code     0  startup_stm32f429xx.o(.text)
    DMA2_Stream0_IRQHandler                  0x08000293   Thumb Code     0  startup_stm32f429xx.o(.text)
    DMA2_Stream1_IRQHandler                  0x08000293   Thumb Code     0  startup_stm32f429xx.o(.text)
    DMA2_Stream2_IRQHandler                  0x08000293   Thumb Code     0  startup_stm32f429xx.o(.text)
    DMA2_Stream3_IRQHandler                  0x08000293   Thumb Code     0  startup_stm32f429xx.o(.text)
    DMA2_Stream4_IRQHandler                  0x08000293   Thumb Code     0  startup_stm32f429xx.o(.text)
    DMA2_Stream5_IRQHandler                  0x08000293   Thumb Code     0  startup_stm32f429xx.o(.text)
    DMA2_Stream6_IRQHandler                  0x08000293   Thumb Code     0  startup_stm32f429xx.o(.text)
    DMA2_Stream7_IRQHandler                  0x08000293   Thumb Code     0  startup_stm32f429xx.o(.text)
    ETH_IRQHandler                           0x08000293   Thumb Code     0  startup_stm32f429xx.o(.text)
    ETH_WKUP_IRQHandler                      0x08000293   Thumb Code     0  startup_stm32f429xx.o(.text)
    EXTI0_IRQHandler                         0x08000293   Thumb Code     0  startup_stm32f429xx.o(.text)
    EXTI15_10_IRQHandler                     0x08000293   Thumb Code     0  startup_stm32f429xx.o(.text)
    EXTI1_IRQHandler                         0x08000293   Thumb Code     0  startup_stm32f429xx.o(.text)
    EXTI2_IRQHandler                         0x08000293   Thumb Code     0  startup_stm32f429xx.o(.text)
    EXTI3_IRQHandler                         0x08000293   Thumb Code     0  startup_stm32f429xx.o(.text)
    EXTI4_IRQHandler                         0x08000293   Thumb Code     0  startup_stm32f429xx.o(.text)
    EXTI9_5_IRQHandler                       0x08000293   Thumb Code     0  startup_stm32f429xx.o(.text)
    FLASH_IRQHandler                         0x08000293   Thumb Code     0  startup_stm32f429xx.o(.text)
    FMC_IRQHandler                           0x08000293   Thumb Code     0  startup_stm32f429xx.o(.text)
    FPU_IRQHandler                           0x08000293   Thumb Code     0  startup_stm32f429xx.o(.text)
    HASH_RNG_IRQHandler                      0x08000293   Thumb Code     0  startup_stm32f429xx.o(.text)
    I2C1_ER_IRQHandler                       0x08000293   Thumb Code     0  startup_stm32f429xx.o(.text)
    I2C1_EV_IRQHandler                       0x08000293   Thumb Code     0  startup_stm32f429xx.o(.text)
    I2C2_ER_IRQHandler                       0x08000293   Thumb Code     0  startup_stm32f429xx.o(.text)
    I2C2_EV_IRQHandler                       0x08000293   Thumb Code     0  startup_stm32f429xx.o(.text)
    I2C3_ER_IRQHandler                       0x08000293   Thumb Code     0  startup_stm32f429xx.o(.text)
    I2C3_EV_IRQHandler                       0x08000293   Thumb Code     0  startup_stm32f429xx.o(.text)
    LTDC_ER_IRQHandler                       0x08000293   Thumb Code     0  startup_stm32f429xx.o(.text)
    LTDC_IRQHandler                          0x08000293   Thumb Code     0  startup_stm32f429xx.o(.text)
    OTG_FS_IRQHandler                        0x08000293   Thumb Code     0  startup_stm32f429xx.o(.text)
    OTG_FS_WKUP_IRQHandler                   0x08000293   Thumb Code     0  startup_stm32f429xx.o(.text)
    OTG_HS_EP1_IN_IRQHandler                 0x08000293   Thumb Code     0  startup_stm32f429xx.o(.text)
    OTG_HS_EP1_OUT_IRQHandler                0x08000293   Thumb Code     0  startup_stm32f429xx.o(.text)
    OTG_HS_IRQHandler                        0x08000293   Thumb Code     0  startup_stm32f429xx.o(.text)
    OTG_HS_WKUP_IRQHandler                   0x08000293   Thumb Code     0  startup_stm32f429xx.o(.text)
    PVD_IRQHandler                           0x08000293   Thumb Code     0  startup_stm32f429xx.o(.text)
    RCC_IRQHandler                           0x08000293   Thumb Code     0  startup_stm32f429xx.o(.text)
    RTC_Alarm_IRQHandler                     0x08000293   Thumb Code     0  startup_stm32f429xx.o(.text)
    RTC_WKUP_IRQHandler                      0x08000293   Thumb Code     0  startup_stm32f429xx.o(.text)
    SAI1_IRQHandler                          0x08000293   Thumb Code     0  startup_stm32f429xx.o(.text)
    SDIO_IRQHandler                          0x08000293   Thumb Code     0  startup_stm32f429xx.o(.text)
    SPI1_IRQHandler                          0x08000293   Thumb Code     0  startup_stm32f429xx.o(.text)
    SPI2_IRQHandler                          0x08000293   Thumb Code     0  startup_stm32f429xx.o(.text)
    SPI3_IRQHandler                          0x08000293   Thumb Code     0  startup_stm32f429xx.o(.text)
    SPI4_IRQHandler                          0x08000293   Thumb Code     0  startup_stm32f429xx.o(.text)
    SPI5_IRQHandler                          0x08000293   Thumb Code     0  startup_stm32f429xx.o(.text)
    SPI6_IRQHandler                          0x08000293   Thumb Code     0  startup_stm32f429xx.o(.text)
    TAMP_STAMP_IRQHandler                    0x08000293   Thumb Code     0  startup_stm32f429xx.o(.text)
    TIM1_BRK_TIM9_IRQHandler                 0x08000293   Thumb Code     0  startup_stm32f429xx.o(.text)
    TIM1_CC_IRQHandler                       0x08000293   Thumb Code     0  startup_stm32f429xx.o(.text)
    TIM1_TRG_COM_TIM11_IRQHandler            0x08000293   Thumb Code     0  startup_stm32f429xx.o(.text)
    TIM1_UP_TIM10_IRQHandler                 0x08000293   Thumb Code     0  startup_stm32f429xx.o(.text)
    TIM5_IRQHandler                          0x08000293   Thumb Code     0  startup_stm32f429xx.o(.text)
    TIM6_DAC_IRQHandler                      0x08000293   Thumb Code     0  startup_stm32f429xx.o(.text)
    TIM7_IRQHandler                          0x08000293   Thumb Code     0  startup_stm32f429xx.o(.text)
    TIM8_BRK_TIM12_IRQHandler                0x08000293   Thumb Code     0  startup_stm32f429xx.o(.text)
    TIM8_CC_IRQHandler                       0x08000293   Thumb Code     0  startup_stm32f429xx.o(.text)
    TIM8_TRG_COM_TIM14_IRQHandler            0x08000293   Thumb Code     0  startup_stm32f429xx.o(.text)
    TIM8_UP_TIM13_IRQHandler                 0x08000293   Thumb Code     0  startup_stm32f429xx.o(.text)
    UART4_IRQHandler                         0x08000293   Thumb Code     0  startup_stm32f429xx.o(.text)
    UART5_IRQHandler                         0x08000293   Thumb Code     0  startup_stm32f429xx.o(.text)
    UART7_IRQHandler                         0x08000293   Thumb Code     0  startup_stm32f429xx.o(.text)
    UART8_IRQHandler                         0x08000293   Thumb Code     0  startup_stm32f429xx.o(.text)
    USART1_IRQHandler                        0x08000293   Thumb Code     0  startup_stm32f429xx.o(.text)
    USART2_IRQHandler                        0x08000293   Thumb Code     0  startup_stm32f429xx.o(.text)
    USART6_IRQHandler                        0x08000293   Thumb Code     0  startup_stm32f429xx.o(.text)
    WWDG_IRQHandler                          0x08000293   Thumb Code     0  startup_stm32f429xx.o(.text)
    __user_initial_stackheap                 0x08000295   Thumb Code     0  startup_stm32f429xx.o(.text)
    __use_two_region_memory                  0x080002b9   Thumb Code     2  heapauxi.o(.text)
    __rt_heap_escrow$2region                 0x080002bb   Thumb Code     2  heapauxi.o(.text)
    __rt_heap_expand$2region                 0x080002bd   Thumb Code     2  heapauxi.o(.text)
    __user_libspace                          0x080002c1   Thumb Code     8  libspace.o(.text)
    __user_perproc_libspace                  0x080002c1   Thumb Code     0  libspace.o(.text)
    __user_perthread_libspace                0x080002c1   Thumb Code     0  libspace.o(.text)
    __user_setup_stackheap                   0x080002c9   Thumb Code    74  sys_stackheap_outer.o(.text)
    exit                                     0x08000313   Thumb Code    18  exit.o(.text)
    _sys_exit                                0x08000325   Thumb Code     8  sys_exit.o(.text)
    __I$use$semihosting                      0x08000331   Thumb Code     0  use_no_semi.o(.text)
    __use_no_semihosting_swi                 0x08000331   Thumb Code     2  use_no_semi.o(.text)
    __semihosting_library_function           0x08000333   Thumb Code     0  indicate_semi.o(.text)
    GPIO_Init                                0x08000335   Thumb Code    82  segments.o(.text.GPIO_Init)
    Hold_Blue_LED                            0x08000389   Thumb Code    18  timer.o(.text.Hold_Blue_LED)
    I2C2_Address                             0x0800039d   Thumb Code    56  i2c.o(.text.I2C2_Address)
    I2C2_Config                              0x080003d5   Thumb Code   186  i2c.o(.text.I2C2_Config)
    I2C2_Read                                0x08000491   Thumb Code   242  i2c.o(.text.I2C2_Read)
    I2C2_Start                               0x08000585   Thumb Code    46  i2c.o(.text.I2C2_Start)
    I2C2_Stop                                0x080005b5   Thumb Code    18  i2c.o(.text.I2C2_Stop)
    I2C2_Write                               0x080005c9   Thumb Code    68  i2c.o(.text.I2C2_Write)
    Init_Timer2                              0x0800060d   Thumb Code   114  timer.o(.text.Init_Timer2)
    Init_Timer3                              0x08000681   Thumb Code   146  timer.o(.text.Init_Timer3)
    Init_Timer4                              0x08000715   Thumb Code   134  timer.o(.text.Init_Timer4)
    LCD_home                                 0x0800079d   Thumb Code    10  lcd.o(.text.LCD_home)
    LCD_strobe                               0x080007a9   Thumb Code    46  lcd.o(.text.LCD_strobe)
    LED_INIT                                 0x080007d9   Thumb Code   124  led.o(.text.LED_INIT)
    MPU6050_Init                             0x08000855   Thumb Code   116  mpu_stuff.o(.text.MPU6050_Init)
    MPU6050_Read_Accel                       0x080008c9   Thumb Code   248  mpu_stuff.o(.text.MPU6050_Read_Accel)
    MPU_Read                                 0x080009c9   Thumb Code    68  i2c.o(.text.MPU_Read)
    MPU_Write                                0x08000a0d   Thumb Code    52  i2c.o(.text.MPU_Write)
    RGB_main                                 0x08000a41   Thumb Code    38  rgb_bar.o(.text.RGB_main)
    SystemCoreClockUpdate                    0x08000a69   Thumb Code   302  system_stm32f4xx.o(.text.SystemCoreClockUpdate)
    SystemInit                               0x08000b99   Thumb Code   110  system_stm32f4xx.o(.text.SystemInit)
    TIM2_IRQHandler                          0x08000c09   Thumb Code   128  timer.o(.text.TIM2_IRQHandler)
    TIM3Delay                                0x08000c89   Thumb Code    58  timer.o(.text.TIM3Delay)
    TIM3_IRQHandler                          0x08000cc5   Thumb Code    50  timer.o(.text.TIM3_IRQHandler)
    TIM4_IRQHandler                          0x08000cf9   Thumb Code    54  timer.o(.text.TIM4_IRQHandler)
    Toggle_LED                               0x08000d31   Thumb Code   194  led.o(.text.Toggle_LED)
    USART3_IRQHandler                        0x08000df5   Thumb Code   156  usart.o(.text.USART3_IRQHandler)
    USART_SendData                           0x08000e91   Thumb Code    46  usart.o(.text.USART_SendData)
    USART_SendString                         0x08000ec1   Thumb Code    60  usart.o(.text.USART_SendString)
    WaitLCDBusy                              0x08000efd   Thumb Code   112  lcd.o(.text.WaitLCDBusy)
    clear_terminal                           0x08000fcd   Thumb Code    16  usart.o(.text.clear_terminal)
    cmdLCD                                   0x08000fdd   Thumb Code    48  lcd.o(.text.cmdLCD)
    comparestrings                           0x0800100d   Thumb Code   118  usart.o(.text.comparestrings)
    control_RGB_Bar                          0x08001085   Thumb Code   264  rgb_bar.o(.text.control_RGB_Bar)
    displayDigit                             0x0800118d   Thumb Code   120  segments.o(.text.displayDigit)
    heart_rate_main                          0x08001205   Thumb Code   368  heart rate.o(.text.heart_rate_main)
    initBuzz                                 0x08001379   Thumb Code    90  buzz.o(.text.initBuzz)
    initLCD8                                 0x080013d5   Thumb Code   142  lcd.o(.text.initLCD8)
    init_ADC                                 0x08001465   Thumb Code   158  adc.o(.text.init_ADC)
    init_ADC_PA0                             0x08001505   Thumb Code    86  rgb_bar.o(.text.init_ADC_PA0)
    init_DAC                                 0x0800155d   Thumb Code   102  dac.o(.text.init_DAC)
    init_DAC2                                0x080015c5   Thumb Code    34  rgb_bar.o(.text.init_DAC2)
    init_GPIO_RGB_Bar                        0x080015e9   Thumb Code    94  rgb_bar.o(.text.init_GPIO_RGB_Bar)
    init_USART                               0x08001649   Thumb Code   340  usart.o(.text.init_USART)
    lcd_delayus                              0x0800179d   Thumb Code    80  lcd.o(.text.lcd_delayus)
    main                                     0x080017ed   Thumb Code    44  main.o(.text.main)
    output_dac1                              0x08001819   Thumb Code    24  dac.o(.text.output_dac1)
    process_USART_Input                      0x08001831   Thumb Code   442  procecess_usart.o(.text.process_USART_Input)
    putLCD                                   0x080019ed   Thumb Code    48  lcd.o(.text.putLCD)
    read_ADC_PA0                             0x08001a1d   Thumb Code    52  rgb_bar.o(.text.read_ADC_PA0)
    read_adc                                 0x08001a51   Thumb Code    68  adc.o(.text.read_adc)
    seg_main                                 0x08001a95   Thumb Code    30  segments.o(.text.seg_main)
    set_LCD_data                             0x08001ab5   Thumb Code    30  lcd.o(.text.set_LCD_data)
    stringLCD                                0x08001ad5   Thumb Code   132  lcd.o(.text.stringLCD)
    __aeabi_d2f                              0x08001b59   Thumb Code     0  d2f.o(x$fpl$d2f)
    _d2f                                     0x08001b59   Thumb Code    98  d2f.o(x$fpl$d2f)
    __aeabi_ddiv                             0x08001bbd   Thumb Code     0  ddiv.o(x$fpl$ddiv)
    _ddiv                                    0x08001bbd   Thumb Code   560  ddiv.o(x$fpl$ddiv)
    __aeabi_i2d                              0x08001e75   Thumb Code     0  dflt_clz.o(x$fpl$dflt)
    _dflt                                    0x08001e75   Thumb Code    46  dflt_clz.o(x$fpl$dflt)
    __fpl_dnaninf                            0x08001ea3   Thumb Code   156  dnaninf.o(x$fpl$dnaninf)
    __fpl_dretinf                            0x08001f3f   Thumb Code    12  dretinf.o(x$fpl$dretinf)
    _fp_init                                 0x08001f4b   Thumb Code    26  fpinit.o(x$fpl$fpinit)
    __fplib_config_fpu_vfp                   0x08001f63   Thumb Code     0  fpinit.o(x$fpl$fpinit)
    __fplib_config_pureend_doubles           0x08001f63   Thumb Code     0  fpinit.o(x$fpl$fpinit)
    __fpl_fretinf                            0x08001f65   Thumb Code    10  fretinf.o(x$fpl$fretinf)
    AHBPrescTable                            0x08001f6e   Data          16  system_stm32f4xx.o(.rodata.AHBPrescTable)
    __I$use$fp                               0x08001f6e   Number         0  usenofp.o(x$fpl$usenofp)
    Region$$Table$$Base                      0x080020e8   Number         0  anon$$obj.o(Region$$Table)
    Region$$Table$$Limit                     0x08002108   Number         0  anon$$obj.o(Region$$Table)
    SystemCoreClock                          0x20000000   Data           4  system_stm32f4xx.o(.data.SystemCoreClock)
    __libspace_start                         0x20000008   Data          96  libspace.o(.bss)
    ADC_DATA                                 0x20000068   Data           2  timer.o(.bss.ADC_DATA)
    __temporary_stack_top$libspace           0x20000068   Data           0  libspace.o(.bss)
    ADC_DATA_RGB                             0x2000006a   Data           2  rgb_bar.o(.bss.ADC_DATA_RGB)
    ADCcounter                               0x2000006c   Data           4  timer.o(.bss.ADCcounter)
    ADCout                                   0x20000070   Data       15000  timer.o(.bss.ADCout)
    Accel_X_RAW                              0x20003b08   Data           2  main.o(.bss.Accel_X_RAW)
    Accel_Y_RAW                              0x20003b0a   Data           2  main.o(.bss.Accel_Y_RAW)
    Accel_Z_RAW                              0x20003b0c   Data           2  main.o(.bss.Accel_Z_RAW)
    Ax                                       0x20003b10   Data           4  main.o(.bss.Ax)
    Ay                                       0x20003b14   Data           4  main.o(.bss.Ay)
    Az                                       0x20003b18   Data           4  main.o(.bss.Az)
    check                                    0x20003b1c   Data           1  main.o(.bss.check)
    messageReady                             0x20003b1d   Data           1  usart.o(.bss.messageReady)
    msTime                                   0x20003b20   Data           4  timer.o(.bss.msTime)
    rxBuffer                                 0x20003b24   Data         100  usart.o(.bss.rxBuffer)
    rxIndex                                  0x20003b88   Data           1  usart.o(.bss.rxIndex)



==============================================================================

Memory Map of the image

  Image Entry point : 0x08000279

  Load Region LR_1 (Base: 0x08000000, Size: 0x0000210c, Max: 0xffffffff, ABSOLUTE)

    Execution Region ER_RO (Exec base: 0x08000000, Load base: 0x08000000, Size: 0x00002108, Max: 0xffffffff, ABSOLUTE)

    Exec Addr    Load Addr    Size         Type   Attr      Idx    E Section Name        Object

    0x08000000   0x08000000   0x000001ac   Data   RO          317    RESET               startup_stm32f429xx.o
    0x080001ac   0x080001ac   0x00000008   Code   RO          345  * !!!main             c_w.l(__main.o)
    0x080001b4   0x080001b4   0x0000005c   Code   RO          767    !!!scatter          c_w.l(__scatter.o)
    0x08000210   0x08000210   0x0000001a   Code   RO          771    !!handler_copy      c_w.l(__scatter_copy.o)
    0x0800022a   0x0800022a   0x00000002   PAD
    0x0800022c   0x0800022c   0x00000002   Code   RO          768    !!handler_null      c_w.l(__scatter.o)
    0x0800022e   0x0800022e   0x00000002   PAD
    0x08000230   0x08000230   0x0000001c   Code   RO          773    !!handler_zi        c_w.l(__scatter_zi.o)
    0x0800024c   0x0800024c   0x00000002   Code   RO          621    .ARM.Collect$$libinit$$00000000  c_w.l(libinit.o)
    0x0800024e   0x0800024e   0x00000004   Code   RO          633    .ARM.Collect$$libinit$$00000001  c_w.l(libinit2.o)
    0x08000252   0x08000252   0x00000000   Code   RO          636    .ARM.Collect$$libinit$$00000004  c_w.l(libinit2.o)
    0x08000252   0x08000252   0x00000000   Code   RO          638    .ARM.Collect$$libinit$$00000006  c_w.l(libinit2.o)
    0x08000252   0x08000252   0x00000000   Code   RO          641    .ARM.Collect$$libinit$$0000000C  c_w.l(libinit2.o)
    0x08000252   0x08000252   0x00000000   Code   RO          643    .ARM.Collect$$libinit$$0000000E  c_w.l(libinit2.o)
    0x08000252   0x08000252   0x00000000   Code   RO          645    .ARM.Collect$$libinit$$00000010  c_w.l(libinit2.o)
    0x08000252   0x08000252   0x00000000   Code   RO          648    .ARM.Collect$$libinit$$00000013  c_w.l(libinit2.o)
    0x08000252   0x08000252   0x00000000   Code   RO          650    .ARM.Collect$$libinit$$00000015  c_w.l(libinit2.o)
    0x08000252   0x08000252   0x00000000   Code   RO          652    .ARM.Collect$$libinit$$00000017  c_w.l(libinit2.o)
    0x08000252   0x08000252   0x00000000   Code   RO          654    .ARM.Collect$$libinit$$00000019  c_w.l(libinit2.o)
    0x08000252   0x08000252   0x00000000   Code   RO          656    .ARM.Collect$$libinit$$0000001B  c_w.l(libinit2.o)
    0x08000252   0x08000252   0x00000000   Code   RO          658    .ARM.Collect$$libinit$$0000001D  c_w.l(libinit2.o)
    0x08000252   0x08000252   0x00000000   Code   RO          660    .ARM.Collect$$libinit$$0000001F  c_w.l(libinit2.o)
    0x08000252   0x08000252   0x00000000   Code   RO          662    .ARM.Collect$$libinit$$00000021  c_w.l(libinit2.o)
    0x08000252   0x08000252   0x00000000   Code   RO          664    .ARM.Collect$$libinit$$00000023  c_w.l(libinit2.o)
    0x08000252   0x08000252   0x00000000   Code   RO          666    .ARM.Collect$$libinit$$00000025  c_w.l(libinit2.o)
    0x08000252   0x08000252   0x00000000   Code   RO          668    .ARM.Collect$$libinit$$00000027  c_w.l(libinit2.o)
    0x08000252   0x08000252   0x00000000   Code   RO          672    .ARM.Collect$$libinit$$0000002E  c_w.l(libinit2.o)
    0x08000252   0x08000252   0x00000000   Code   RO          674    .ARM.Collect$$libinit$$00000030  c_w.l(libinit2.o)
    0x08000252   0x08000252   0x00000000   Code   RO          676    .ARM.Collect$$libinit$$00000032  c_w.l(libinit2.o)
    0x08000252   0x08000252   0x00000000   Code   RO          678    .ARM.Collect$$libinit$$00000034  c_w.l(libinit2.o)
    0x08000252   0x08000252   0x00000002   Code   RO          679    .ARM.Collect$$libinit$$00000035  c_w.l(libinit2.o)
    0x08000254   0x08000254   0x00000002   Code   RO          703    .ARM.Collect$$libshutdown$$00000000  c_w.l(libshutdown.o)
    0x08000256   0x08000256   0x00000000   Code   RO          718    .ARM.Collect$$libshutdown$$00000002  c_w.l(libshutdown2.o)
    0x08000256   0x08000256   0x00000000   Code   RO          720    .ARM.Collect$$libshutdown$$00000004  c_w.l(libshutdown2.o)
    0x08000256   0x08000256   0x00000000   Code   RO          723    .ARM.Collect$$libshutdown$$00000007  c_w.l(libshutdown2.o)
    0x08000256   0x08000256   0x00000000   Code   RO          726    .ARM.Collect$$libshutdown$$0000000A  c_w.l(libshutdown2.o)
    0x08000256   0x08000256   0x00000000   Code   RO          728    .ARM.Collect$$libshutdown$$0000000C  c_w.l(libshutdown2.o)
    0x08000256   0x08000256   0x00000000   Code   RO          731    .ARM.Collect$$libshutdown$$0000000F  c_w.l(libshutdown2.o)
    0x08000256   0x08000256   0x00000002   Code   RO          732    .ARM.Collect$$libshutdown$$00000010  c_w.l(libshutdown2.o)
    0x08000258   0x08000258   0x00000000   Code   RO          392    .ARM.Collect$$rtentry$$00000000  c_w.l(__rtentry.o)
    0x08000258   0x08000258   0x00000000   Code   RO          527    .ARM.Collect$$rtentry$$00000002  c_w.l(__rtentry2.o)
    0x08000258   0x08000258   0x00000006   Code   RO          539    .ARM.Collect$$rtentry$$00000004  c_w.l(__rtentry4.o)
    0x0800025e   0x0800025e   0x00000000   Code   RO          529    .ARM.Collect$$rtentry$$00000009  c_w.l(__rtentry2.o)
    0x0800025e   0x0800025e   0x00000004   Code   RO          530    .ARM.Collect$$rtentry$$0000000A  c_w.l(__rtentry2.o)
    0x08000262   0x08000262   0x00000000   Code   RO          532    .ARM.Collect$$rtentry$$0000000C  c_w.l(__rtentry2.o)
    0x08000262   0x08000262   0x00000008   Code   RO          533    .ARM.Collect$$rtentry$$0000000D  c_w.l(__rtentry2.o)
    0x0800026a   0x0800026a   0x00000002   Code   RO          626    .ARM.Collect$$rtexit$$00000000  c_w.l(rtexit.o)
    0x0800026c   0x0800026c   0x00000000   Code   RO          681    .ARM.Collect$$rtexit$$00000002  c_w.l(rtexit2.o)
    0x0800026c   0x0800026c   0x00000004   Code   RO          682    .ARM.Collect$$rtexit$$00000003  c_w.l(rtexit2.o)
    0x08000270   0x08000270   0x00000006   Code   RO          683    .ARM.Collect$$rtexit$$00000004  c_w.l(rtexit2.o)
    0x08000276   0x08000276   0x00000002   PAD
    0x08000278   0x08000278   0x00000040   Code   RO          318  * .text               startup_stm32f429xx.o
    0x080002b8   0x080002b8   0x00000006   Code   RO          343    .text               c_w.l(heapauxi.o)
    0x080002be   0x080002be   0x00000002   PAD
    0x080002c0   0x080002c0   0x00000008   Code   RO          570    .text               c_w.l(libspace.o)
    0x080002c8   0x080002c8   0x0000004a   Code   RO          573    .text               c_w.l(sys_stackheap_outer.o)
    0x08000312   0x08000312   0x00000012   Code   RO          614    .text               c_w.l(exit.o)
    0x08000324   0x08000324   0x0000000c   Code   RO          693    .text               c_w.l(sys_exit.o)
    0x08000330   0x08000330   0x00000002   Code   RO          708    .text               c_w.l(use_no_semi.o)
    0x08000332   0x08000332   0x00000000   Code   RO          710    .text               c_w.l(indicate_semi.o)
    0x08000332   0x08000332   0x00000002   PAD
    0x08000334   0x08000334   0x00000052   Code   RO          171    .text.GPIO_Init     segments.o
    0x08000386   0x08000386   0x00000002   PAD
    0x08000388   0x08000388   0x00000012   Code   RO          252    .text.Hold_Blue_LED  timer.o
    0x0800039a   0x0800039a   0x00000002   PAD
    0x0800039c   0x0800039c   0x00000038   Code   RO          188    .text.I2C2_Address  i2c.o
    0x080003d4   0x080003d4   0x000000ba   Code   RO          184    .text.I2C2_Config   i2c.o
    0x0800048e   0x0800048e   0x00000002   PAD
    0x08000490   0x08000490   0x000000f2   Code   RO          194    .text.I2C2_Read     i2c.o
    0x08000582   0x08000582   0x00000002   PAD
    0x08000584   0x08000584   0x0000002e   Code   RO          186    .text.I2C2_Start    i2c.o
    0x080005b2   0x080005b2   0x00000002   PAD
    0x080005b4   0x080005b4   0x00000012   Code   RO          192    .text.I2C2_Stop     i2c.o
    0x080005c6   0x080005c6   0x00000002   PAD
    0x080005c8   0x080005c8   0x00000044   Code   RO          190    .text.I2C2_Write    i2c.o
    0x0800060c   0x0800060c   0x00000072   Code   RO          254    .text.Init_Timer2   timer.o
    0x0800067e   0x0800067e   0x00000002   PAD
    0x08000680   0x08000680   0x00000092   Code   RO          258    .text.Init_Timer3   timer.o
    0x08000712   0x08000712   0x00000002   PAD
    0x08000714   0x08000714   0x00000086   Code   RO          266    .text.Init_Timer4   timer.o
    0x0800079a   0x0800079a   0x00000002   PAD
    0x0800079c   0x0800079c   0x0000000a   Code   RO           47    .text.LCD_home      lcd.o
    0x080007a6   0x080007a6   0x00000002   PAD
    0x080007a8   0x080007a8   0x0000002e   Code   RO           45    .text.LCD_strobe    lcd.o
    0x080007d6   0x080007d6   0x00000002   PAD
    0x080007d8   0x080007d8   0x0000007c   Code   RO          120    .text.LED_INIT      led.o
    0x08000854   0x08000854   0x00000074   Code   RO          207    .text.MPU6050_Init  mpu_stuff.o
    0x080008c8   0x080008c8   0x00000100   Code   RO          209    .text.MPU6050_Read_Accel  mpu_stuff.o
    0x080009c8   0x080009c8   0x00000044   Code   RO          198    .text.MPU_Read      i2c.o
    0x08000a0c   0x08000a0c   0x00000034   Code   RO          196    .text.MPU_Write     i2c.o
    0x08000a40   0x08000a40   0x00000026   Code   RO          151    .text.RGB_main      rgb_bar.o
    0x08000a66   0x08000a66   0x00000002   PAD
    0x08000a68   0x08000a68   0x0000012e   Code   RO          327    .text.SystemCoreClockUpdate  system_stm32f4xx.o
    0x08000b96   0x08000b96   0x00000002   PAD
    0x08000b98   0x08000b98   0x0000006e   Code   RO          325    .text.SystemInit    system_stm32f4xx.o
    0x08000c06   0x08000c06   0x00000002   PAD
    0x08000c08   0x08000c08   0x00000080   Code   RO          256    .text.TIM2_IRQHandler  timer.o
    0x08000c88   0x08000c88   0x0000003a   Code   RO          264    .text.TIM3Delay     timer.o
    0x08000cc2   0x08000cc2   0x00000002   PAD
    0x08000cc4   0x08000cc4   0x00000032   Code   RO          262    .text.TIM3_IRQHandler  timer.o
    0x08000cf6   0x08000cf6   0x00000002   PAD
    0x08000cf8   0x08000cf8   0x00000036   Code   RO          268    .text.TIM4_IRQHandler  timer.o
    0x08000d2e   0x08000d2e   0x00000002   PAD
    0x08000d30   0x08000d30   0x000000c2   Code   RO          130    .text.Toggle_LED    led.o
    0x08000df2   0x08000df2   0x00000002   PAD
    0x08000df4   0x08000df4   0x0000009c   Code   RO          228    .text.USART3_IRQHandler  usart.o
    0x08000e90   0x08000e90   0x0000002e   Code   RO          226    .text.USART_SendData  usart.o
    0x08000ebe   0x08000ebe   0x00000002   PAD
    0x08000ec0   0x08000ec0   0x0000003c   Code   RO          224    .text.USART_SendString  usart.o
    0x08000efc   0x08000efc   0x00000070   Code   RO           41    .text.WaitLCDBusy   lcd.o
    0x08000f6c   0x08000f6c   0x00000030   Code   RO          220    .text.__NVIC_EnableIRQ  usart.o
    0x08000f9c   0x08000f9c   0x00000030   Code   RO          260    .text.__NVIC_EnableIRQ  timer.o
    0x08000fcc   0x08000fcc   0x00000010   Code   RO          222    .text.clear_terminal  usart.o
    0x08000fdc   0x08000fdc   0x00000030   Code   RO           49    .text.cmdLCD        lcd.o
    0x0800100c   0x0800100c   0x00000076   Code   RO          234    .text.comparestrings  usart.o
    0x08001082   0x08001082   0x00000002   PAD
    0x08001084   0x08001084   0x00000108   Code   RO          141    .text.control_RGB_Bar  rgb_bar.o
    0x0800118c   0x0800118c   0x00000078   Code   RO          173    .text.displayDigit  segments.o
    0x08001204   0x08001204   0x00000174   Code   RO          298    .text.heart_rate_main  heart rate.o
    0x08001378   0x08001378   0x0000005a   Code   RO           99    .text.initBuzz      buzz.o
    0x080013d2   0x080013d2   0x00000002   PAD
    0x080013d4   0x080013d4   0x0000008e   Code   RO           65    .text.initLCD8      lcd.o
    0x08001462   0x08001462   0x00000002   PAD
    0x08001464   0x08001464   0x0000009e   Code   RO           88    .text.init_ADC      adc.o
    0x08001502   0x08001502   0x00000002   PAD
    0x08001504   0x08001504   0x00000056   Code   RO          143    .text.init_ADC_PA0  rgb_bar.o
    0x0800155a   0x0800155a   0x00000002   PAD
    0x0800155c   0x0800155c   0x00000066   Code   RO           75    .text.init_DAC      dac.o
    0x080015c2   0x080015c2   0x00000002   PAD
    0x080015c4   0x080015c4   0x00000022   Code   RO          147    .text.init_DAC2     rgb_bar.o
    0x080015e6   0x080015e6   0x00000002   PAD
    0x080015e8   0x080015e8   0x0000005e   Code   RO          139    .text.init_GPIO_RGB_Bar  rgb_bar.o
    0x08001646   0x08001646   0x00000002   PAD
    0x08001648   0x08001648   0x00000154   Code   RO          218    .text.init_USART    usart.o
    0x0800179c   0x0800179c   0x00000050   Code   RO           39    .text.lcd_delayus   lcd.o
    0x080017ec   0x080017ec   0x0000002c   Code   RO            2    .text.main          main.o
    0x08001818   0x08001818   0x00000018   Code   RO           77    .text.output_dac1   dac.o
    0x08001830   0x08001830   0x000001ba   Code   RO          307    .text.process_USART_Input  procecess_usart.o
    0x080019ea   0x080019ea   0x00000002   PAD
    0x080019ec   0x080019ec   0x00000030   Code   RO           51    .text.putLCD        lcd.o
    0x08001a1c   0x08001a1c   0x00000034   Code   RO          145    .text.read_ADC_PA0  rgb_bar.o
    0x08001a50   0x08001a50   0x00000044   Code   RO           90    .text.read_adc      adc.o
    0x08001a94   0x08001a94   0x0000001e   Code   RO          175    .text.seg_main      segments.o
    0x08001ab2   0x08001ab2   0x00000002   PAD
    0x08001ab4   0x08001ab4   0x0000001e   Code   RO           43    .text.set_LCD_data  lcd.o
    0x08001ad2   0x08001ad2   0x00000002   PAD
    0x08001ad4   0x08001ad4   0x00000084   Code   RO           53    .text.stringLCD     lcd.o
    0x08001b58   0x08001b58   0x00000062   Code   RO          347    x$fpl$d2f           fz_wm.l(d2f.o)
    0x08001bba   0x08001bba   0x00000002   PAD
    0x08001bbc   0x08001bbc   0x000002b8   Code   RO          356    x$fpl$ddiv          fz_wm.l(ddiv.o)
    0x08001e74   0x08001e74   0x0000002e   Code   RO          364    x$fpl$dflt          fz_wm.l(dflt_clz.o)
    0x08001ea2   0x08001ea2   0x0000009c   Code   RO          490    x$fpl$dnaninf       fz_wm.l(dnaninf.o)
    0x08001f3e   0x08001f3e   0x0000000c   Code   RO          492    x$fpl$dretinf       fz_wm.l(dretinf.o)
    0x08001f4a   0x08001f4a   0x0000001a   Code   RO          691    x$fpl$fpinit        fz_wm.l(fpinit.o)
    0x08001f64   0x08001f64   0x0000000a   Code   RO          498    x$fpl$fretinf       fz_wm.l(fretinf.o)
    0x08001f6e   0x08001f6e   0x00000000   Code   RO          508    x$fpl$usenofp       fz_wm.l(usenofp.o)
    0x08001f6e   0x08001f6e   0x00000010   Data   RO          330    .rodata.AHBPrescTable  system_stm32f4xx.o
    0x08001f7e   0x08001f7e   0x000000a8   Data   RO          240    .rodata.str1.1      usart.o
    0x08002026   0x08002026   0x00000015   Data   RO          278    .rodata.str1.1      timer.o
    0x0800203b   0x0800203b   0x00000013   Data   RO          300    .rodata.str1.1      heart rate.o
    0x0800204e   0x0800204e   0x00000097   Data   RO          309    .rodata.str1.1      procecess_usart.o
    0x080020e5   0x080020e5   0x00000003   PAD
    0x080020e8   0x080020e8   0x00000020   Data   RO          766    Region$$Table       anon$$obj.o


    Execution Region ER_RW (Exec base: 0x20000000, Load base: 0x08002108, Size: 0x00000004, Max: 0xffffffff, ABSOLUTE)

    Exec Addr    Load Addr    Size         Type   Attr      Idx    E Section Name        Object

    0x20000000   0x08002108   0x00000004   Data   RW          329    .data.SystemCoreClock  system_stm32f4xx.o


    Execution Region ER_ZI (Exec base: 0x20000008, Load base: 0x0800210c, Size: 0x00004188, Max: 0xffffffff, ABSOLUTE)

    Exec Addr    Load Addr    Size         Type   Attr      Idx    E Section Name        Object

    0x20000008        -       0x00000060   Zero   RW          571    .bss                c_w.l(libspace.o)
    0x20000068        -       0x00000002   Zero   RW          275    .bss.ADC_DATA       timer.o
    0x2000006a        -       0x00000002   Zero   RW          162    .bss.ADC_DATA_RGB   rgb_bar.o
    0x2000006c        -       0x00000004   Zero   RW          274    .bss.ADCcounter     timer.o
    0x20000070        -       0x00003a98   Zero   RW          276    .bss.ADCout         timer.o
    0x20003b08        -       0x00000002   Zero   RW            5    .bss.Accel_X_RAW    main.o
    0x20003b0a        -       0x00000002   Zero   RW            6    .bss.Accel_Y_RAW    main.o
    0x20003b0c        -       0x00000002   Zero   RW            7    .bss.Accel_Z_RAW    main.o
    0x20003b0e   0x0800210c   0x00000002   PAD
    0x20003b10        -       0x00000004   Zero   RW           14    .bss.Ax             main.o
    0x20003b14        -       0x00000004   Zero   RW           15    .bss.Ay             main.o
    0x20003b18        -       0x00000004   Zero   RW           16    .bss.Az             main.o
    0x20003b1c        -       0x00000001   Zero   RW           17    .bss.check          main.o
    0x20003b1d        -       0x00000001   Zero   RW          239    .bss.messageReady   usart.o
    0x20003b1e   0x0800210c   0x00000002   PAD
    0x20003b20        -       0x00000004   Zero   RW          277    .bss.msTime         timer.o
    0x20003b24        -       0x00000064   Zero   RW          241    .bss.rxBuffer       usart.o
    0x20003b88        -       0x00000001   Zero   RW          238    .bss.rxIndex        usart.o
    0x20003b89   0x0800210c   0x00000007   PAD
    0x20003b90        -       0x00000200   Zero   RW          316    HEAP                startup_stm32f429xx.o
    0x20003d90        -       0x00000400   Zero   RW          315    STACK               startup_stm32f429xx.o


==============================================================================

Image component sizes


      Code (inc. data)   RO Data    RW Data    ZI Data      Debug   Object Name

       226          0          0          0          0       2291   adc.o
        90          0          0          0          0       2990   buzz.o
       126          0          0          0          0       2293   dac.o
       372          4         19          0          0        939   heart rate.o
       736          0          0          0          0       3162   i2c.o
       648          0          0          0          0       3868   lcd.o
       318          0          0          0          0       2447   led.o
        44          0          0          0         19       1120   main.o
       372          8          0          0          0        951   mpu_stuff.o
       442          0        151          0          0       1045   procecess_usart.o
       568          0          0          0          2       4445   rgb_bar.o
       232          0          0          0          0       2134   segments.o
        64         26        428          0       1536        936   startup_stm32f429xx.o
       412          0         16          4          0       2830   system_stm32f4xx.o
       750          0         21          0      15010       7605   timer.o
       784          0        168          0        102       7165   usart.o

    ----------------------------------------------------------------------
      6244         38        838          4      16680      46221   Object Totals
         0          0         32          0          0          0   (incl. Generated)
        60          0          3          0         11          0   (incl. Padding)

    ----------------------------------------------------------------------

      Code (inc. data)   RO Data    RW Data    ZI Data      Debug   Library Member Name

         8          0          0          0          0         68   __main.o
         0          0          0          0          0          0   __rtentry.o
        12          0          0          0          0          0   __rtentry2.o
         6          0          0          0          0          0   __rtentry4.o
        94          8          0          0          0          0   __scatter.o
        26          0          0          0          0          0   __scatter_copy.o
        28          0          0          0          0          0   __scatter_zi.o
        18          0          0          0          0         80   exit.o
         6          0          0          0          0        152   heapauxi.o
         0          0          0          0          0          0   indicate_semi.o
         2          0          0          0          0          0   libinit.o
         6          0          0          0          0          0   libinit2.o
         2          0          0          0          0          0   libshutdown.o
         2          0          0          0          0          0   libshutdown2.o
         8          4          0          0         96         68   libspace.o
         2          0          0          0          0          0   rtexit.o
        10          0          0          0          0          0   rtexit2.o
        12          4          0          0          0         68   sys_exit.o
        74          0          0          0          0         80   sys_stackheap_outer.o
         2          0          0          0          0         68   use_no_semi.o
        98          4          0          0          0        140   d2f.o
       696        140          0          0          0        264   ddiv.o
        46          0          0          0          0        116   dflt_clz.o
       156          4          0          0          0        140   dnaninf.o
        12          0          0          0          0        116   dretinf.o
        26          0          0          0          0        116   fpinit.o
        10          0          0          0          0        116   fretinf.o
         0          0          0          0          0          0   usenofp.o

    ----------------------------------------------------------------------
      1374        164          0          0         96       1592   Library Totals
        12          0          0          0          0          0   (incl. Padding)

    ----------------------------------------------------------------------

      Code (inc. data)   RO Data    RW Data    ZI Data      Debug   Library Name

       318         16          0          0         96        584   c_w.l
      1044        148          0          0          0       1008   fz_wm.l

    ----------------------------------------------------------------------
      1374        164          0          0         96       1592   Library Totals

    ----------------------------------------------------------------------

==============================================================================


      Code (inc. data)   RO Data    RW Data    ZI Data      Debug   

      7618        202        838          4      16776      46845   Grand Totals
      7618        202        838          4      16776      46845   ELF Image Totals
      7618        202        838          4          0          0   ROM Totals

==============================================================================

    Total RO  Size (Code + RO Data)                 8456 (   8.26kB)
    Total RW  Size (RW Data + ZI Data)             16780 (  16.39kB)
    Total ROM Size (Code + RO Data + RW Data)       8460 (   8.26kB)

==============================================================================

